<?xml version="1.0" encoding="UTF-8"?>
<testsuites>
  <testsuite name="CLI Arguments" tests="986" assertions="1992" errors="0" failures="0" skipped="0" time="0.160515">
    <testsuite name="GoSuccess\Digistore24\Api\Tests\Unit\DataTransferObject\AddonDataTest" file="D:\digistore24-api\tests\Unit\DataTransferObject\AddonDataTest.php" tests="6" assertions="20" errors="0" failures="0" skipped="0" time="0.008025">
      <testcase name="testCanCreateWithRequiredFields" file="D:\digistore24-api\tests\Unit\DataTransferObject\AddonDataTest.php" line="12" class="GoSuccess\Digistore24\Api\Tests\Unit\DataTransferObject\AddonDataTest" classname="GoSuccess.Digistore24.Api.Tests.Unit.DataTransferObject.AddonDataTest" assertions="4" time="0.005682"/>
      <testcase name="testCanCreateWithAllFields" file="D:\digistore24-api\tests\Unit\DataTransferObject\AddonDataTest.php" line="22" class="GoSuccess\Digistore24\Api\Tests\Unit\DataTransferObject\AddonDataTest" classname="GoSuccess.Digistore24.Api.Tests.Unit.DataTransferObject.AddonDataTest" assertions="4" time="0.000340"/>
      <testcase name="testQuantityMustBeAtLeastOne" file="D:\digistore24-api\tests\Unit\DataTransferObject\AddonDataTest.php" line="37" class="GoSuccess\Digistore24\Api\Tests\Unit\DataTransferObject\AddonDataTest" classname="GoSuccess.Digistore24.Api.Tests.Unit.DataTransferObject.AddonDataTest" assertions="2" time="0.000838"/>
      <testcase name="testToArrayWithMinimalData" file="D:\digistore24-api\tests\Unit\DataTransferObject\AddonDataTest.php" line="45" class="GoSuccess\Digistore24\Api\Tests\Unit\DataTransferObject\AddonDataTest" classname="GoSuccess.Digistore24.Api.Tests.Unit.DataTransferObject.AddonDataTest" assertions="4" time="0.000978"/>
      <testcase name="testToArrayWithAllData" file="D:\digistore24-api\tests\Unit\DataTransferObject\AddonDataTest.php" line="56" class="GoSuccess\Digistore24\Api\Tests\Unit\DataTransferObject\AddonDataTest" classname="GoSuccess.Digistore24.Api.Tests.Unit.DataTransferObject.AddonDataTest" assertions="4" time="0.000102"/>
      <testcase name="testIsQuantityEditableConvertsToYN" file="D:\digistore24-api\tests\Unit\DataTransferObject\AddonDataTest.php" line="72" class="GoSuccess\Digistore24\Api\Tests\Unit\DataTransferObject\AddonDataTest" classname="GoSuccess.Digistore24.Api.Tests.Unit.DataTransferObject.AddonDataTest" assertions="2" time="0.000085"/>
    </testsuite>
    <testsuite name="GoSuccess\Digistore24\Api\Tests\Unit\DataTransferObject\BuyerDataTest" file="D:\digistore24-api\tests\Unit\DataTransferObject\BuyerDataTest.php" tests="6" assertions="21" errors="0" failures="0" skipped="0" time="0.001325">
      <testcase name="testCanCreateWithValidEmail" file="D:\digistore24-api\tests\Unit\DataTransferObject\BuyerDataTest.php" line="15" class="GoSuccess\Digistore24\Api\Tests\Unit\DataTransferObject\BuyerDataTest" classname="GoSuccess.Digistore24.Api.Tests.Unit.DataTransferObject.BuyerDataTest" assertions="1" time="0.000831"/>
      <testcase name="testEmailValidationThrowsExceptionForInvalidEmail" file="D:\digistore24-api\tests\Unit\DataTransferObject\BuyerDataTest.php" line="23" class="GoSuccess\Digistore24\Api\Tests\Unit\DataTransferObject\BuyerDataTest" classname="GoSuccess.Digistore24.Api.Tests.Unit.DataTransferObject.BuyerDataTest" assertions="2" time="0.000120"/>
      <testcase name="testCountryIsAutoUppercased" file="D:\digistore24-api\tests\Unit\DataTransferObject\BuyerDataTest.php" line="32" class="GoSuccess\Digistore24\Api\Tests\Unit\DataTransferObject\BuyerDataTest" classname="GoSuccess.Digistore24.Api.Tests.Unit.DataTransferObject.BuyerDataTest" assertions="1" time="0.000088"/>
      <testcase name="testCountryValidationThrowsExceptionForInvalidLength" file="D:\digistore24-api\tests\Unit\DataTransferObject\BuyerDataTest.php" line="41" class="GoSuccess\Digistore24\Api\Tests\Unit\DataTransferObject\BuyerDataTest" classname="GoSuccess.Digistore24.Api.Tests.Unit.DataTransferObject.BuyerDataTest" assertions="2" time="0.000103"/>
      <testcase name="testCanSetAllOptionalFields" file="D:\digistore24-api\tests\Unit\DataTransferObject\BuyerDataTest.php" line="51" class="GoSuccess\Digistore24\Api\Tests\Unit\DataTransferObject\BuyerDataTest" classname="GoSuccess.Digistore24.Api.Tests.Unit.DataTransferObject.BuyerDataTest" assertions="12" time="0.000096"/>
      <testcase name="testOptionalFieldsCanBeNull" file="D:\digistore24-api\tests\Unit\DataTransferObject\BuyerDataTest.php" line="82" class="GoSuccess\Digistore24\Api\Tests\Unit\DataTransferObject\BuyerDataTest" classname="GoSuccess.Digistore24.Api.Tests.Unit.DataTransferObject.BuyerDataTest" assertions="3" time="0.000087"/>
    </testsuite>
    <testsuite name="GoSuccess\Digistore24\Api\Tests\Unit\DataTransferObject\PaymentPlanDataTest" file="D:\digistore24-api\tests\Unit\DataTransferObject\PaymentPlanDataTest.php" tests="6" assertions="20" errors="0" failures="0" skipped="0" time="0.000878">
      <testcase name="testCanCreateWithValidData" file="D:\digistore24-api\tests\Unit\DataTransferObject\PaymentPlanDataTest.php" line="15" class="GoSuccess\Digistore24\Api\Tests\Unit\DataTransferObject\PaymentPlanDataTest" classname="GoSuccess.Digistore24.Api.Tests.Unit.DataTransferObject.PaymentPlanDataTest" assertions="4" time="0.000445"/>
      <testcase name="testCurrencyIsAutoUppercased" file="D:\digistore24-api\tests\Unit\DataTransferObject\PaymentPlanDataTest.php" line="29" class="GoSuccess\Digistore24\Api\Tests\Unit\DataTransferObject\PaymentPlanDataTest" classname="GoSuccess.Digistore24.Api.Tests.Unit.DataTransferObject.PaymentPlanDataTest" assertions="1" time="0.000088"/>
      <testcase name="testCurrencyValidationThrowsExceptionForInvalidLength" file="D:\digistore24-api\tests\Unit\DataTransferObject\PaymentPlanDataTest.php" line="37" class="GoSuccess\Digistore24\Api\Tests\Unit\DataTransferObject\PaymentPlanDataTest" classname="GoSuccess.Digistore24.Api.Tests.Unit.DataTransferObject.PaymentPlanDataTest" assertions="2" time="0.000103"/>
      <testcase name="testAllFieldsCanBeNull" file="D:\digistore24-api\tests\Unit\DataTransferObject\PaymentPlanDataTest.php" line="46" class="GoSuccess\Digistore24\Api\Tests\Unit\DataTransferObject\PaymentPlanDataTest" classname="GoSuccess.Digistore24.Api.Tests.Unit.DataTransferObject.PaymentPlanDataTest" assertions="6" time="0.000080"/>
      <testcase name="testCanSetBillingIntervals" file="D:\digistore24-api\tests\Unit\DataTransferObject\PaymentPlanDataTest.php" line="58" class="GoSuccess\Digistore24\Api\Tests\Unit\DataTransferObject\PaymentPlanDataTest" classname="GoSuccess.Digistore24.Api.Tests.Unit.DataTransferObject.PaymentPlanDataTest" assertions="3" time="0.000083"/>
      <testcase name="testCanSetUpgradeFields" file="D:\digistore24-api\tests\Unit\DataTransferObject\PaymentPlanDataTest.php" line="70" class="GoSuccess\Digistore24\Api\Tests\Unit\DataTransferObject\PaymentPlanDataTest" classname="GoSuccess.Digistore24.Api.Tests.Unit.DataTransferObject.PaymentPlanDataTest" assertions="4" time="0.000079"/>
    </testsuite>
    <testsuite name="GoSuccess\Digistore24\Api\Tests\Unit\DataTransferObject\TrackingDataTest" file="D:\digistore24-api\tests\Unit\DataTransferObject\TrackingDataTest.php" tests="3" assertions="18" errors="0" failures="0" skipped="0" time="0.000585">
      <testcase name="testCanCreateWithAllFields" file="D:\digistore24-api\tests\Unit\DataTransferObject\TrackingDataTest.php" line="15" class="GoSuccess\Digistore24\Api\Tests\Unit\DataTransferObject\TrackingDataTest" classname="GoSuccess.Digistore24.Api.Tests.Unit.DataTransferObject.TrackingDataTest" assertions="10" time="0.000417"/>
      <testcase name="testAllFieldsCanBeNull" file="D:\digistore24-api\tests\Unit\DataTransferObject\TrackingDataTest.php" line="41" class="GoSuccess\Digistore24\Api\Tests\Unit\DataTransferObject\TrackingDataTest" classname="GoSuccess.Digistore24.Api.Tests.Unit.DataTransferObject.TrackingDataTest" assertions="4" time="0.000083"/>
      <testcase name="testCanSetOnlyUtmParameters" file="D:\digistore24-api\tests\Unit\DataTransferObject\TrackingDataTest.php" line="51" class="GoSuccess\Digistore24\Api\Tests\Unit\DataTransferObject\TrackingDataTest" classname="GoSuccess.Digistore24.Api.Tests.Unit.DataTransferObject.TrackingDataTest" assertions="4" time="0.000085"/>
    </testsuite>
    <testsuite name="GoSuccess\Digistore24\Api\Tests\Unit\Http\ResponseTest" file="D:\digistore24-api\tests\Unit\Http\ResponseTest.php" tests="7" assertions="12" errors="0" failures="0" skipped="0" time="0.001195">
      <testcase name="testIsSuccessPropertyReturnsTrueFor2xxStatus" file="D:\digistore24-api\tests\Unit\Http\ResponseTest.php" line="16" class="GoSuccess\Digistore24\Api\Tests\Unit\Http\ResponseTest" classname="GoSuccess.Digistore24.Api.Tests.Unit.Http.ResponseTest" assertions="1" time="0.000668"/>
      <testcase name="testIsSuccessPropertyReturnsFalseForNon2xxStatus" file="D:\digistore24-api\tests\Unit\Http\ResponseTest.php" line="27" class="GoSuccess\Digistore24\Api\Tests\Unit\Http\ResponseTest" classname="GoSuccess.Digistore24.Api.Tests.Unit.Http.ResponseTest" assertions="1" time="0.000096"/>
      <testcase name="testIsClientErrorPropertyReturnsTrueFor4xxStatus" file="D:\digistore24-api\tests\Unit\Http\ResponseTest.php" line="38" class="GoSuccess\Digistore24\Api\Tests\Unit\Http\ResponseTest" classname="GoSuccess.Digistore24.Api.Tests.Unit.Http.ResponseTest" assertions="1" time="0.000092"/>
      <testcase name="testIsServerErrorPropertyReturnsTrueFor5xxStatus" file="D:\digistore24-api\tests\Unit\Http\ResponseTest.php" line="49" class="GoSuccess\Digistore24\Api\Tests\Unit\Http\ResponseTest" classname="GoSuccess.Digistore24.Api.Tests.Unit.Http.ResponseTest" assertions="1" time="0.000091"/>
      <testcase name="testConstructorSetsAllProperties" file="D:\digistore24-api\tests\Unit\Http\ResponseTest.php" line="60" class="GoSuccess\Digistore24\Api\Tests\Unit\Http\ResponseTest" classname="GoSuccess.Digistore24.Api.Tests.Unit.Http.ResponseTest" assertions="4" time="0.000087"/>
      <testcase name="testResponseDataCanBeAccessed" file="D:\digistore24-api\tests\Unit\Http\ResponseTest.php" line="77" class="GoSuccess\Digistore24\Api\Tests\Unit\Http\ResponseTest" classname="GoSuccess.Digistore24.Api.Tests.Unit.Http.ResponseTest" assertions="2" time="0.000081"/>
      <testcase name="testStatusPropertyIsComputed" file="D:\digistore24-api\tests\Unit\Http\ResponseTest.php" line="92" class="GoSuccess\Digistore24\Api\Tests\Unit\Http\ResponseTest" classname="GoSuccess.Digistore24.Api.Tests.Unit.Http.ResponseTest" assertions="2" time="0.000081"/>
    </testsuite>
    <testsuite name="GoSuccess\Digistore24\Api\Tests\Unit\Http\StatusCodeTest" file="D:\digistore24-api\tests\Unit\Http\StatusCodeTest.php" tests="9" assertions="35" errors="0" failures="0" skipped="0" time="0.000999">
      <testcase name="testIsSuccessReturnsTrueFor2xxCodes" file="D:\digistore24-api\tests\Unit\Http\StatusCodeTest.php" line="15" class="GoSuccess\Digistore24\Api\Tests\Unit\Http\StatusCodeTest" classname="GoSuccess.Digistore24.Api.Tests.Unit.Http.StatusCodeTest" assertions="4" time="0.000094"/>
      <testcase name="testIsSuccessReturnsFalseForNon2xxCodes" file="D:\digistore24-api\tests\Unit\Http\StatusCodeTest.php" line="23" class="GoSuccess\Digistore24\Api\Tests\Unit\Http\StatusCodeTest" classname="GoSuccess.Digistore24.Api.Tests.Unit.Http.StatusCodeTest" assertions="3" time="0.000086"/>
      <testcase name="testIsClientErrorReturnsTrueFor4xxCodes" file="D:\digistore24-api\tests\Unit\Http\StatusCodeTest.php" line="30" class="GoSuccess\Digistore24\Api\Tests\Unit\Http\StatusCodeTest" classname="GoSuccess.Digistore24.Api.Tests.Unit.Http.StatusCodeTest" assertions="5" time="0.000106"/>
      <testcase name="testIsClientErrorReturnsFalseForNon4xxCodes" file="D:\digistore24-api\tests\Unit\Http\StatusCodeTest.php" line="39" class="GoSuccess\Digistore24\Api\Tests\Unit\Http\StatusCodeTest" classname="GoSuccess.Digistore24.Api.Tests.Unit.Http.StatusCodeTest" assertions="2" time="0.000199"/>
      <testcase name="testIsServerErrorReturnsTrueFor5xxCodes" file="D:\digistore24-api\tests\Unit\Http\StatusCodeTest.php" line="45" class="GoSuccess\Digistore24\Api\Tests\Unit\Http\StatusCodeTest" classname="GoSuccess.Digistore24.Api.Tests.Unit.Http.StatusCodeTest" assertions="4" time="0.000104"/>
      <testcase name="testIsServerErrorReturnsFalseForNon5xxCodes" file="D:\digistore24-api\tests\Unit\Http\StatusCodeTest.php" line="53" class="GoSuccess\Digistore24\Api\Tests\Unit\Http\StatusCodeTest" classname="GoSuccess.Digistore24.Api.Tests.Unit.Http.StatusCodeTest" assertions="2" time="0.000088"/>
      <testcase name="testDescriptionReturnsCorrectStrings" file="D:\digistore24-api\tests\Unit\Http\StatusCodeTest.php" line="59" class="GoSuccess\Digistore24\Api\Tests\Unit\Http\StatusCodeTest" classname="GoSuccess.Digistore24.Api.Tests.Unit.Http.StatusCodeTest" assertions="6" time="0.000091"/>
      <testcase name="testValueReturnsCorrectInteger" file="D:\digistore24-api\tests\Unit\Http\StatusCodeTest.php" line="69" class="GoSuccess\Digistore24\Api\Tests\Unit\Http\StatusCodeTest" classname="GoSuccess.Digistore24.Api.Tests.Unit.Http.StatusCodeTest" assertions="6" time="0.000128"/>
      <testcase name="testFromValueCreatesCorrectEnum" file="D:\digistore24-api\tests\Unit\Http\StatusCodeTest.php" line="79" class="GoSuccess\Digistore24\Api\Tests\Unit\Http\StatusCodeTest" classname="GoSuccess.Digistore24.Api.Tests.Unit.Http.StatusCodeTest" assertions="3" time="0.000103"/>
    </testsuite>
    <testsuite name="GoSuccess\Digistore24\Api\Tests\Unit\Request\AccountAccess\ListAccountAccessRequestTest" file="D:\digistore24-api\tests\Unit\Request\AccountAccess\ListAccountAccessRequestTest.php" tests="4" assertions="5" errors="0" failures="0" skipped="0" time="0.002622">
      <testcase name="test_can_create_with_purchase_id" file="D:\digistore24-api\tests\Unit\Request\AccountAccess\ListAccountAccessRequestTest.php" line="12" class="GoSuccess\Digistore24\Api\Tests\Unit\Request\AccountAccess\ListAccountAccessRequestTest" classname="GoSuccess.Digistore24.Api.Tests.Unit.Request.AccountAccess.ListAccountAccessRequestTest" assertions="1" time="0.001533"/>
      <testcase name="test_endpoint_returns_correct_value" file="D:\digistore24-api\tests\Unit\Request\AccountAccess\ListAccountAccessRequestTest.php" line="21" class="GoSuccess\Digistore24\Api\Tests\Unit\Request\AccountAccess\ListAccountAccessRequestTest" classname="GoSuccess.Digistore24.Api.Tests.Unit.Request.AccountAccess.ListAccountAccessRequestTest" assertions="1" time="0.000143"/>
      <testcase name="test_to_array_converts_correctly" file="D:\digistore24-api\tests\Unit\Request\AccountAccess\ListAccountAccessRequestTest.php" line="30" class="GoSuccess\Digistore24\Api\Tests\Unit\Request\AccountAccess\ListAccountAccessRequestTest" classname="GoSuccess.Digistore24.Api.Tests.Unit.Request.AccountAccess.ListAccountAccessRequestTest" assertions="2" time="0.000586"/>
      <testcase name="test_validation_passes_for_valid_data" file="D:\digistore24-api\tests\Unit\Request\AccountAccess\ListAccountAccessRequestTest.php" line="42" class="GoSuccess\Digistore24\Api\Tests\Unit\Request\AccountAccess\ListAccountAccessRequestTest" classname="GoSuccess.Digistore24.Api.Tests.Unit.Request.AccountAccess.ListAccountAccessRequestTest" assertions="1" time="0.000359"/>
    </testsuite>
    <testsuite name="GoSuccess\Digistore24\Api\Tests\Unit\Request\AccountAccess\LogMemberAccessRequestTest" file="D:\digistore24-api\tests\Unit\Request\AccountAccess\LogMemberAccessRequestTest.php" tests="6" assertions="19" errors="0" failures="0" skipped="0" time="0.001795">
      <testcase name="testCanCreateWithRequiredFields" file="D:\digistore24-api\tests\Unit\Request\AccountAccess\LogMemberAccessRequestTest.php" line="12" class="GoSuccess\Digistore24\Api\Tests\Unit\Request\AccountAccess\LogMemberAccessRequestTest" classname="GoSuccess.Digistore24.Api.Tests.Unit.Request.AccountAccess.LogMemberAccessRequestTest" assertions="7" time="0.000378"/>
      <testcase name="testCanSetLoginAt" file="D:\digistore24-api\tests\Unit\Request\AccountAccess\LogMemberAccessRequestTest.php" line="32" class="GoSuccess\Digistore24\Api\Tests\Unit\Request\AccountAccess\LogMemberAccessRequestTest" classname="GoSuccess.Digistore24.Api.Tests.Unit.Request.AccountAccess.LogMemberAccessRequestTest" assertions="1" time="0.000120"/>
      <testcase name="testEndpointReturnsCorrectValue" file="D:\digistore24-api\tests\Unit\Request\AccountAccess\LogMemberAccessRequestTest.php" line="49" class="GoSuccess\Digistore24\Api\Tests\Unit\Request\AccountAccess\LogMemberAccessRequestTest" classname="GoSuccess.Digistore24.Api.Tests.Unit.Request.AccountAccess.LogMemberAccessRequestTest" assertions="1" time="0.000082"/>
      <testcase name="testToArrayConvertsCorrectly" file="D:\digistore24-api\tests\Unit\Request\AccountAccess\LogMemberAccessRequestTest.php" line="63" class="GoSuccess\Digistore24\Api\Tests\Unit\Request\AccountAccess\LogMemberAccessRequestTest" classname="GoSuccess.Digistore24.Api.Tests.Unit.Request.AccountAccess.LogMemberAccessRequestTest" assertions="7" time="0.000603"/>
      <testcase name="testValidationPassesForValidData" file="D:\digistore24-api\tests\Unit\Request\AccountAccess\LogMemberAccessRequestTest.php" line="88" class="GoSuccess\Digistore24\Api\Tests\Unit\Request\AccountAccess\LogMemberAccessRequestTest" classname="GoSuccess.Digistore24.Api.Tests.Unit.Request.AccountAccess.LogMemberAccessRequestTest" assertions="2" time="0.000519"/>
      <testcase name="testCanHaveZeroLectures" file="D:\digistore24-api\tests\Unit\Request\AccountAccess\LogMemberAccessRequestTest.php" line="103" class="GoSuccess\Digistore24\Api\Tests\Unit\Request\AccountAccess\LogMemberAccessRequestTest" classname="GoSuccess.Digistore24.Api.Tests.Unit.Request.AccountAccess.LogMemberAccessRequestTest" assertions="1" time="0.000095"/>
    </testsuite>
    <testsuite name="GoSuccess\Digistore24\Api\Tests\Unit\Request\Affiliate\GetAffiliateCommissionRequestTest" file="D:\digistore24-api\tests\Unit\Request\Affiliate\GetAffiliateCommissionRequestTest.php" tests="4" assertions="7" errors="0" failures="0" skipped="0" time="0.000861">
      <testcase name="test_can_create_instance_with_required_parameters" file="D:\digistore24-api\tests\Unit\Request\Affiliate\GetAffiliateCommissionRequestTest.php" line="13" class="GoSuccess\Digistore24\Api\Tests\Unit\Request\Affiliate\GetAffiliateCommissionRequestTest" classname="GoSuccess.Digistore24.Api.Tests.Unit.Request.Affiliate.GetAffiliateCommissionRequestTest" assertions="1" time="0.000595"/>
      <testcase name="test_endpoint_returns_correct_value" file="D:\digistore24-api\tests\Unit\Request\Affiliate\GetAffiliateCommissionRequestTest.php" line="23" class="GoSuccess\Digistore24\Api\Tests\Unit\Request\Affiliate\GetAffiliateCommissionRequestTest" classname="GoSuccess.Digistore24.Api.Tests.Unit.Request.Affiliate.GetAffiliateCommissionRequestTest" assertions="1" time="0.000073"/>
      <testcase name="test_to_array_returns_correct_data" file="D:\digistore24-api\tests\Unit\Request\Affiliate\GetAffiliateCommissionRequestTest.php" line="33" class="GoSuccess\Digistore24\Api\Tests\Unit\Request\Affiliate\GetAffiliateCommissionRequestTest" classname="GoSuccess.Digistore24.Api.Tests.Unit.Request.Affiliate.GetAffiliateCommissionRequestTest" assertions="3" time="0.000121"/>
      <testcase name="test_validate_returns_empty_array_for_valid_data" file="D:\digistore24-api\tests\Unit\Request\Affiliate\GetAffiliateCommissionRequestTest.php" line="47" class="GoSuccess\Digistore24\Api\Tests\Unit\Request\Affiliate\GetAffiliateCommissionRequestTest" classname="GoSuccess.Digistore24.Api.Tests.Unit.Request.Affiliate.GetAffiliateCommissionRequestTest" assertions="2" time="0.000072"/>
    </testsuite>
    <testsuite name="GoSuccess\Digistore24\Api\Tests\Unit\Request\Affiliate\GetAffiliateForEmailRequestTest" file="D:\digistore24-api\tests\Unit\Request\Affiliate\GetAffiliateForEmailRequestTest.php" tests="4" assertions="6" errors="0" failures="0" skipped="0" time="0.000617">
      <testcase name="test_can_create_instance_with_email" file="D:\digistore24-api\tests\Unit\Request\Affiliate\GetAffiliateForEmailRequestTest.php" line="12" class="GoSuccess\Digistore24\Api\Tests\Unit\Request\Affiliate\GetAffiliateForEmailRequestTest" classname="GoSuccess.Digistore24.Api.Tests.Unit.Request.Affiliate.GetAffiliateForEmailRequestTest" assertions="1" time="0.000336"/>
      <testcase name="test_endpoint_returns_correct_value" file="D:\digistore24-api\tests\Unit\Request\Affiliate\GetAffiliateForEmailRequestTest.php" line="19" class="GoSuccess\Digistore24\Api\Tests\Unit\Request\Affiliate\GetAffiliateForEmailRequestTest" classname="GoSuccess.Digistore24.Api.Tests.Unit.Request.Affiliate.GetAffiliateForEmailRequestTest" assertions="1" time="0.000081"/>
      <testcase name="test_to_array_returns_correct_data" file="D:\digistore24-api\tests\Unit\Request\Affiliate\GetAffiliateForEmailRequestTest.php" line="26" class="GoSuccess\Digistore24\Api\Tests\Unit\Request\Affiliate\GetAffiliateForEmailRequestTest" classname="GoSuccess.Digistore24.Api.Tests.Unit.Request.Affiliate.GetAffiliateForEmailRequestTest" assertions="2" time="0.000106"/>
      <testcase name="test_validate_returns_empty_array" file="D:\digistore24-api\tests\Unit\Request\Affiliate\GetAffiliateForEmailRequestTest.php" line="36" class="GoSuccess\Digistore24\Api\Tests\Unit\Request\Affiliate\GetAffiliateForEmailRequestTest" classname="GoSuccess.Digistore24.Api.Tests.Unit.Request.Affiliate.GetAffiliateForEmailRequestTest" assertions="2" time="0.000093"/>
    </testsuite>
    <testsuite name="GoSuccess\Digistore24\Api\Tests\Unit\Request\Affiliate\GetReferringAffiliateRequestTest" file="D:\digistore24-api\tests\Unit\Request\Affiliate\GetReferringAffiliateRequestTest.php" tests="4" assertions="6" errors="0" failures="0" skipped="0" time="0.000544">
      <testcase name="test_can_create_instance_with_purchase_id" file="D:\digistore24-api\tests\Unit\Request\Affiliate\GetReferringAffiliateRequestTest.php" line="12" class="GoSuccess\Digistore24\Api\Tests\Unit\Request\Affiliate\GetReferringAffiliateRequestTest" classname="GoSuccess.Digistore24.Api.Tests.Unit.Request.Affiliate.GetReferringAffiliateRequestTest" assertions="1" time="0.000330"/>
      <testcase name="test_endpoint_returns_correct_value" file="D:\digistore24-api\tests\Unit\Request\Affiliate\GetReferringAffiliateRequestTest.php" line="19" class="GoSuccess\Digistore24\Api\Tests\Unit\Request\Affiliate\GetReferringAffiliateRequestTest" classname="GoSuccess.Digistore24.Api.Tests.Unit.Request.Affiliate.GetReferringAffiliateRequestTest" assertions="1" time="0.000073"/>
      <testcase name="test_to_array_returns_correct_data" file="D:\digistore24-api\tests\Unit\Request\Affiliate\GetReferringAffiliateRequestTest.php" line="26" class="GoSuccess\Digistore24\Api\Tests\Unit\Request\Affiliate\GetReferringAffiliateRequestTest" classname="GoSuccess.Digistore24.Api.Tests.Unit.Request.Affiliate.GetReferringAffiliateRequestTest" assertions="2" time="0.000073"/>
      <testcase name="test_validate_returns_empty_array" file="D:\digistore24-api\tests\Unit\Request\Affiliate\GetReferringAffiliateRequestTest.php" line="36" class="GoSuccess\Digistore24\Api\Tests\Unit\Request\Affiliate\GetReferringAffiliateRequestTest" classname="GoSuccess.Digistore24.Api.Tests.Unit.Request.Affiliate.GetReferringAffiliateRequestTest" assertions="2" time="0.000068"/>
    </testsuite>
    <testsuite name="GoSuccess\Digistore24\Api\Tests\Unit\Request\Affiliate\SetAffiliateForEmailRequestTest" file="D:\digistore24-api\tests\Unit\Request\Affiliate\SetAffiliateForEmailRequestTest.php" tests="4" assertions="7" errors="0" failures="0" skipped="0" time="0.000516">
      <testcase name="test_can_create_instance" file="D:\digistore24-api\tests\Unit\Request\Affiliate\SetAffiliateForEmailRequestTest.php" line="12" class="GoSuccess\Digistore24\Api\Tests\Unit\Request\Affiliate\SetAffiliateForEmailRequestTest" classname="GoSuccess.Digistore24.Api.Tests.Unit.Request.Affiliate.SetAffiliateForEmailRequestTest" assertions="1" time="0.000300"/>
      <testcase name="test_endpoint_returns_correct_value" file="D:\digistore24-api\tests\Unit\Request\Affiliate\SetAffiliateForEmailRequestTest.php" line="22" class="GoSuccess\Digistore24\Api\Tests\Unit\Request\Affiliate\SetAffiliateForEmailRequestTest" classname="GoSuccess.Digistore24.Api.Tests.Unit.Request.Affiliate.SetAffiliateForEmailRequestTest" assertions="1" time="0.000078"/>
      <testcase name="test_to_array_returns_correct_data" file="D:\digistore24-api\tests\Unit\Request\Affiliate\SetAffiliateForEmailRequestTest.php" line="32" class="GoSuccess\Digistore24\Api\Tests\Unit\Request\Affiliate\SetAffiliateForEmailRequestTest" classname="GoSuccess.Digistore24.Api.Tests.Unit.Request.Affiliate.SetAffiliateForEmailRequestTest" assertions="3" time="0.000070"/>
      <testcase name="test_validate_returns_empty_array" file="D:\digistore24-api\tests\Unit\Request\Affiliate\SetAffiliateForEmailRequestTest.php" line="46" class="GoSuccess\Digistore24\Api\Tests\Unit\Request\Affiliate\SetAffiliateForEmailRequestTest" classname="GoSuccess.Digistore24.Api.Tests.Unit.Request.Affiliate.SetAffiliateForEmailRequestTest" assertions="2" time="0.000068"/>
    </testsuite>
    <testsuite name="GoSuccess\Digistore24\Api\Tests\Unit\Request\Affiliate\SetReferringAffiliateRequestTest" file="D:\digistore24-api\tests\Unit\Request\Affiliate\SetReferringAffiliateRequestTest.php" tests="4" assertions="7" errors="0" failures="0" skipped="0" time="0.000494">
      <testcase name="test_can_create_instance" file="D:\digistore24-api\tests\Unit\Request\Affiliate\SetReferringAffiliateRequestTest.php" line="12" class="GoSuccess\Digistore24\Api\Tests\Unit\Request\Affiliate\SetReferringAffiliateRequestTest" classname="GoSuccess.Digistore24.Api.Tests.Unit.Request.Affiliate.SetReferringAffiliateRequestTest" assertions="1" time="0.000286"/>
      <testcase name="test_endpoint_returns_correct_value" file="D:\digistore24-api\tests\Unit\Request\Affiliate\SetReferringAffiliateRequestTest.php" line="22" class="GoSuccess\Digistore24\Api\Tests\Unit\Request\Affiliate\SetReferringAffiliateRequestTest" classname="GoSuccess.Digistore24.Api.Tests.Unit.Request.Affiliate.SetReferringAffiliateRequestTest" assertions="1" time="0.000071"/>
      <testcase name="test_to_array_returns_correct_data" file="D:\digistore24-api\tests\Unit\Request\Affiliate\SetReferringAffiliateRequestTest.php" line="32" class="GoSuccess\Digistore24\Api\Tests\Unit\Request\Affiliate\SetReferringAffiliateRequestTest" classname="GoSuccess.Digistore24.Api.Tests.Unit.Request.Affiliate.SetReferringAffiliateRequestTest" assertions="3" time="0.000067"/>
      <testcase name="test_validate_returns_empty_array" file="D:\digistore24-api\tests\Unit\Request\Affiliate\SetReferringAffiliateRequestTest.php" line="46" class="GoSuccess\Digistore24\Api\Tests\Unit\Request\Affiliate\SetReferringAffiliateRequestTest" classname="GoSuccess.Digistore24.Api.Tests.Unit.Request.Affiliate.SetReferringAffiliateRequestTest" assertions="2" time="0.000071"/>
    </testsuite>
    <testsuite name="GoSuccess\Digistore24\Api\Tests\Unit\Request\Affiliate\UpdateAffiliateCommissionRequestTest" file="D:\digistore24-api\tests\Unit\Request\Affiliate\UpdateAffiliateCommissionRequestTest.php" tests="4" assertions="9" errors="0" failures="0" skipped="0" time="0.000509">
      <testcase name="test_can_create_instance" file="D:\digistore24-api\tests\Unit\Request\Affiliate\UpdateAffiliateCommissionRequestTest.php" line="12" class="GoSuccess\Digistore24\Api\Tests\Unit\Request\Affiliate\UpdateAffiliateCommissionRequestTest" classname="GoSuccess.Digistore24.Api.Tests.Unit.Request.Affiliate.UpdateAffiliateCommissionRequestTest" assertions="1" time="0.000302"/>
      <testcase name="test_endpoint_returns_correct_value" file="D:\digistore24-api\tests\Unit\Request\Affiliate\UpdateAffiliateCommissionRequestTest.php" line="23" class="GoSuccess\Digistore24\Api\Tests\Unit\Request\Affiliate\UpdateAffiliateCommissionRequestTest" classname="GoSuccess.Digistore24.Api.Tests.Unit.Request.Affiliate.UpdateAffiliateCommissionRequestTest" assertions="1" time="0.000068"/>
      <testcase name="test_to_array_includes_all_data" file="D:\digistore24-api\tests\Unit\Request\Affiliate\UpdateAffiliateCommissionRequestTest.php" line="34" class="GoSuccess\Digistore24\Api\Tests\Unit\Request\Affiliate\UpdateAffiliateCommissionRequestTest" classname="GoSuccess.Digistore24.Api.Tests.Unit.Request.Affiliate.UpdateAffiliateCommissionRequestTest" assertions="5" time="0.000071"/>
      <testcase name="test_validate_returns_empty_array" file="D:\digistore24-api\tests\Unit\Request\Affiliate\UpdateAffiliateCommissionRequestTest.php" line="51" class="GoSuccess\Digistore24\Api\Tests\Unit\Request\Affiliate\UpdateAffiliateCommissionRequestTest" classname="GoSuccess.Digistore24.Api.Tests.Unit.Request.Affiliate.UpdateAffiliateCommissionRequestTest" assertions="2" time="0.000068"/>
    </testsuite>
    <testsuite name="GoSuccess\Digistore24\Api\Tests\Unit\Request\Affiliate\ValidateAffiliateRequestTest" file="D:\digistore24-api\tests\Unit\Request\Affiliate\ValidateAffiliateRequestTest.php" tests="4" assertions="6" errors="0" failures="0" skipped="0" time="0.000607">
      <testcase name="test_can_create_instance" file="D:\digistore24-api\tests\Unit\Request\Affiliate\ValidateAffiliateRequestTest.php" line="12" class="GoSuccess\Digistore24\Api\Tests\Unit\Request\Affiliate\ValidateAffiliateRequestTest" classname="GoSuccess.Digistore24.Api.Tests.Unit.Request.Affiliate.ValidateAffiliateRequestTest" assertions="1" time="0.000410"/>
      <testcase name="test_endpoint_returns_correct_value" file="D:\digistore24-api\tests\Unit\Request\Affiliate\ValidateAffiliateRequestTest.php" line="19" class="GoSuccess\Digistore24\Api\Tests\Unit\Request\Affiliate\ValidateAffiliateRequestTest" classname="GoSuccess.Digistore24.Api.Tests.Unit.Request.Affiliate.ValidateAffiliateRequestTest" assertions="1" time="0.000066"/>
      <testcase name="test_to_array_includes_affiliate_id" file="D:\digistore24-api\tests\Unit\Request\Affiliate\ValidateAffiliateRequestTest.php" line="26" class="GoSuccess\Digistore24\Api\Tests\Unit\Request\Affiliate\ValidateAffiliateRequestTest" classname="GoSuccess.Digistore24.Api.Tests.Unit.Request.Affiliate.ValidateAffiliateRequestTest" assertions="2" time="0.000066"/>
      <testcase name="test_validate_returns_empty_array" file="D:\digistore24-api\tests\Unit\Request\Affiliate\ValidateAffiliateRequestTest.php" line="36" class="GoSuccess\Digistore24\Api\Tests\Unit\Request\Affiliate\ValidateAffiliateRequestTest" classname="GoSuccess.Digistore24.Api.Tests.Unit.Request.Affiliate.ValidateAffiliateRequestTest" assertions="2" time="0.000065"/>
    </testsuite>
    <testsuite name="GoSuccess\Digistore24\Api\Tests\Unit\Request\ApiKey\RequestApiKeyRequestTest" file="D:\digistore24-api\tests\Unit\Request\ApiKey\RequestApiKeyRequestTest.php" tests="4" assertions="6" errors="0" failures="0" skipped="0" time="0.000538">
      <testcase name="test_can_create_instance" file="D:\digistore24-api\tests\Unit\Request\ApiKey\RequestApiKeyRequestTest.php" line="12" class="GoSuccess\Digistore24\Api\Tests\Unit\Request\ApiKey\RequestApiKeyRequestTest" classname="GoSuccess.Digistore24.Api.Tests.Unit.Request.ApiKey.RequestApiKeyRequestTest" assertions="1" time="0.000329"/>
      <testcase name="test_endpoint_returns_correct_value" file="D:\digistore24-api\tests\Unit\Request\ApiKey\RequestApiKeyRequestTest.php" line="19" class="GoSuccess\Digistore24\Api\Tests\Unit\Request\ApiKey\RequestApiKeyRequestTest" classname="GoSuccess.Digistore24.Api.Tests.Unit.Request.ApiKey.RequestApiKeyRequestTest" assertions="1" time="0.000067"/>
      <testcase name="test_to_array_includes_email" file="D:\digistore24-api\tests\Unit\Request\ApiKey\RequestApiKeyRequestTest.php" line="26" class="GoSuccess\Digistore24\Api\Tests\Unit\Request\ApiKey\RequestApiKeyRequestTest" classname="GoSuccess.Digistore24.Api.Tests.Unit.Request.ApiKey.RequestApiKeyRequestTest" assertions="2" time="0.000075"/>
      <testcase name="test_validate_returns_empty_array" file="D:\digistore24-api\tests\Unit\Request\ApiKey\RequestApiKeyRequestTest.php" line="36" class="GoSuccess\Digistore24\Api\Tests\Unit\Request\ApiKey\RequestApiKeyRequestTest" classname="GoSuccess.Digistore24.Api.Tests.Unit.Request.ApiKey.RequestApiKeyRequestTest" assertions="2" time="0.000066"/>
    </testsuite>
    <testsuite name="GoSuccess\Digistore24\Api\Tests\Unit\Request\ApiKey\RetrieveApiKeyRequestTest" file="D:\digistore24-api\tests\Unit\Request\ApiKey\RetrieveApiKeyRequestTest.php" tests="4" assertions="7" errors="0" failures="0" skipped="0" time="0.000679">
      <testcase name="test_can_create_instance" file="D:\digistore24-api\tests\Unit\Request\ApiKey\RetrieveApiKeyRequestTest.php" line="12" class="GoSuccess\Digistore24\Api\Tests\Unit\Request\ApiKey\RetrieveApiKeyRequestTest" classname="GoSuccess.Digistore24.Api.Tests.Unit.Request.ApiKey.RetrieveApiKeyRequestTest" assertions="1" time="0.000388"/>
      <testcase name="test_endpoint_returns_correct_value" file="D:\digistore24-api\tests\Unit\Request\ApiKey\RetrieveApiKeyRequestTest.php" line="22" class="GoSuccess\Digistore24\Api\Tests\Unit\Request\ApiKey\RetrieveApiKeyRequestTest" classname="GoSuccess.Digistore24.Api.Tests.Unit.Request.ApiKey.RetrieveApiKeyRequestTest" assertions="1" time="0.000137"/>
      <testcase name="test_to_array_includes_all_data" file="D:\digistore24-api\tests\Unit\Request\ApiKey\RetrieveApiKeyRequestTest.php" line="32" class="GoSuccess\Digistore24\Api\Tests\Unit\Request\ApiKey\RetrieveApiKeyRequestTest" classname="GoSuccess.Digistore24.Api.Tests.Unit.Request.ApiKey.RetrieveApiKeyRequestTest" assertions="3" time="0.000086"/>
      <testcase name="test_validate_returns_empty_array" file="D:\digistore24-api\tests\Unit\Request\ApiKey\RetrieveApiKeyRequestTest.php" line="46" class="GoSuccess\Digistore24\Api\Tests\Unit\Request\ApiKey\RetrieveApiKeyRequestTest" classname="GoSuccess.Digistore24.Api.Tests.Unit.Request.ApiKey.RetrieveApiKeyRequestTest" assertions="2" time="0.000069"/>
    </testsuite>
    <testsuite name="GoSuccess\Digistore24\Api\Tests\Unit\Request\ApiKey\UnregisterRequestTest" file="D:\digistore24-api\tests\Unit\Request\ApiKey\UnregisterRequestTest.php" tests="4" assertions="6" errors="0" failures="0" skipped="0" time="0.000499">
      <testcase name="test_can_create_instance" file="D:\digistore24-api\tests\Unit\Request\ApiKey\UnregisterRequestTest.php" line="12" class="GoSuccess\Digistore24\Api\Tests\Unit\Request\ApiKey\UnregisterRequestTest" classname="GoSuccess.Digistore24.Api.Tests.Unit.Request.ApiKey.UnregisterRequestTest" assertions="1" time="0.000288"/>
      <testcase name="test_endpoint_returns_correct_value" file="D:\digistore24-api\tests\Unit\Request\ApiKey\UnregisterRequestTest.php" line="19" class="GoSuccess\Digistore24\Api\Tests\Unit\Request\ApiKey\UnregisterRequestTest" classname="GoSuccess.Digistore24.Api.Tests.Unit.Request.ApiKey.UnregisterRequestTest" assertions="1" time="0.000068"/>
      <testcase name="test_to_array_returns_empty_array" file="D:\digistore24-api\tests\Unit\Request\ApiKey\UnregisterRequestTest.php" line="26" class="GoSuccess\Digistore24\Api\Tests\Unit\Request\ApiKey\UnregisterRequestTest" classname="GoSuccess.Digistore24.Api.Tests.Unit.Request.ApiKey.UnregisterRequestTest" assertions="2" time="0.000067"/>
      <testcase name="test_validate_returns_empty_array" file="D:\digistore24-api\tests\Unit\Request\ApiKey\UnregisterRequestTest.php" line="36" class="GoSuccess\Digistore24\Api\Tests\Unit\Request\ApiKey\UnregisterRequestTest" classname="GoSuccess.Digistore24.Api.Tests.Unit.Request.ApiKey.UnregisterRequestTest" assertions="2" time="0.000076"/>
    </testsuite>
    <testsuite name="GoSuccess\Digistore24\Api\Tests\Unit\Request\Billing\CreateBillingOnDemandRequestTest" file="D:\digistore24-api\tests\Unit\Request\Billing\CreateBillingOnDemandRequestTest.php" tests="5" assertions="13" errors="0" failures="0" skipped="0" time="0.000845">
      <testcase name="test_can_create_instance" file="D:\digistore24-api\tests\Unit\Request\Billing\CreateBillingOnDemandRequestTest.php" line="12" class="GoSuccess\Digistore24\Api\Tests\Unit\Request\Billing\CreateBillingOnDemandRequestTest" classname="GoSuccess.Digistore24.Api.Tests.Unit.Request.Billing.CreateBillingOnDemandRequestTest" assertions="1" time="0.000386"/>
      <testcase name="test_endpoint_returns_correct_value" file="D:\digistore24-api\tests\Unit\Request\Billing\CreateBillingOnDemandRequestTest.php" line="22" class="GoSuccess\Digistore24\Api\Tests\Unit\Request\Billing\CreateBillingOnDemandRequestTest" classname="GoSuccess.Digistore24.Api.Tests.Unit.Request.Billing.CreateBillingOnDemandRequestTest" assertions="1" time="0.000069"/>
      <testcase name="test_to_array_includes_required_data" file="D:\digistore24-api\tests\Unit\Request\Billing\CreateBillingOnDemandRequestTest.php" line="32" class="GoSuccess\Digistore24\Api\Tests\Unit\Request\Billing\CreateBillingOnDemandRequestTest" classname="GoSuccess.Digistore24.Api.Tests.Unit.Request.Billing.CreateBillingOnDemandRequestTest" assertions="3" time="0.000241"/>
      <testcase name="test_to_array_includes_optional_data" file="D:\digistore24-api\tests\Unit\Request\Billing\CreateBillingOnDemandRequestTest.php" line="46" class="GoSuccess\Digistore24\Api\Tests\Unit\Request\Billing\CreateBillingOnDemandRequestTest" classname="GoSuccess.Digistore24.Api.Tests.Unit.Request.Billing.CreateBillingOnDemandRequestTest" assertions="6" time="0.000078"/>
      <testcase name="test_validate_returns_empty_array" file="D:\digistore24-api\tests\Unit\Request\Billing\CreateBillingOnDemandRequestTest.php" line="68" class="GoSuccess\Digistore24\Api\Tests\Unit\Request\Billing\CreateBillingOnDemandRequestTest" classname="GoSuccess.Digistore24.Api.Tests.Unit.Request.Billing.CreateBillingOnDemandRequestTest" assertions="2" time="0.000070"/>
    </testsuite>
    <testsuite name="GoSuccess\Digistore24\Api\Tests\Unit\Request\Billing\RefundPartiallyRequestTest" file="D:\digistore24-api\tests\Unit\Request\Billing\RefundPartiallyRequestTest.php" tests="4" assertions="7" errors="0" failures="0" skipped="0" time="0.000501">
      <testcase name="test_can_create_instance" file="D:\digistore24-api\tests\Unit\Request\Billing\RefundPartiallyRequestTest.php" line="12" class="GoSuccess\Digistore24\Api\Tests\Unit\Request\Billing\RefundPartiallyRequestTest" classname="GoSuccess.Digistore24.Api.Tests.Unit.Request.Billing.RefundPartiallyRequestTest" assertions="1" time="0.000300"/>
      <testcase name="test_endpoint_returns_correct_value" file="D:\digistore24-api\tests\Unit\Request\Billing\RefundPartiallyRequestTest.php" line="22" class="GoSuccess\Digistore24\Api\Tests\Unit\Request\Billing\RefundPartiallyRequestTest" classname="GoSuccess.Digistore24.Api.Tests.Unit.Request.Billing.RefundPartiallyRequestTest" assertions="1" time="0.000068"/>
      <testcase name="test_to_array_includes_all_data" file="D:\digistore24-api\tests\Unit\Request\Billing\RefundPartiallyRequestTest.php" line="32" class="GoSuccess\Digistore24\Api\Tests\Unit\Request\Billing\RefundPartiallyRequestTest" classname="GoSuccess.Digistore24.Api.Tests.Unit.Request.Billing.RefundPartiallyRequestTest" assertions="3" time="0.000068"/>
      <testcase name="test_validate_returns_empty_array" file="D:\digistore24-api\tests\Unit\Request\Billing\RefundPartiallyRequestTest.php" line="46" class="GoSuccess\Digistore24\Api\Tests\Unit\Request\Billing\RefundPartiallyRequestTest" classname="GoSuccess.Digistore24.Api.Tests.Unit.Request.Billing.RefundPartiallyRequestTest" assertions="2" time="0.000066"/>
    </testsuite>
    <testsuite name="GoSuccess\Digistore24\Api\Tests\Unit\Request\BuyUrl\CreateBuyUrlRequestTest" file="D:\digistore24-api\tests\Unit\Request\BuyUrl\CreateBuyUrlRequestTest.php" tests="6" assertions="11" errors="0" failures="0" skipped="0" time="0.000780">
      <testcase name="test_can_create_instance" file="D:\digistore24-api\tests\Unit\Request\BuyUrl\CreateBuyUrlRequestTest.php" line="12" class="GoSuccess\Digistore24\Api\Tests\Unit\Request\BuyUrl\CreateBuyUrlRequestTest" classname="GoSuccess.Digistore24.Api.Tests.Unit.Request.BuyUrl.CreateBuyUrlRequestTest" assertions="1" time="0.000385"/>
      <testcase name="test_endpoint_returns_correct_value" file="D:\digistore24-api\tests\Unit\Request\BuyUrl\CreateBuyUrlRequestTest.php" line="20" class="GoSuccess\Digistore24\Api\Tests\Unit\Request\BuyUrl\CreateBuyUrlRequestTest" classname="GoSuccess.Digistore24.Api.Tests.Unit.Request.BuyUrl.CreateBuyUrlRequestTest" assertions="1" time="0.000070"/>
      <testcase name="test_to_array_includes_product_id" file="D:\digistore24-api\tests\Unit\Request\BuyUrl\CreateBuyUrlRequestTest.php" line="28" class="GoSuccess\Digistore24\Api\Tests\Unit\Request\BuyUrl\CreateBuyUrlRequestTest" classname="GoSuccess.Digistore24.Api.Tests.Unit.Request.BuyUrl.CreateBuyUrlRequestTest" assertions="2" time="0.000083"/>
      <testcase name="test_to_array_includes_optional_data" file="D:\digistore24-api\tests\Unit\Request\BuyUrl\CreateBuyUrlRequestTest.php" line="39" class="GoSuccess\Digistore24\Api\Tests\Unit\Request\BuyUrl\CreateBuyUrlRequestTest" classname="GoSuccess.Digistore24.Api.Tests.Unit.Request.BuyUrl.CreateBuyUrlRequestTest" assertions="3" time="0.000078"/>
      <testcase name="test_validate_fails_without_product_id" file="D:\digistore24-api\tests\Unit\Request\BuyUrl\CreateBuyUrlRequestTest.php" line="53" class="GoSuccess\Digistore24\Api\Tests\Unit\Request\BuyUrl\CreateBuyUrlRequestTest" classname="GoSuccess.Digistore24.Api.Tests.Unit.Request.BuyUrl.CreateBuyUrlRequestTest" assertions="2" time="0.000082"/>
      <testcase name="test_validate_succeeds_with_product_id" file="D:\digistore24-api\tests\Unit\Request\BuyUrl\CreateBuyUrlRequestTest.php" line="63" class="GoSuccess\Digistore24\Api\Tests\Unit\Request\BuyUrl\CreateBuyUrlRequestTest" classname="GoSuccess.Digistore24.Api.Tests.Unit.Request.BuyUrl.CreateBuyUrlRequestTest" assertions="2" time="0.000081"/>
    </testsuite>
    <testsuite name="GoSuccess\Digistore24\Api\Tests\Unit\Request\BuyUrl\DeleteBuyUrlRequestTest" file="D:\digistore24-api\tests\Unit\Request\BuyUrl\DeleteBuyUrlRequestTest.php" tests="5" assertions="8" errors="0" failures="0" skipped="0" time="0.000627">
      <testcase name="test_can_create_instance" file="D:\digistore24-api\tests\Unit\Request\BuyUrl\DeleteBuyUrlRequestTest.php" line="12" class="GoSuccess\Digistore24\Api\Tests\Unit\Request\BuyUrl\DeleteBuyUrlRequestTest" classname="GoSuccess.Digistore24.Api.Tests.Unit.Request.BuyUrl.DeleteBuyUrlRequestTest" assertions="1" time="0.000297"/>
      <testcase name="test_endpoint_returns_correct_value" file="D:\digistore24-api\tests\Unit\Request\BuyUrl\DeleteBuyUrlRequestTest.php" line="19" class="GoSuccess\Digistore24\Api\Tests\Unit\Request\BuyUrl\DeleteBuyUrlRequestTest" classname="GoSuccess.Digistore24.Api.Tests.Unit.Request.BuyUrl.DeleteBuyUrlRequestTest" assertions="1" time="0.000074"/>
      <testcase name="test_to_array_includes_id" file="D:\digistore24-api\tests\Unit\Request\BuyUrl\DeleteBuyUrlRequestTest.php" line="26" class="GoSuccess\Digistore24\Api\Tests\Unit\Request\BuyUrl\DeleteBuyUrlRequestTest" classname="GoSuccess.Digistore24.Api.Tests.Unit.Request.BuyUrl.DeleteBuyUrlRequestTest" assertions="2" time="0.000069"/>
      <testcase name="test_validate_returns_empty_array_for_valid_id" file="D:\digistore24-api\tests\Unit\Request\BuyUrl\DeleteBuyUrlRequestTest.php" line="36" class="GoSuccess\Digistore24\Api\Tests\Unit\Request\BuyUrl\DeleteBuyUrlRequestTest" classname="GoSuccess.Digistore24.Api.Tests.Unit.Request.BuyUrl.DeleteBuyUrlRequestTest" assertions="2" time="0.000068"/>
      <testcase name="test_validate_returns_error_for_invalid_id" file="D:\digistore24-api\tests\Unit\Request\BuyUrl\DeleteBuyUrlRequestTest.php" line="46" class="GoSuccess\Digistore24\Api\Tests\Unit\Request\BuyUrl\DeleteBuyUrlRequestTest" classname="GoSuccess.Digistore24.Api.Tests.Unit.Request.BuyUrl.DeleteBuyUrlRequestTest" assertions="2" time="0.000120"/>
    </testsuite>
    <testsuite name="GoSuccess\Digistore24\Api\Tests\Unit\Request\BuyUrl\ListBuyUrlsRequestTest" file="D:\digistore24-api\tests\Unit\Request\BuyUrl\ListBuyUrlsRequestTest.php" tests="4" assertions="6" errors="0" failures="0" skipped="0" time="0.000530">
      <testcase name="test_can_create_instance" file="D:\digistore24-api\tests\Unit\Request\BuyUrl\ListBuyUrlsRequestTest.php" line="12" class="GoSuccess\Digistore24\Api\Tests\Unit\Request\BuyUrl\ListBuyUrlsRequestTest" classname="GoSuccess.Digistore24.Api.Tests.Unit.Request.BuyUrl.ListBuyUrlsRequestTest" assertions="1" time="0.000329"/>
      <testcase name="test_endpoint_returns_correct_value" file="D:\digistore24-api\tests\Unit\Request\BuyUrl\ListBuyUrlsRequestTest.php" line="19" class="GoSuccess\Digistore24\Api\Tests\Unit\Request\BuyUrl\ListBuyUrlsRequestTest" classname="GoSuccess.Digistore24.Api.Tests.Unit.Request.BuyUrl.ListBuyUrlsRequestTest" assertions="1" time="0.000068"/>
      <testcase name="test_to_array_returns_empty_array" file="D:\digistore24-api\tests\Unit\Request\BuyUrl\ListBuyUrlsRequestTest.php" line="26" class="GoSuccess\Digistore24\Api\Tests\Unit\Request\BuyUrl\ListBuyUrlsRequestTest" classname="GoSuccess.Digistore24.Api.Tests.Unit.Request.BuyUrl.ListBuyUrlsRequestTest" assertions="2" time="0.000068"/>
      <testcase name="test_validate_returns_empty_array" file="D:\digistore24-api\tests\Unit\Request\BuyUrl\ListBuyUrlsRequestTest.php" line="36" class="GoSuccess\Digistore24\Api\Tests\Unit\Request\BuyUrl\ListBuyUrlsRequestTest" classname="GoSuccess.Digistore24.Api.Tests.Unit.Request.BuyUrl.ListBuyUrlsRequestTest" assertions="2" time="0.000065"/>
    </testsuite>
    <testsuite name="GoSuccess\Digistore24\Api\Tests\Unit\Request\Buyer\GetBuyerRequestTest" file="D:\digistore24-api\tests\Unit\Request\Buyer\GetBuyerRequestTest.php" tests="4" assertions="6" errors="0" failures="0" skipped="0" time="0.000530">
      <testcase name="test_can_create_instance" file="D:\digistore24-api\tests\Unit\Request\Buyer\GetBuyerRequestTest.php" line="12" class="GoSuccess\Digistore24\Api\Tests\Unit\Request\Buyer\GetBuyerRequestTest" classname="GoSuccess.Digistore24.Api.Tests.Unit.Request.Buyer.GetBuyerRequestTest" assertions="1" time="0.000332"/>
      <testcase name="test_endpoint_returns_correct_value" file="D:\digistore24-api\tests\Unit\Request\Buyer\GetBuyerRequestTest.php" line="19" class="GoSuccess\Digistore24\Api\Tests\Unit\Request\Buyer\GetBuyerRequestTest" classname="GoSuccess.Digistore24.Api.Tests.Unit.Request.Buyer.GetBuyerRequestTest" assertions="1" time="0.000067"/>
      <testcase name="test_to_array_includes_buyer_id" file="D:\digistore24-api\tests\Unit\Request\Buyer\GetBuyerRequestTest.php" line="26" class="GoSuccess\Digistore24\Api\Tests\Unit\Request\Buyer\GetBuyerRequestTest" classname="GoSuccess.Digistore24.Api.Tests.Unit.Request.Buyer.GetBuyerRequestTest" assertions="2" time="0.000066"/>
      <testcase name="test_validate_returns_empty_array" file="D:\digistore24-api\tests\Unit\Request\Buyer\GetBuyerRequestTest.php" line="36" class="GoSuccess\Digistore24\Api\Tests\Unit\Request\Buyer\GetBuyerRequestTest" classname="GoSuccess.Digistore24.Api.Tests.Unit.Request.Buyer.GetBuyerRequestTest" assertions="2" time="0.000066"/>
    </testsuite>
    <testsuite name="GoSuccess\Digistore24\Api\Tests\Unit\Request\Buyer\ListBuyersRequestTest" file="D:\digistore24-api\tests\Unit\Request\Buyer\ListBuyersRequestTest.php" tests="6" assertions="10" errors="0" failures="0" skipped="0" time="0.000643">
      <testcase name="test_can_create_instance" file="D:\digistore24-api\tests\Unit\Request\Buyer\ListBuyersRequestTest.php" line="12" class="GoSuccess\Digistore24\Api\Tests\Unit\Request\Buyer\ListBuyersRequestTest" classname="GoSuccess.Digistore24.Api.Tests.Unit.Request.Buyer.ListBuyersRequestTest" assertions="1" time="0.000308"/>
      <testcase name="test_can_create_instance_with_pagination" file="D:\digistore24-api\tests\Unit\Request\Buyer\ListBuyersRequestTest.php" line="19" class="GoSuccess\Digistore24\Api\Tests\Unit\Request\Buyer\ListBuyersRequestTest" classname="GoSuccess.Digistore24.Api.Tests.Unit.Request.Buyer.ListBuyersRequestTest" assertions="1" time="0.000067"/>
      <testcase name="test_endpoint_returns_correct_value" file="D:\digistore24-api\tests\Unit\Request\Buyer\ListBuyersRequestTest.php" line="26" class="GoSuccess\Digistore24\Api\Tests\Unit\Request\Buyer\ListBuyersRequestTest" classname="GoSuccess.Digistore24.Api.Tests.Unit.Request.Buyer.ListBuyersRequestTest" assertions="1" time="0.000067"/>
      <testcase name="test_to_array_returns_empty_array_without_pagination" file="D:\digistore24-api\tests\Unit\Request\Buyer\ListBuyersRequestTest.php" line="33" class="GoSuccess\Digistore24\Api\Tests\Unit\Request\Buyer\ListBuyersRequestTest" classname="GoSuccess.Digistore24.Api.Tests.Unit.Request.Buyer.ListBuyersRequestTest" assertions="2" time="0.000067"/>
      <testcase name="test_to_array_includes_pagination_data" file="D:\digistore24-api\tests\Unit\Request\Buyer\ListBuyersRequestTest.php" line="43" class="GoSuccess\Digistore24\Api\Tests\Unit\Request\Buyer\ListBuyersRequestTest" classname="GoSuccess.Digistore24.Api.Tests.Unit.Request.Buyer.ListBuyersRequestTest" assertions="3" time="0.000068"/>
      <testcase name="test_validate_returns_empty_array" file="D:\digistore24-api\tests\Unit\Request\Buyer\ListBuyersRequestTest.php" line="54" class="GoSuccess\Digistore24\Api\Tests\Unit\Request\Buyer\ListBuyersRequestTest" classname="GoSuccess.Digistore24.Api.Tests.Unit.Request.Buyer.ListBuyersRequestTest" assertions="2" time="0.000065"/>
    </testsuite>
    <testsuite name="GoSuccess\Digistore24\Api\Tests\Unit\Request\Buyer\UpdateBuyerRequestTest" file="D:\digistore24-api\tests\Unit\Request\Buyer\UpdateBuyerRequestTest.php" tests="5" assertions="14" errors="0" failures="0" skipped="0" time="0.001354">
      <testcase name="test_can_create_instance" file="D:\digistore24-api\tests\Unit\Request\Buyer\UpdateBuyerRequestTest.php" line="12" class="GoSuccess\Digistore24\Api\Tests\Unit\Request\Buyer\UpdateBuyerRequestTest" classname="GoSuccess.Digistore24.Api.Tests.Unit.Request.Buyer.UpdateBuyerRequestTest" assertions="1" time="0.000442"/>
      <testcase name="test_endpoint_returns_correct_value" file="D:\digistore24-api\tests\Unit\Request\Buyer\UpdateBuyerRequestTest.php" line="19" class="GoSuccess\Digistore24\Api\Tests\Unit\Request\Buyer\UpdateBuyerRequestTest" classname="GoSuccess.Digistore24.Api.Tests.Unit.Request.Buyer.UpdateBuyerRequestTest" assertions="1" time="0.000086"/>
      <testcase name="test_to_array_includes_buyer_id_only" file="D:\digistore24-api\tests\Unit\Request\Buyer\UpdateBuyerRequestTest.php" line="26" class="GoSuccess\Digistore24\Api\Tests\Unit\Request\Buyer\UpdateBuyerRequestTest" classname="GoSuccess.Digistore24.Api.Tests.Unit.Request.Buyer.UpdateBuyerRequestTest" assertions="3" time="0.000669"/>
      <testcase name="test_to_array_includes_all_optional_data" file="D:\digistore24-api\tests\Unit\Request\Buyer\UpdateBuyerRequestTest.php" line="37" class="GoSuccess\Digistore24\Api\Tests\Unit\Request\Buyer\UpdateBuyerRequestTest" classname="GoSuccess.Digistore24.Api.Tests.Unit.Request.Buyer.UpdateBuyerRequestTest" assertions="7" time="0.000086"/>
      <testcase name="test_validate_returns_empty_array" file="D:\digistore24-api\tests\Unit\Request\Buyer\UpdateBuyerRequestTest.php" line="58" class="GoSuccess\Digistore24\Api\Tests\Unit\Request\Buyer\UpdateBuyerRequestTest" classname="GoSuccess.Digistore24.Api.Tests.Unit.Request.Buyer.UpdateBuyerRequestTest" assertions="2" time="0.000071"/>
    </testsuite>
    <testsuite name="GoSuccess\Digistore24\Api\Tests\Unit\Request\Commission\ListCommissionsRequestTest" file="D:\digistore24-api\tests\Unit\Request\Commission\ListCommissionsRequestTest.php" tests="5" assertions="14" errors="0" failures="0" skipped="0" time="0.000771">
      <testcase name="test_can_create_instance" file="D:\digistore24-api\tests\Unit\Request\Commission\ListCommissionsRequestTest.php" line="12" class="GoSuccess\Digistore24\Api\Tests\Unit\Request\Commission\ListCommissionsRequestTest" classname="GoSuccess.Digistore24.Api.Tests.Unit.Request.Commission.ListCommissionsRequestTest" assertions="1" time="0.000483"/>
      <testcase name="test_endpoint_returns_correct_value" file="D:\digistore24-api\tests\Unit\Request\Commission\ListCommissionsRequestTest.php" line="19" class="GoSuccess\Digistore24\Api\Tests\Unit\Request\Commission\ListCommissionsRequestTest" classname="GoSuccess.Digistore24.Api.Tests.Unit.Request.Commission.ListCommissionsRequestTest" assertions="1" time="0.000077"/>
      <testcase name="test_to_array_returns_empty_array_without_parameters" file="D:\digistore24-api\tests\Unit\Request\Commission\ListCommissionsRequestTest.php" line="26" class="GoSuccess\Digistore24\Api\Tests\Unit\Request\Commission\ListCommissionsRequestTest" classname="GoSuccess.Digistore24.Api.Tests.Unit.Request.Commission.ListCommissionsRequestTest" assertions="2" time="0.000070"/>
      <testcase name="test_to_array_includes_all_optional_parameters" file="D:\digistore24-api\tests\Unit\Request\Commission\ListCommissionsRequestTest.php" line="36" class="GoSuccess\Digistore24\Api\Tests\Unit\Request\Commission\ListCommissionsRequestTest" classname="GoSuccess.Digistore24.Api.Tests.Unit.Request.Commission.ListCommissionsRequestTest" assertions="8" time="0.000073"/>
      <testcase name="test_validate_returns_empty_array" file="D:\digistore24-api\tests\Unit\Request\Commission\ListCommissionsRequestTest.php" line="60" class="GoSuccess\Digistore24\Api\Tests\Unit\Request\Commission\ListCommissionsRequestTest" classname="GoSuccess.Digistore24.Api.Tests.Unit.Request.Commission.ListCommissionsRequestTest" assertions="2" time="0.000068"/>
    </testsuite>
    <testsuite name="GoSuccess\Digistore24\Api\Tests\Unit\Request\ConversionTool\ListConversionToolsRequestTest" file="D:\digistore24-api\tests\Unit\Request\ConversionTool\ListConversionToolsRequestTest.php" tests="4" assertions="6" errors="0" failures="0" skipped="0" time="0.000638">
      <testcase name="test_can_create_instance" file="D:\digistore24-api\tests\Unit\Request\ConversionTool\ListConversionToolsRequestTest.php" line="12" class="GoSuccess\Digistore24\Api\Tests\Unit\Request\ConversionTool\ListConversionToolsRequestTest" classname="GoSuccess.Digistore24.Api.Tests.Unit.Request.ConversionTool.ListConversionToolsRequestTest" assertions="1" time="0.000432"/>
      <testcase name="test_endpoint_returns_correct_value" file="D:\digistore24-api\tests\Unit\Request\ConversionTool\ListConversionToolsRequestTest.php" line="19" class="GoSuccess\Digistore24\Api\Tests\Unit\Request\ConversionTool\ListConversionToolsRequestTest" classname="GoSuccess.Digistore24.Api.Tests.Unit.Request.ConversionTool.ListConversionToolsRequestTest" assertions="1" time="0.000069"/>
      <testcase name="test_to_array_includes_type" file="D:\digistore24-api\tests\Unit\Request\ConversionTool\ListConversionToolsRequestTest.php" line="26" class="GoSuccess\Digistore24\Api\Tests\Unit\Request\ConversionTool\ListConversionToolsRequestTest" classname="GoSuccess.Digistore24.Api.Tests.Unit.Request.ConversionTool.ListConversionToolsRequestTest" assertions="2" time="0.000069"/>
      <testcase name="test_validate_returns_empty_array" file="D:\digistore24-api\tests\Unit\Request\ConversionTool\ListConversionToolsRequestTest.php" line="36" class="GoSuccess\Digistore24\Api\Tests\Unit\Request\ConversionTool\ListConversionToolsRequestTest" classname="GoSuccess.Digistore24.Api.Tests.Unit.Request.ConversionTool.ListConversionToolsRequestTest" assertions="2" time="0.000068"/>
    </testsuite>
    <testsuite name="GoSuccess\Digistore24\Api\Tests\Unit\Request\ConversionTool\ValidateCouponCodeRequestTest" file="D:\digistore24-api\tests\Unit\Request\ConversionTool\ValidateCouponCodeRequestTest.php" tests="4" assertions="6" errors="0" failures="0" skipped="0" time="0.000503">
      <testcase name="test_can_create_instance" file="D:\digistore24-api\tests\Unit\Request\ConversionTool\ValidateCouponCodeRequestTest.php" line="12" class="GoSuccess\Digistore24\Api\Tests\Unit\Request\ConversionTool\ValidateCouponCodeRequestTest" classname="GoSuccess.Digistore24.Api.Tests.Unit.Request.ConversionTool.ValidateCouponCodeRequestTest" assertions="1" time="0.000297"/>
      <testcase name="test_endpoint_returns_correct_value" file="D:\digistore24-api\tests\Unit\Request\ConversionTool\ValidateCouponCodeRequestTest.php" line="19" class="GoSuccess\Digistore24\Api\Tests\Unit\Request\ConversionTool\ValidateCouponCodeRequestTest" classname="GoSuccess.Digistore24.Api.Tests.Unit.Request.ConversionTool.ValidateCouponCodeRequestTest" assertions="1" time="0.000069"/>
      <testcase name="test_to_array_includes_code" file="D:\digistore24-api\tests\Unit\Request\ConversionTool\ValidateCouponCodeRequestTest.php" line="26" class="GoSuccess\Digistore24\Api\Tests\Unit\Request\ConversionTool\ValidateCouponCodeRequestTest" classname="GoSuccess.Digistore24.Api.Tests.Unit.Request.ConversionTool.ValidateCouponCodeRequestTest" assertions="2" time="0.000069"/>
      <testcase name="test_validate_returns_empty_array" file="D:\digistore24-api\tests\Unit\Request\ConversionTool\ValidateCouponCodeRequestTest.php" line="36" class="GoSuccess\Digistore24\Api\Tests\Unit\Request\ConversionTool\ValidateCouponCodeRequestTest" classname="GoSuccess.Digistore24.Api.Tests.Unit.Request.ConversionTool.ValidateCouponCodeRequestTest" assertions="2" time="0.000068"/>
    </testsuite>
    <testsuite name="GoSuccess\Digistore24\Api\Tests\Unit\Request\Country\ListCountriesRequestTest" file="D:\digistore24-api\tests\Unit\Request\Country\ListCountriesRequestTest.php" tests="4" assertions="6" errors="0" failures="0" skipped="0" time="0.000533">
      <testcase name="test_can_create_instance" file="D:\digistore24-api\tests\Unit\Request\Country\ListCountriesRequestTest.php" line="12" class="GoSuccess\Digistore24\Api\Tests\Unit\Request\Country\ListCountriesRequestTest" classname="GoSuccess.Digistore24.Api.Tests.Unit.Request.Country.ListCountriesRequestTest" assertions="1" time="0.000328"/>
      <testcase name="test_endpoint_returns_correct_value" file="D:\digistore24-api\tests\Unit\Request\Country\ListCountriesRequestTest.php" line="19" class="GoSuccess\Digistore24\Api\Tests\Unit\Request\Country\ListCountriesRequestTest" classname="GoSuccess.Digistore24.Api.Tests.Unit.Request.Country.ListCountriesRequestTest" assertions="1" time="0.000068"/>
      <testcase name="test_to_array_returns_empty_array" file="D:\digistore24-api\tests\Unit\Request\Country\ListCountriesRequestTest.php" line="26" class="GoSuccess\Digistore24\Api\Tests\Unit\Request\Country\ListCountriesRequestTest" classname="GoSuccess.Digistore24.Api.Tests.Unit.Request.Country.ListCountriesRequestTest" assertions="2" time="0.000067"/>
      <testcase name="test_validate_returns_empty_array" file="D:\digistore24-api\tests\Unit\Request\Country\ListCountriesRequestTest.php" line="36" class="GoSuccess\Digistore24\Api\Tests\Unit\Request\Country\ListCountriesRequestTest" classname="GoSuccess.Digistore24.Api.Tests.Unit.Request.Country.ListCountriesRequestTest" assertions="2" time="0.000070"/>
    </testsuite>
    <testsuite name="GoSuccess\Digistore24\Api\Tests\Unit\Request\Country\ListCurrenciesRequestTest" file="D:\digistore24-api\tests\Unit\Request\Country\ListCurrenciesRequestTest.php" tests="6" assertions="9" errors="0" failures="0" skipped="0" time="0.000777">
      <testcase name="test_can_create_instance" file="D:\digistore24-api\tests\Unit\Request\Country\ListCurrenciesRequestTest.php" line="12" class="GoSuccess\Digistore24\Api\Tests\Unit\Request\Country\ListCurrenciesRequestTest" classname="GoSuccess.Digistore24.Api.Tests.Unit.Request.Country.ListCurrenciesRequestTest" assertions="1" time="0.000426"/>
      <testcase name="test_can_create_instance_with_convert_to" file="D:\digistore24-api\tests\Unit\Request\Country\ListCurrenciesRequestTest.php" line="19" class="GoSuccess\Digistore24\Api\Tests\Unit\Request\Country\ListCurrenciesRequestTest" classname="GoSuccess.Digistore24.Api.Tests.Unit.Request.Country.ListCurrenciesRequestTest" assertions="1" time="0.000069"/>
      <testcase name="test_endpoint_returns_correct_value" file="D:\digistore24-api\tests\Unit\Request\Country\ListCurrenciesRequestTest.php" line="26" class="GoSuccess\Digistore24\Api\Tests\Unit\Request\Country\ListCurrenciesRequestTest" classname="GoSuccess.Digistore24.Api.Tests.Unit.Request.Country.ListCurrenciesRequestTest" assertions="1" time="0.000066"/>
      <testcase name="test_to_array_returns_empty_array_without_convert_to" file="D:\digistore24-api\tests\Unit\Request\Country\ListCurrenciesRequestTest.php" line="33" class="GoSuccess\Digistore24\Api\Tests\Unit\Request\Country\ListCurrenciesRequestTest" classname="GoSuccess.Digistore24.Api.Tests.Unit.Request.Country.ListCurrenciesRequestTest" assertions="2" time="0.000073"/>
      <testcase name="test_to_array_includes_convert_to_when_set" file="D:\digistore24-api\tests\Unit\Request\Country\ListCurrenciesRequestTest.php" line="43" class="GoSuccess\Digistore24\Api\Tests\Unit\Request\Country\ListCurrenciesRequestTest" classname="GoSuccess.Digistore24.Api.Tests.Unit.Request.Country.ListCurrenciesRequestTest" assertions="2" time="0.000069"/>
      <testcase name="test_validate_returns_empty_array" file="D:\digistore24-api\tests\Unit\Request\Country\ListCurrenciesRequestTest.php" line="53" class="GoSuccess\Digistore24\Api\Tests\Unit\Request\Country\ListCurrenciesRequestTest" classname="GoSuccess.Digistore24.Api.Tests.Unit.Request.Country.ListCurrenciesRequestTest" assertions="2" time="0.000074"/>
    </testsuite>
    <testsuite name="GoSuccess\Digistore24\Api\Tests\Unit\Request\CustomForm\ListCustomFormRecordsRequestTest" file="D:\digistore24-api\tests\Unit\Request\CustomForm\ListCustomFormRecordsRequestTest.php" tests="6" assertions="9" errors="0" failures="0" skipped="0" time="0.000839">
      <testcase name="test_can_create_instance" file="D:\digistore24-api\tests\Unit\Request\CustomForm\ListCustomFormRecordsRequestTest.php" line="12" class="GoSuccess\Digistore24\Api\Tests\Unit\Request\CustomForm\ListCustomFormRecordsRequestTest" classname="GoSuccess.Digistore24.Api.Tests.Unit.Request.CustomForm.ListCustomFormRecordsRequestTest" assertions="1" time="0.000469"/>
      <testcase name="test_can_create_instance_with_purchase_id" file="D:\digistore24-api\tests\Unit\Request\CustomForm\ListCustomFormRecordsRequestTest.php" line="19" class="GoSuccess\Digistore24\Api\Tests\Unit\Request\CustomForm\ListCustomFormRecordsRequestTest" classname="GoSuccess.Digistore24.Api.Tests.Unit.Request.CustomForm.ListCustomFormRecordsRequestTest" assertions="1" time="0.000070"/>
      <testcase name="test_endpoint_returns_correct_value" file="D:\digistore24-api\tests\Unit\Request\CustomForm\ListCustomFormRecordsRequestTest.php" line="26" class="GoSuccess\Digistore24\Api\Tests\Unit\Request\CustomForm\ListCustomFormRecordsRequestTest" classname="GoSuccess.Digistore24.Api.Tests.Unit.Request.CustomForm.ListCustomFormRecordsRequestTest" assertions="1" time="0.000067"/>
      <testcase name="test_to_array_returns_empty_array_without_purchase_id" file="D:\digistore24-api\tests\Unit\Request\CustomForm\ListCustomFormRecordsRequestTest.php" line="33" class="GoSuccess\Digistore24\Api\Tests\Unit\Request\CustomForm\ListCustomFormRecordsRequestTest" classname="GoSuccess.Digistore24.Api.Tests.Unit.Request.CustomForm.ListCustomFormRecordsRequestTest" assertions="2" time="0.000096"/>
      <testcase name="test_to_array_includes_purchase_id_when_set" file="D:\digistore24-api\tests\Unit\Request\CustomForm\ListCustomFormRecordsRequestTest.php" line="43" class="GoSuccess\Digistore24\Api\Tests\Unit\Request\CustomForm\ListCustomFormRecordsRequestTest" classname="GoSuccess.Digistore24.Api.Tests.Unit.Request.CustomForm.ListCustomFormRecordsRequestTest" assertions="2" time="0.000069"/>
      <testcase name="test_validate_returns_empty_array" file="D:\digistore24-api\tests\Unit\Request\CustomForm\ListCustomFormRecordsRequestTest.php" line="53" class="GoSuccess\Digistore24\Api\Tests\Unit\Request\CustomForm\ListCustomFormRecordsRequestTest" classname="GoSuccess.Digistore24.Api.Tests.Unit.Request.CustomForm.ListCustomFormRecordsRequestTest" assertions="2" time="0.000068"/>
    </testsuite>
    <testsuite name="GoSuccess\Digistore24\Api\Tests\Unit\Request\Delivery\GetDeliveryRequestTest" file="D:\digistore24-api\tests\Unit\Request\Delivery\GetDeliveryRequestTest.php" tests="4" assertions="6" errors="0" failures="0" skipped="0" time="0.000522">
      <testcase name="test_can_create_instance" file="D:\digistore24-api\tests\Unit\Request\Delivery\GetDeliveryRequestTest.php" line="12" class="GoSuccess\Digistore24\Api\Tests\Unit\Request\Delivery\GetDeliveryRequestTest" classname="GoSuccess.Digistore24.Api.Tests.Unit.Request.Delivery.GetDeliveryRequestTest" assertions="1" time="0.000321"/>
      <testcase name="test_endpoint_returns_correct_value" file="D:\digistore24-api\tests\Unit\Request\Delivery\GetDeliveryRequestTest.php" line="19" class="GoSuccess\Digistore24\Api\Tests\Unit\Request\Delivery\GetDeliveryRequestTest" classname="GoSuccess.Digistore24.Api.Tests.Unit.Request.Delivery.GetDeliveryRequestTest" assertions="1" time="0.000067"/>
      <testcase name="test_to_array_includes_delivery_id" file="D:\digistore24-api\tests\Unit\Request\Delivery\GetDeliveryRequestTest.php" line="26" class="GoSuccess\Digistore24\Api\Tests\Unit\Request\Delivery\GetDeliveryRequestTest" classname="GoSuccess.Digistore24.Api.Tests.Unit.Request.Delivery.GetDeliveryRequestTest" assertions="2" time="0.000067"/>
      <testcase name="test_validate_returns_empty_array" file="D:\digistore24-api\tests\Unit\Request\Delivery\GetDeliveryRequestTest.php" line="36" class="GoSuccess\Digistore24\Api\Tests\Unit\Request\Delivery\GetDeliveryRequestTest" classname="GoSuccess.Digistore24.Api.Tests.Unit.Request.Delivery.GetDeliveryRequestTest" assertions="2" time="0.000067"/>
    </testsuite>
    <testsuite name="GoSuccess\Digistore24\Api\Tests\Unit\Request\Delivery\ListDeliveriesRequestTest" file="D:\digistore24-api\tests\Unit\Request\Delivery\ListDeliveriesRequestTest.php" tests="6" assertions="9" errors="0" failures="0" skipped="0" time="0.000620">
      <testcase name="test_can_create_instance" file="D:\digistore24-api\tests\Unit\Request\Delivery\ListDeliveriesRequestTest.php" line="12" class="GoSuccess\Digistore24\Api\Tests\Unit\Request\Delivery\ListDeliveriesRequestTest" classname="GoSuccess.Digistore24.Api.Tests.Unit.Request.Delivery.ListDeliveriesRequestTest" assertions="1" time="0.000283"/>
      <testcase name="test_can_create_instance_with_purchase_id" file="D:\digistore24-api\tests\Unit\Request\Delivery\ListDeliveriesRequestTest.php" line="19" class="GoSuccess\Digistore24\Api\Tests\Unit\Request\Delivery\ListDeliveriesRequestTest" classname="GoSuccess.Digistore24.Api.Tests.Unit.Request.Delivery.ListDeliveriesRequestTest" assertions="1" time="0.000067"/>
      <testcase name="test_endpoint_returns_correct_value" file="D:\digistore24-api\tests\Unit\Request\Delivery\ListDeliveriesRequestTest.php" line="26" class="GoSuccess\Digistore24\Api\Tests\Unit\Request\Delivery\ListDeliveriesRequestTest" classname="GoSuccess.Digistore24.Api.Tests.Unit.Request.Delivery.ListDeliveriesRequestTest" assertions="1" time="0.000063"/>
      <testcase name="test_to_array_returns_empty_array_without_purchase_id" file="D:\digistore24-api\tests\Unit\Request\Delivery\ListDeliveriesRequestTest.php" line="33" class="GoSuccess\Digistore24\Api\Tests\Unit\Request\Delivery\ListDeliveriesRequestTest" classname="GoSuccess.Digistore24.Api.Tests.Unit.Request.Delivery.ListDeliveriesRequestTest" assertions="2" time="0.000073"/>
      <testcase name="test_to_array_includes_purchase_id_when_set" file="D:\digistore24-api\tests\Unit\Request\Delivery\ListDeliveriesRequestTest.php" line="43" class="GoSuccess\Digistore24\Api\Tests\Unit\Request\Delivery\ListDeliveriesRequestTest" classname="GoSuccess.Digistore24.Api.Tests.Unit.Request.Delivery.ListDeliveriesRequestTest" assertions="2" time="0.000066"/>
      <testcase name="test_validate_returns_empty_array" file="D:\digistore24-api\tests\Unit\Request\Delivery\ListDeliveriesRequestTest.php" line="53" class="GoSuccess\Digistore24\Api\Tests\Unit\Request\Delivery\ListDeliveriesRequestTest" classname="GoSuccess.Digistore24.Api.Tests.Unit.Request.Delivery.ListDeliveriesRequestTest" assertions="2" time="0.000068"/>
    </testsuite>
    <testsuite name="GoSuccess\Digistore24\Api\Tests\Unit\Request\Delivery\UpdateDeliveryRequestTest" file="D:\digistore24-api\tests\Unit\Request\Delivery\UpdateDeliveryRequestTest.php" tests="4" assertions="8" errors="0" failures="0" skipped="0" time="0.000675">
      <testcase name="test_can_create_instance" file="D:\digistore24-api\tests\Unit\Request\Delivery\UpdateDeliveryRequestTest.php" line="12" class="GoSuccess\Digistore24\Api\Tests\Unit\Request\Delivery\UpdateDeliveryRequestTest" classname="GoSuccess.Digistore24.Api.Tests.Unit.Request.Delivery.UpdateDeliveryRequestTest" assertions="1" time="0.000466"/>
      <testcase name="test_endpoint_returns_correct_value" file="D:\digistore24-api\tests\Unit\Request\Delivery\UpdateDeliveryRequestTest.php" line="22" class="GoSuccess\Digistore24\Api\Tests\Unit\Request\Delivery\UpdateDeliveryRequestTest" classname="GoSuccess.Digistore24.Api.Tests.Unit.Request.Delivery.UpdateDeliveryRequestTest" assertions="1" time="0.000066"/>
      <testcase name="test_to_array_includes_delivery_id_and_data" file="D:\digistore24-api\tests\Unit\Request\Delivery\UpdateDeliveryRequestTest.php" line="32" class="GoSuccess\Digistore24\Api\Tests\Unit\Request\Delivery\UpdateDeliveryRequestTest" classname="GoSuccess.Digistore24.Api.Tests.Unit.Request.Delivery.UpdateDeliveryRequestTest" assertions="4" time="0.000069"/>
      <testcase name="test_validate_returns_empty_array" file="D:\digistore24-api\tests\Unit\Request\Delivery\UpdateDeliveryRequestTest.php" line="47" class="GoSuccess\Digistore24\Api\Tests\Unit\Request\Delivery\UpdateDeliveryRequestTest" classname="GoSuccess.Digistore24.Api.Tests.Unit.Request.Delivery.UpdateDeliveryRequestTest" assertions="2" time="0.000074"/>
    </testsuite>
    <testsuite name="GoSuccess\Digistore24\Api\Tests\Unit\Request\Eticket\CreateEticketRequestTest" file="D:\digistore24-api\tests\Unit\Request\Eticket\CreateEticketRequestTest.php" tests="3" assertions="4" errors="0" failures="0" skipped="0" time="0.000620">
      <testcase name="test_can_create_instance" file="D:\digistore24-api\tests\Unit\Request\Eticket\CreateEticketRequestTest.php" line="13" class="GoSuccess\Digistore24\Api\Tests\Unit\Request\Eticket\CreateEticketRequestTest" classname="GoSuccess.Digistore24.Api.Tests.Unit.Request.Eticket.CreateEticketRequestTest" assertions="1" time="0.000451"/>
      <testcase name="test_endpoint_returns_correct_value" file="D:\digistore24-api\tests\Unit\Request\Eticket\CreateEticketRequestTest.php" line="29" class="GoSuccess\Digistore24\Api\Tests\Unit\Request\Eticket\CreateEticketRequestTest" classname="GoSuccess.Digistore24.Api.Tests.Unit.Request.Eticket.CreateEticketRequestTest" assertions="1" time="0.000078"/>
      <testcase name="test_validate_returns_empty_array" file="D:\digistore24-api\tests\Unit\Request\Eticket\CreateEticketRequestTest.php" line="45" class="GoSuccess\Digistore24\Api\Tests\Unit\Request\Eticket\CreateEticketRequestTest" classname="GoSuccess.Digistore24.Api.Tests.Unit.Request.Eticket.CreateEticketRequestTest" assertions="2" time="0.000092"/>
    </testsuite>
    <testsuite name="GoSuccess\Digistore24\Api\Tests\Unit\Request\Eticket\GetEticketRequestTest" file="D:\digistore24-api\tests\Unit\Request\Eticket\GetEticketRequestTest.php" tests="4" assertions="5" errors="0" failures="0" skipped="0" time="0.000669">
      <testcase name="test_can_create_with_order_id" file="D:\digistore24-api\tests\Unit\Request\Eticket\GetEticketRequestTest.php" line="12" class="GoSuccess\Digistore24\Api\Tests\Unit\Request\Eticket\GetEticketRequestTest" classname="GoSuccess.Digistore24.Api.Tests.Unit.Request.Eticket.GetEticketRequestTest" assertions="1" time="0.000416"/>
      <testcase name="test_endpoint_returns_correct_value" file="D:\digistore24-api\tests\Unit\Request\Eticket\GetEticketRequestTest.php" line="21" class="GoSuccess\Digistore24\Api\Tests\Unit\Request\Eticket\GetEticketRequestTest" classname="GoSuccess.Digistore24.Api.Tests.Unit.Request.Eticket.GetEticketRequestTest" assertions="1" time="0.000069"/>
      <testcase name="test_to_array_converts_correctly" file="D:\digistore24-api\tests\Unit\Request\Eticket\GetEticketRequestTest.php" line="30" class="GoSuccess\Digistore24\Api\Tests\Unit\Request\Eticket\GetEticketRequestTest" classname="GoSuccess.Digistore24.Api.Tests.Unit.Request.Eticket.GetEticketRequestTest" assertions="2" time="0.000117"/>
      <testcase name="test_validation_passes_for_valid_data" file="D:\digistore24-api\tests\Unit\Request\Eticket\GetEticketRequestTest.php" line="42" class="GoSuccess\Digistore24\Api\Tests\Unit\Request\Eticket\GetEticketRequestTest" classname="GoSuccess.Digistore24.Api.Tests.Unit.Request.Eticket.GetEticketRequestTest" assertions="1" time="0.000067"/>
    </testsuite>
    <testsuite name="GoSuccess\Digistore24\Api\Tests\Unit\Request\Eticket\GetEticketSettingsRequestTest" file="D:\digistore24-api\tests\Unit\Request\Eticket\GetEticketSettingsRequestTest.php" tests="4" assertions="6" errors="0" failures="0" skipped="0" time="0.000503">
      <testcase name="test_can_create_instance" file="D:\digistore24-api\tests\Unit\Request\Eticket\GetEticketSettingsRequestTest.php" line="12" class="GoSuccess\Digistore24\Api\Tests\Unit\Request\Eticket\GetEticketSettingsRequestTest" classname="GoSuccess.Digistore24.Api.Tests.Unit.Request.Eticket.GetEticketSettingsRequestTest" assertions="1" time="0.000299"/>
      <testcase name="test_endpoint_returns_correct_value" file="D:\digistore24-api\tests\Unit\Request\Eticket\GetEticketSettingsRequestTest.php" line="19" class="GoSuccess\Digistore24\Api\Tests\Unit\Request\Eticket\GetEticketSettingsRequestTest" classname="GoSuccess.Digistore24.Api.Tests.Unit.Request.Eticket.GetEticketSettingsRequestTest" assertions="1" time="0.000068"/>
      <testcase name="test_to_array_returns_empty_array" file="D:\digistore24-api\tests\Unit\Request\Eticket\GetEticketSettingsRequestTest.php" line="26" class="GoSuccess\Digistore24\Api\Tests\Unit\Request\Eticket\GetEticketSettingsRequestTest" classname="GoSuccess.Digistore24.Api.Tests.Unit.Request.Eticket.GetEticketSettingsRequestTest" assertions="2" time="0.000069"/>
      <testcase name="test_validate_returns_empty_array" file="D:\digistore24-api\tests\Unit\Request\Eticket\GetEticketSettingsRequestTest.php" line="36" class="GoSuccess\Digistore24\Api\Tests\Unit\Request\Eticket\GetEticketSettingsRequestTest" classname="GoSuccess.Digistore24.Api.Tests.Unit.Request.Eticket.GetEticketSettingsRequestTest" assertions="2" time="0.000068"/>
    </testsuite>
    <testsuite name="GoSuccess\Digistore24\Api\Tests\Unit\Request\Eticket\ListEticketLocationsRequestTest" file="D:\digistore24-api\tests\Unit\Request\Eticket\ListEticketLocationsRequestTest.php" tests="4" assertions="6" errors="0" failures="0" skipped="0" time="0.000483">
      <testcase name="test_can_create_instance" file="D:\digistore24-api\tests\Unit\Request\Eticket\ListEticketLocationsRequestTest.php" line="12" class="GoSuccess\Digistore24\Api\Tests\Unit\Request\Eticket\ListEticketLocationsRequestTest" classname="GoSuccess.Digistore24.Api.Tests.Unit.Request.Eticket.ListEticketLocationsRequestTest" assertions="1" time="0.000281"/>
      <testcase name="test_endpoint_returns_correct_value" file="D:\digistore24-api\tests\Unit\Request\Eticket\ListEticketLocationsRequestTest.php" line="19" class="GoSuccess\Digistore24\Api\Tests\Unit\Request\Eticket\ListEticketLocationsRequestTest" classname="GoSuccess.Digistore24.Api.Tests.Unit.Request.Eticket.ListEticketLocationsRequestTest" assertions="1" time="0.000068"/>
      <testcase name="test_to_array_returns_empty_array" file="D:\digistore24-api\tests\Unit\Request\Eticket\ListEticketLocationsRequestTest.php" line="26" class="GoSuccess\Digistore24\Api\Tests\Unit\Request\Eticket\ListEticketLocationsRequestTest" classname="GoSuccess.Digistore24.Api.Tests.Unit.Request.Eticket.ListEticketLocationsRequestTest" assertions="2" time="0.000067"/>
      <testcase name="test_validate_returns_empty_array" file="D:\digistore24-api\tests\Unit\Request\Eticket\ListEticketLocationsRequestTest.php" line="36" class="GoSuccess\Digistore24\Api\Tests\Unit\Request\Eticket\ListEticketLocationsRequestTest" classname="GoSuccess.Digistore24.Api.Tests.Unit.Request.Eticket.ListEticketLocationsRequestTest" assertions="2" time="0.000067"/>
    </testsuite>
    <testsuite name="GoSuccess\Digistore24\Api\Tests\Unit\Request\Eticket\ListEticketTemplatesRequestTest" file="D:\digistore24-api\tests\Unit\Request\Eticket\ListEticketTemplatesRequestTest.php" tests="4" assertions="6" errors="0" failures="0" skipped="0" time="0.000470">
      <testcase name="test_can_create_instance" file="D:\digistore24-api\tests\Unit\Request\Eticket\ListEticketTemplatesRequestTest.php" line="12" class="GoSuccess\Digistore24\Api\Tests\Unit\Request\Eticket\ListEticketTemplatesRequestTest" classname="GoSuccess.Digistore24.Api.Tests.Unit.Request.Eticket.ListEticketTemplatesRequestTest" assertions="1" time="0.000271"/>
      <testcase name="test_endpoint_returns_correct_value" file="D:\digistore24-api\tests\Unit\Request\Eticket\ListEticketTemplatesRequestTest.php" line="19" class="GoSuccess\Digistore24\Api\Tests\Unit\Request\Eticket\ListEticketTemplatesRequestTest" classname="GoSuccess.Digistore24.Api.Tests.Unit.Request.Eticket.ListEticketTemplatesRequestTest" assertions="1" time="0.000066"/>
      <testcase name="test_to_array_returns_empty_array" file="D:\digistore24-api\tests\Unit\Request\Eticket\ListEticketTemplatesRequestTest.php" line="26" class="GoSuccess\Digistore24\Api\Tests\Unit\Request\Eticket\ListEticketTemplatesRequestTest" classname="GoSuccess.Digistore24.Api.Tests.Unit.Request.Eticket.ListEticketTemplatesRequestTest" assertions="2" time="0.000066"/>
      <testcase name="test_validate_returns_empty_array" file="D:\digistore24-api\tests\Unit\Request\Eticket\ListEticketTemplatesRequestTest.php" line="36" class="GoSuccess\Digistore24\Api\Tests\Unit\Request\Eticket\ListEticketTemplatesRequestTest" classname="GoSuccess.Digistore24.Api.Tests.Unit.Request.Eticket.ListEticketTemplatesRequestTest" assertions="2" time="0.000066"/>
    </testsuite>
    <testsuite name="GoSuccess\Digistore24\Api\Tests\Unit\Request\Eticket\ListEticketsRequestTest" file="D:\digistore24-api\tests\Unit\Request\Eticket\ListEticketsRequestTest.php" tests="13" assertions="24" errors="0" failures="0" skipped="0" time="0.001771">
      <testcase name="test_can_create_with_no_filters" file="D:\digistore24-api\tests\Unit\Request\Eticket\ListEticketsRequestTest.php" line="12" class="GoSuccess\Digistore24\Api\Tests\Unit\Request\Eticket\ListEticketsRequestTest" classname="GoSuccess.Digistore24.Api.Tests.Unit.Request.Eticket.ListEticketsRequestTest" assertions="5" time="0.000324"/>
      <testcase name="test_can_create_with_product_filter" file="D:\digistore24-api\tests\Unit\Request\Eticket\ListEticketsRequestTest.php" line="23" class="GoSuccess\Digistore24\Api\Tests\Unit\Request\Eticket\ListEticketsRequestTest" classname="GoSuccess.Digistore24.Api.Tests.Unit.Request.Eticket.ListEticketsRequestTest" assertions="1" time="0.000102"/>
      <testcase name="test_can_create_with_location_filter" file="D:\digistore24-api\tests\Unit\Request\Eticket\ListEticketsRequestTest.php" line="32" class="GoSuccess\Digistore24\Api\Tests\Unit\Request\Eticket\ListEticketsRequestTest" classname="GoSuccess.Digistore24.Api.Tests.Unit.Request.Eticket.ListEticketsRequestTest" assertions="1" time="0.000083"/>
      <testcase name="test_can_create_with_date_filters" file="D:\digistore24-api\tests\Unit\Request\Eticket\ListEticketsRequestTest.php" line="41" class="GoSuccess\Digistore24\Api\Tests\Unit\Request\Eticket\ListEticketsRequestTest" classname="GoSuccess.Digistore24.Api.Tests.Unit.Request.Eticket.ListEticketsRequestTest" assertions="2" time="0.000098"/>
      <testcase name="test_can_create_with_validated_filter" file="D:\digistore24-api\tests\Unit\Request\Eticket\ListEticketsRequestTest.php" line="55" class="GoSuccess\Digistore24\Api\Tests\Unit\Request\Eticket\ListEticketsRequestTest" classname="GoSuccess.Digistore24.Api.Tests.Unit.Request.Eticket.ListEticketsRequestTest" assertions="1" time="0.000329"/>
      <testcase name="test_can_create_with_all_filters" file="D:\digistore24-api\tests\Unit\Request\Eticket\ListEticketsRequestTest.php" line="64" class="GoSuccess\Digistore24\Api\Tests\Unit\Request\Eticket\ListEticketsRequestTest" classname="GoSuccess.Digistore24.Api.Tests.Unit.Request.Eticket.ListEticketsRequestTest" assertions="5" time="0.000147"/>
      <testcase name="test_endpoint_returns_correct_value" file="D:\digistore24-api\tests\Unit\Request\Eticket\ListEticketsRequestTest.php" line="84" class="GoSuccess\Digistore24\Api\Tests\Unit\Request\Eticket\ListEticketsRequestTest" classname="GoSuccess.Digistore24.Api.Tests.Unit.Request.Eticket.ListEticketsRequestTest" assertions="1" time="0.000078"/>
      <testcase name="test_to_array_with_no_filters" file="D:\digistore24-api\tests\Unit\Request\Eticket\ListEticketsRequestTest.php" line="91" class="GoSuccess\Digistore24\Api\Tests\Unit\Request\Eticket\ListEticketsRequestTest" classname="GoSuccess.Digistore24.Api.Tests.Unit.Request.Eticket.ListEticketsRequestTest" assertions="2" time="0.000151"/>
      <testcase name="test_to_array_with_product_id" file="D:\digistore24-api\tests\Unit\Request\Eticket\ListEticketsRequestTest.php" line="101" class="GoSuccess\Digistore24\Api\Tests\Unit\Request\Eticket\ListEticketsRequestTest" classname="GoSuccess.Digistore24.Api.Tests.Unit.Request.Eticket.ListEticketsRequestTest" assertions="1" time="0.000088"/>
      <testcase name="test_to_array_with_date_filters" file="D:\digistore24-api\tests\Unit\Request\Eticket\ListEticketsRequestTest.php" line="112" class="GoSuccess\Digistore24\Api\Tests\Unit\Request\Eticket\ListEticketsRequestTest" classname="GoSuccess.Digistore24.Api.Tests.Unit.Request.Eticket.ListEticketsRequestTest" assertions="2" time="0.000117"/>
      <testcase name="test_to_array_with_validated_filter_true" file="D:\digistore24-api\tests\Unit\Request\Eticket\ListEticketsRequestTest.php" line="128" class="GoSuccess\Digistore24\Api\Tests\Unit\Request\Eticket\ListEticketsRequestTest" classname="GoSuccess.Digistore24.Api.Tests.Unit.Request.Eticket.ListEticketsRequestTest" assertions="1" time="0.000100"/>
      <testcase name="test_to_array_with_validated_filter_false" file="D:\digistore24-api\tests\Unit\Request\Eticket\ListEticketsRequestTest.php" line="139" class="GoSuccess\Digistore24\Api\Tests\Unit\Request\Eticket\ListEticketsRequestTest" classname="GoSuccess.Digistore24.Api.Tests.Unit.Request.Eticket.ListEticketsRequestTest" assertions="1" time="0.000076"/>
      <testcase name="test_validation_passes_for_valid_data" file="D:\digistore24-api\tests\Unit\Request\Eticket\ListEticketsRequestTest.php" line="150" class="GoSuccess\Digistore24\Api\Tests\Unit\Request\Eticket\ListEticketsRequestTest" classname="GoSuccess.Digistore24.Api.Tests.Unit.Request.Eticket.ListEticketsRequestTest" assertions="1" time="0.000078"/>
    </testsuite>
    <testsuite name="GoSuccess\Digistore24\Api\Tests\Unit\Request\Eticket\ValidateEticketRequestTest" file="D:\digistore24-api\tests\Unit\Request\Eticket\ValidateEticketRequestTest.php" tests="4" assertions="5" errors="0" failures="0" skipped="0" time="0.000634">
      <testcase name="test_can_create_with_ticket_id" file="D:\digistore24-api\tests\Unit\Request\Eticket\ValidateEticketRequestTest.php" line="12" class="GoSuccess\Digistore24\Api\Tests\Unit\Request\Eticket\ValidateEticketRequestTest" classname="GoSuccess.Digistore24.Api.Tests.Unit.Request.Eticket.ValidateEticketRequestTest" assertions="1" time="0.000425"/>
      <testcase name="test_endpoint_returns_correct_value" file="D:\digistore24-api\tests\Unit\Request\Eticket\ValidateEticketRequestTest.php" line="21" class="GoSuccess\Digistore24\Api\Tests\Unit\Request\Eticket\ValidateEticketRequestTest" classname="GoSuccess.Digistore24.Api.Tests.Unit.Request.Eticket.ValidateEticketRequestTest" assertions="1" time="0.000071"/>
      <testcase name="test_to_array_converts_correctly" file="D:\digistore24-api\tests\Unit\Request\Eticket\ValidateEticketRequestTest.php" line="30" class="GoSuccess\Digistore24\Api\Tests\Unit\Request\Eticket\ValidateEticketRequestTest" classname="GoSuccess.Digistore24.Api.Tests.Unit.Request.Eticket.ValidateEticketRequestTest" assertions="2" time="0.000071"/>
      <testcase name="test_validation_passes_for_valid_data" file="D:\digistore24-api\tests\Unit\Request\Eticket\ValidateEticketRequestTest.php" line="42" class="GoSuccess\Digistore24\Api\Tests\Unit\Request\Eticket\ValidateEticketRequestTest" classname="GoSuccess.Digistore24.Api.Tests.Unit.Request.Eticket.ValidateEticketRequestTest" assertions="1" time="0.000066"/>
    </testsuite>
    <testsuite name="GoSuccess\Digistore24\Api\Tests\Unit\Request\Fraud\ReportFraudRequestTest" file="D:\digistore24-api\tests\Unit\Request\Fraud\ReportFraudRequestTest.php" tests="4" assertions="8" errors="0" failures="0" skipped="0" time="0.000587">
      <testcase name="test_can_create_instance" file="D:\digistore24-api\tests\Unit\Request\Fraud\ReportFraudRequestTest.php" line="12" class="GoSuccess\Digistore24\Api\Tests\Unit\Request\Fraud\ReportFraudRequestTest" classname="GoSuccess.Digistore24.Api.Tests.Unit.Request.Fraud.ReportFraudRequestTest" assertions="1" time="0.000381"/>
      <testcase name="test_endpoint_returns_correct_value" file="D:\digistore24-api\tests\Unit\Request\Fraud\ReportFraudRequestTest.php" line="23" class="GoSuccess\Digistore24\Api\Tests\Unit\Request\Fraud\ReportFraudRequestTest" classname="GoSuccess.Digistore24.Api.Tests.Unit.Request.Fraud.ReportFraudRequestTest" assertions="1" time="0.000069"/>
      <testcase name="test_to_array_includes_all_data" file="D:\digistore24-api\tests\Unit\Request\Fraud\ReportFraudRequestTest.php" line="34" class="GoSuccess\Digistore24\Api\Tests\Unit\Request\Fraud\ReportFraudRequestTest" classname="GoSuccess.Digistore24.Api.Tests.Unit.Request.Fraud.ReportFraudRequestTest" assertions="4" time="0.000070"/>
      <testcase name="test_validate_returns_empty_array" file="D:\digistore24-api\tests\Unit\Request\Fraud\ReportFraudRequestTest.php" line="50" class="GoSuccess\Digistore24\Api\Tests\Unit\Request\Fraud\ReportFraudRequestTest" classname="GoSuccess.Digistore24.Api.Tests.Unit.Request.Fraud.ReportFraudRequestTest" assertions="2" time="0.000067"/>
    </testsuite>
    <testsuite name="GoSuccess\Digistore24\Api\Tests\Unit\Request\Image\CreateImageRequestTest" file="D:\digistore24-api\tests\Unit\Request\Image\CreateImageRequestTest.php" tests="8" assertions="24" errors="0" failures="0" skipped="0" time="0.001081">
      <testcase name="testCanCreateWithRequiredFields" file="D:\digistore24-api\tests\Unit\Request\Image\CreateImageRequestTest.php" line="12" class="GoSuccess\Digistore24\Api\Tests\Unit\Request\Image\CreateImageRequestTest" classname="GoSuccess.Digistore24.Api.Tests.Unit.Request.Image.CreateImageRequestTest" assertions="4" time="0.000385"/>
      <testcase name="testCanCreateWithAllFields" file="D:\digistore24-api\tests\Unit\Request\Image\CreateImageRequestTest.php" line="25" class="GoSuccess\Digistore24\Api\Tests\Unit\Request\Image\CreateImageRequestTest" classname="GoSuccess.Digistore24.Api.Tests.Unit.Request.Image.CreateImageRequestTest" assertions="4" time="0.000150"/>
      <testcase name="testNameCannotExceed63Characters" file="D:\digistore24-api\tests\Unit\Request\Image\CreateImageRequestTest.php" line="40" class="GoSuccess\Digistore24\Api\Tests\Unit\Request\Image\CreateImageRequestTest" classname="GoSuccess.Digistore24.Api.Tests.Unit.Request.Image.CreateImageRequestTest" assertions="2" time="0.000108"/>
      <testcase name="testNameCanBe63Characters" file="D:\digistore24-api\tests\Unit\Request\Image\CreateImageRequestTest.php" line="51" class="GoSuccess\Digistore24\Api\Tests\Unit\Request\Image\CreateImageRequestTest" classname="GoSuccess.Digistore24.Api.Tests.Unit.Request.Image.CreateImageRequestTest" assertions="1" time="0.000081"/>
      <testcase name="testEndpointReturnsCorrectValue" file="D:\digistore24-api\tests\Unit\Request\Image\CreateImageRequestTest.php" line="61" class="GoSuccess\Digistore24\Api\Tests\Unit\Request\Image\CreateImageRequestTest" classname="GoSuccess.Digistore24.Api.Tests.Unit.Request.Image.CreateImageRequestTest" assertions="1" time="0.000082"/>
      <testcase name="testToArrayWithMinimalData" file="D:\digistore24-api\tests\Unit\Request\Image\CreateImageRequestTest.php" line="71" class="GoSuccess\Digistore24\Api\Tests\Unit\Request\Image\CreateImageRequestTest" classname="GoSuccess.Digistore24.Api.Tests.Unit.Request.Image.CreateImageRequestTest" assertions="5" time="0.000097"/>
      <testcase name="testToArrayWithAllData" file="D:\digistore24-api\tests\Unit\Request\Image\CreateImageRequestTest.php" line="87" class="GoSuccess\Digistore24\Api\Tests\Unit\Request\Image\CreateImageRequestTest" classname="GoSuccess.Digistore24.Api.Tests.Unit.Request.Image.CreateImageRequestTest" assertions="5" time="0.000081"/>
      <testcase name="testValidationPassesForValidData" file="D:\digistore24-api\tests\Unit\Request\Image\CreateImageRequestTest.php" line="105" class="GoSuccess\Digistore24\Api\Tests\Unit\Request\Image\CreateImageRequestTest" classname="GoSuccess.Digistore24.Api.Tests.Unit.Request.Image.CreateImageRequestTest" assertions="2" time="0.000096"/>
    </testsuite>
    <testsuite name="GoSuccess\Digistore24\Api\Tests\Unit\Request\Image\DeleteImageRequestTest" file="D:\digistore24-api\tests\Unit\Request\Image\DeleteImageRequestTest.php" tests="4" assertions="6" errors="0" failures="0" skipped="0" time="0.000787">
      <testcase name="test_can_create_instance" file="D:\digistore24-api\tests\Unit\Request\Image\DeleteImageRequestTest.php" line="12" class="GoSuccess\Digistore24\Api\Tests\Unit\Request\Image\DeleteImageRequestTest" classname="GoSuccess.Digistore24.Api.Tests.Unit.Request.Image.DeleteImageRequestTest" assertions="1" time="0.000574"/>
      <testcase name="test_endpoint_returns_correct_value" file="D:\digistore24-api\tests\Unit\Request\Image\DeleteImageRequestTest.php" line="19" class="GoSuccess\Digistore24\Api\Tests\Unit\Request\Image\DeleteImageRequestTest" classname="GoSuccess.Digistore24.Api.Tests.Unit.Request.Image.DeleteImageRequestTest" assertions="1" time="0.000069"/>
      <testcase name="test_to_array_includes_image_id" file="D:\digistore24-api\tests\Unit\Request\Image\DeleteImageRequestTest.php" line="26" class="GoSuccess\Digistore24\Api\Tests\Unit\Request\Image\DeleteImageRequestTest" classname="GoSuccess.Digistore24.Api.Tests.Unit.Request.Image.DeleteImageRequestTest" assertions="2" time="0.000076"/>
      <testcase name="test_validate_returns_empty_array" file="D:\digistore24-api\tests\Unit\Request\Image\DeleteImageRequestTest.php" line="36" class="GoSuccess\Digistore24\Api\Tests\Unit\Request\Image\DeleteImageRequestTest" classname="GoSuccess.Digistore24.Api.Tests.Unit.Request.Image.DeleteImageRequestTest" assertions="2" time="0.000068"/>
    </testsuite>
    <testsuite name="GoSuccess\Digistore24\Api\Tests\Unit\Request\Image\GetImageRequestTest" file="D:\digistore24-api\tests\Unit\Request\Image\GetImageRequestTest.php" tests="4" assertions="6" errors="0" failures="0" skipped="0" time="0.000508">
      <testcase name="test_can_create_instance" file="D:\digistore24-api\tests\Unit\Request\Image\GetImageRequestTest.php" line="12" class="GoSuccess\Digistore24\Api\Tests\Unit\Request\Image\GetImageRequestTest" classname="GoSuccess.Digistore24.Api.Tests.Unit.Request.Image.GetImageRequestTest" assertions="1" time="0.000301"/>
      <testcase name="test_endpoint_returns_correct_value" file="D:\digistore24-api\tests\Unit\Request\Image\GetImageRequestTest.php" line="19" class="GoSuccess\Digistore24\Api\Tests\Unit\Request\Image\GetImageRequestTest" classname="GoSuccess.Digistore24.Api.Tests.Unit.Request.Image.GetImageRequestTest" assertions="1" time="0.000068"/>
      <testcase name="test_to_array_includes_image_id" file="D:\digistore24-api\tests\Unit\Request\Image\GetImageRequestTest.php" line="26" class="GoSuccess\Digistore24\Api\Tests\Unit\Request\Image\GetImageRequestTest" classname="GoSuccess.Digistore24.Api.Tests.Unit.Request.Image.GetImageRequestTest" assertions="2" time="0.000068"/>
      <testcase name="test_validate_returns_empty_array" file="D:\digistore24-api\tests\Unit\Request\Image\GetImageRequestTest.php" line="36" class="GoSuccess\Digistore24\Api\Tests\Unit\Request\Image\GetImageRequestTest" classname="GoSuccess.Digistore24.Api.Tests.Unit.Request.Image.GetImageRequestTest" assertions="2" time="0.000070"/>
    </testsuite>
    <testsuite name="GoSuccess\Digistore24\Api\Tests\Unit\Request\Image\ListImagesRequestTest" file="D:\digistore24-api\tests\Unit\Request\Image\ListImagesRequestTest.php" tests="6" assertions="9" errors="0" failures="0" skipped="0" time="0.000856">
      <testcase name="test_can_create_instance" file="D:\digistore24-api\tests\Unit\Request\Image\ListImagesRequestTest.php" line="12" class="GoSuccess\Digistore24\Api\Tests\Unit\Request\Image\ListImagesRequestTest" classname="GoSuccess.Digistore24.Api.Tests.Unit.Request.Image.ListImagesRequestTest" assertions="1" time="0.000513"/>
      <testcase name="test_can_create_instance_with_usage_type" file="D:\digistore24-api\tests\Unit\Request\Image\ListImagesRequestTest.php" line="19" class="GoSuccess\Digistore24\Api\Tests\Unit\Request\Image\ListImagesRequestTest" classname="GoSuccess.Digistore24.Api.Tests.Unit.Request.Image.ListImagesRequestTest" assertions="1" time="0.000068"/>
      <testcase name="test_endpoint_returns_correct_value" file="D:\digistore24-api\tests\Unit\Request\Image\ListImagesRequestTest.php" line="26" class="GoSuccess\Digistore24\Api\Tests\Unit\Request\Image\ListImagesRequestTest" classname="GoSuccess.Digistore24.Api.Tests.Unit.Request.Image.ListImagesRequestTest" assertions="1" time="0.000068"/>
      <testcase name="test_to_array_returns_empty_array_without_usage_type" file="D:\digistore24-api\tests\Unit\Request\Image\ListImagesRequestTest.php" line="33" class="GoSuccess\Digistore24\Api\Tests\Unit\Request\Image\ListImagesRequestTest" classname="GoSuccess.Digistore24.Api.Tests.Unit.Request.Image.ListImagesRequestTest" assertions="2" time="0.000068"/>
      <testcase name="test_to_array_includes_usage_type_when_set" file="D:\digistore24-api\tests\Unit\Request\Image\ListImagesRequestTest.php" line="43" class="GoSuccess\Digistore24\Api\Tests\Unit\Request\Image\ListImagesRequestTest" classname="GoSuccess.Digistore24.Api.Tests.Unit.Request.Image.ListImagesRequestTest" assertions="2" time="0.000069"/>
      <testcase name="test_validate_returns_empty_array" file="D:\digistore24-api\tests\Unit\Request\Image\ListImagesRequestTest.php" line="53" class="GoSuccess\Digistore24\Api\Tests\Unit\Request\Image\ListImagesRequestTest" classname="GoSuccess.Digistore24.Api.Tests.Unit.Request.Image.ListImagesRequestTest" assertions="2" time="0.000070"/>
    </testsuite>
    <testsuite name="GoSuccess\Digistore24\Api\Tests\Unit\Request\Invoice\ListInvoicesRequestTest" file="D:\digistore24-api\tests\Unit\Request\Invoice\ListInvoicesRequestTest.php" tests="4" assertions="6" errors="0" failures="0" skipped="0" time="0.000539">
      <testcase name="test_can_create_instance" file="D:\digistore24-api\tests\Unit\Request\Invoice\ListInvoicesRequestTest.php" line="12" class="GoSuccess\Digistore24\Api\Tests\Unit\Request\Invoice\ListInvoicesRequestTest" classname="GoSuccess.Digistore24.Api.Tests.Unit.Request.Invoice.ListInvoicesRequestTest" assertions="1" time="0.000334"/>
      <testcase name="test_endpoint_returns_correct_value" file="D:\digistore24-api\tests\Unit\Request\Invoice\ListInvoicesRequestTest.php" line="19" class="GoSuccess\Digistore24\Api\Tests\Unit\Request\Invoice\ListInvoicesRequestTest" classname="GoSuccess.Digistore24.Api.Tests.Unit.Request.Invoice.ListInvoicesRequestTest" assertions="1" time="0.000070"/>
      <testcase name="test_to_array_includes_purchase_id" file="D:\digistore24-api\tests\Unit\Request\Invoice\ListInvoicesRequestTest.php" line="26" class="GoSuccess\Digistore24\Api\Tests\Unit\Request\Invoice\ListInvoicesRequestTest" classname="GoSuccess.Digistore24.Api.Tests.Unit.Request.Invoice.ListInvoicesRequestTest" assertions="2" time="0.000068"/>
      <testcase name="test_validate_returns_empty_array" file="D:\digistore24-api\tests\Unit\Request\Invoice\ListInvoicesRequestTest.php" line="36" class="GoSuccess\Digistore24\Api\Tests\Unit\Request\Invoice\ListInvoicesRequestTest" classname="GoSuccess.Digistore24.Api.Tests.Unit.Request.Invoice.ListInvoicesRequestTest" assertions="2" time="0.000067"/>
    </testsuite>
    <testsuite name="GoSuccess\Digistore24\Api\Tests\Unit\Request\Invoice\ResendInvoiceMailRequestTest" file="D:\digistore24-api\tests\Unit\Request\Invoice\ResendInvoiceMailRequestTest.php" tests="4" assertions="6" errors="0" failures="0" skipped="0" time="0.000712">
      <testcase name="test_can_create_instance" file="D:\digistore24-api\tests\Unit\Request\Invoice\ResendInvoiceMailRequestTest.php" line="12" class="GoSuccess\Digistore24\Api\Tests\Unit\Request\Invoice\ResendInvoiceMailRequestTest" classname="GoSuccess.Digistore24.Api.Tests.Unit.Request.Invoice.ResendInvoiceMailRequestTest" assertions="1" time="0.000325"/>
      <testcase name="test_endpoint_returns_correct_value" file="D:\digistore24-api\tests\Unit\Request\Invoice\ResendInvoiceMailRequestTest.php" line="19" class="GoSuccess\Digistore24\Api\Tests\Unit\Request\Invoice\ResendInvoiceMailRequestTest" classname="GoSuccess.Digistore24.Api.Tests.Unit.Request.Invoice.ResendInvoiceMailRequestTest" assertions="1" time="0.000230"/>
      <testcase name="test_to_array_includes_purchase_id" file="D:\digistore24-api\tests\Unit\Request\Invoice\ResendInvoiceMailRequestTest.php" line="26" class="GoSuccess\Digistore24\Api\Tests\Unit\Request\Invoice\ResendInvoiceMailRequestTest" classname="GoSuccess.Digistore24.Api.Tests.Unit.Request.Invoice.ResendInvoiceMailRequestTest" assertions="2" time="0.000085"/>
      <testcase name="test_validate_returns_empty_array" file="D:\digistore24-api\tests\Unit\Request\Invoice\ResendInvoiceMailRequestTest.php" line="36" class="GoSuccess\Digistore24\Api\Tests\Unit\Request\Invoice\ResendInvoiceMailRequestTest" classname="GoSuccess.Digistore24.Api.Tests.Unit.Request.Invoice.ResendInvoiceMailRequestTest" assertions="2" time="0.000072"/>
    </testsuite>
    <testsuite name="GoSuccess\Digistore24\Api\Tests\Unit\Request\Ipn\IpnDeleteRequestTest" file="D:\digistore24-api\tests\Unit\Request\Ipn\IpnDeleteRequestTest.php" tests="4" assertions="6" errors="0" failures="0" skipped="0" time="0.000599">
      <testcase name="test_can_create_instance" file="D:\digistore24-api\tests\Unit\Request\Ipn\IpnDeleteRequestTest.php" line="12" class="GoSuccess\Digistore24\Api\Tests\Unit\Request\Ipn\IpnDeleteRequestTest" classname="GoSuccess.Digistore24.Api.Tests.Unit.Request.Ipn.IpnDeleteRequestTest" assertions="1" time="0.000391"/>
      <testcase name="test_endpoint_returns_correct_value" file="D:\digistore24-api\tests\Unit\Request\Ipn\IpnDeleteRequestTest.php" line="19" class="GoSuccess\Digistore24\Api\Tests\Unit\Request\Ipn\IpnDeleteRequestTest" classname="GoSuccess.Digistore24.Api.Tests.Unit.Request.Ipn.IpnDeleteRequestTest" assertions="1" time="0.000071"/>
      <testcase name="test_to_array_returns_empty_array" file="D:\digistore24-api\tests\Unit\Request\Ipn\IpnDeleteRequestTest.php" line="26" class="GoSuccess\Digistore24\Api\Tests\Unit\Request\Ipn\IpnDeleteRequestTest" classname="GoSuccess.Digistore24.Api.Tests.Unit.Request.Ipn.IpnDeleteRequestTest" assertions="2" time="0.000069"/>
      <testcase name="test_validate_returns_empty_array" file="D:\digistore24-api\tests\Unit\Request\Ipn\IpnDeleteRequestTest.php" line="36" class="GoSuccess\Digistore24\Api\Tests\Unit\Request\Ipn\IpnDeleteRequestTest" classname="GoSuccess.Digistore24.Api.Tests.Unit.Request.Ipn.IpnDeleteRequestTest" assertions="2" time="0.000068"/>
    </testsuite>
    <testsuite name="GoSuccess\Digistore24\Api\Tests\Unit\Request\Ipn\IpnInfoRequestTest" file="D:\digistore24-api\tests\Unit\Request\Ipn\IpnInfoRequestTest.php" tests="4" assertions="6" errors="0" failures="0" skipped="0" time="0.000523">
      <testcase name="test_can_create_instance" file="D:\digistore24-api\tests\Unit\Request\Ipn\IpnInfoRequestTest.php" line="12" class="GoSuccess\Digistore24\Api\Tests\Unit\Request\Ipn\IpnInfoRequestTest" classname="GoSuccess.Digistore24.Api.Tests.Unit.Request.Ipn.IpnInfoRequestTest" assertions="1" time="0.000315"/>
      <testcase name="test_endpoint_returns_correct_value" file="D:\digistore24-api\tests\Unit\Request\Ipn\IpnInfoRequestTest.php" line="19" class="GoSuccess\Digistore24\Api\Tests\Unit\Request\Ipn\IpnInfoRequestTest" classname="GoSuccess.Digistore24.Api.Tests.Unit.Request.Ipn.IpnInfoRequestTest" assertions="1" time="0.000069"/>
      <testcase name="test_to_array_returns_empty_array" file="D:\digistore24-api\tests\Unit\Request\Ipn\IpnInfoRequestTest.php" line="26" class="GoSuccess\Digistore24\Api\Tests\Unit\Request\Ipn\IpnInfoRequestTest" classname="GoSuccess.Digistore24.Api.Tests.Unit.Request.Ipn.IpnInfoRequestTest" assertions="2" time="0.000070"/>
      <testcase name="test_validate_returns_empty_array" file="D:\digistore24-api\tests\Unit\Request\Ipn\IpnInfoRequestTest.php" line="36" class="GoSuccess\Digistore24\Api\Tests\Unit\Request\Ipn\IpnInfoRequestTest" classname="GoSuccess.Digistore24.Api.Tests.Unit.Request.Ipn.IpnInfoRequestTest" assertions="2" time="0.000068"/>
    </testsuite>
    <testsuite name="GoSuccess\Digistore24\Api\Tests\Unit\Request\Ipn\IpnSetupRequestTest" file="D:\digistore24-api\tests\Unit\Request\Ipn\IpnSetupRequestTest.php" tests="5" assertions="10" errors="0" failures="0" skipped="0" time="0.000606">
      <testcase name="test_can_create_instance" file="D:\digistore24-api\tests\Unit\Request\Ipn\IpnSetupRequestTest.php" line="12" class="GoSuccess\Digistore24\Api\Tests\Unit\Request\Ipn\IpnSetupRequestTest" classname="GoSuccess.Digistore24.Api.Tests.Unit.Request.Ipn.IpnSetupRequestTest" assertions="1" time="0.000328"/>
      <testcase name="test_endpoint_returns_correct_value" file="D:\digistore24-api\tests\Unit\Request\Ipn\IpnSetupRequestTest.php" line="19" class="GoSuccess\Digistore24\Api\Tests\Unit\Request\Ipn\IpnSetupRequestTest" classname="GoSuccess.Digistore24.Api.Tests.Unit.Request.Ipn.IpnSetupRequestTest" assertions="1" time="0.000068"/>
      <testcase name="test_to_array_includes_url_only" file="D:\digistore24-api\tests\Unit\Request\Ipn\IpnSetupRequestTest.php" line="26" class="GoSuccess\Digistore24\Api\Tests\Unit\Request\Ipn\IpnSetupRequestTest" classname="GoSuccess.Digistore24.Api.Tests.Unit.Request.Ipn.IpnSetupRequestTest" assertions="3" time="0.000073"/>
      <testcase name="test_to_array_includes_ipn_password_when_set" file="D:\digistore24-api\tests\Unit\Request\Ipn\IpnSetupRequestTest.php" line="37" class="GoSuccess\Digistore24\Api\Tests\Unit\Request\Ipn\IpnSetupRequestTest" classname="GoSuccess.Digistore24.Api.Tests.Unit.Request.Ipn.IpnSetupRequestTest" assertions="3" time="0.000069"/>
      <testcase name="test_validate_returns_empty_array" file="D:\digistore24-api\tests\Unit\Request\Ipn\IpnSetupRequestTest.php" line="51" class="GoSuccess\Digistore24\Api\Tests\Unit\Request\Ipn\IpnSetupRequestTest" classname="GoSuccess.Digistore24.Api.Tests.Unit.Request.Ipn.IpnSetupRequestTest" assertions="2" time="0.000068"/>
    </testsuite>
    <testsuite name="GoSuccess\Digistore24\Api\Tests\Unit\Request\License\ValidateLicenseKeyRequestTest" file="D:\digistore24-api\tests\Unit\Request\License\ValidateLicenseKeyRequestTest.php" tests="4" assertions="7" errors="0" failures="0" skipped="0" time="0.000703">
      <testcase name="test_can_create_instance" file="D:\digistore24-api\tests\Unit\Request\License\ValidateLicenseKeyRequestTest.php" line="12" class="GoSuccess\Digistore24\Api\Tests\Unit\Request\License\ValidateLicenseKeyRequestTest" classname="GoSuccess.Digistore24.Api.Tests.Unit.Request.License.ValidateLicenseKeyRequestTest" assertions="1" time="0.000460"/>
      <testcase name="test_endpoint_returns_correct_value" file="D:\digistore24-api\tests\Unit\Request\License\ValidateLicenseKeyRequestTest.php" line="22" class="GoSuccess\Digistore24\Api\Tests\Unit\Request\License\ValidateLicenseKeyRequestTest" classname="GoSuccess.Digistore24.Api.Tests.Unit.Request.License.ValidateLicenseKeyRequestTest" assertions="1" time="0.000100"/>
      <testcase name="test_to_array_includes_all_data" file="D:\digistore24-api\tests\Unit\Request\License\ValidateLicenseKeyRequestTest.php" line="32" class="GoSuccess\Digistore24\Api\Tests\Unit\Request\License\ValidateLicenseKeyRequestTest" classname="GoSuccess.Digistore24.Api.Tests.Unit.Request.License.ValidateLicenseKeyRequestTest" assertions="3" time="0.000074"/>
      <testcase name="test_validate_returns_empty_array" file="D:\digistore24-api\tests\Unit\Request\License\ValidateLicenseKeyRequestTest.php" line="46" class="GoSuccess\Digistore24\Api\Tests\Unit\Request\License\ValidateLicenseKeyRequestTest" classname="GoSuccess.Digistore24.Api.Tests.Unit.Request.License.ValidateLicenseKeyRequestTest" assertions="2" time="0.000069"/>
    </testsuite>
    <testsuite name="GoSuccess\Digistore24\Api\Tests\Unit\Request\Marketplace\GetMarketplaceEntryRequestTest" file="D:\digistore24-api\tests\Unit\Request\Marketplace\GetMarketplaceEntryRequestTest.php" tests="4" assertions="6" errors="0" failures="0" skipped="0" time="0.000656">
      <testcase name="test_can_create_instance" file="D:\digistore24-api\tests\Unit\Request\Marketplace\GetMarketplaceEntryRequestTest.php" line="12" class="GoSuccess\Digistore24\Api\Tests\Unit\Request\Marketplace\GetMarketplaceEntryRequestTest" classname="GoSuccess.Digistore24.Api.Tests.Unit.Request.Marketplace.GetMarketplaceEntryRequestTest" assertions="1" time="0.000444"/>
      <testcase name="test_endpoint_returns_correct_value" file="D:\digistore24-api\tests\Unit\Request\Marketplace\GetMarketplaceEntryRequestTest.php" line="19" class="GoSuccess\Digistore24\Api\Tests\Unit\Request\Marketplace\GetMarketplaceEntryRequestTest" classname="GoSuccess.Digistore24.Api.Tests.Unit.Request.Marketplace.GetMarketplaceEntryRequestTest" assertions="1" time="0.000076"/>
      <testcase name="test_to_array_includes_entry_id" file="D:\digistore24-api\tests\Unit\Request\Marketplace\GetMarketplaceEntryRequestTest.php" line="26" class="GoSuccess\Digistore24\Api\Tests\Unit\Request\Marketplace\GetMarketplaceEntryRequestTest" classname="GoSuccess.Digistore24.Api.Tests.Unit.Request.Marketplace.GetMarketplaceEntryRequestTest" assertions="2" time="0.000069"/>
      <testcase name="test_validate_returns_empty_array" file="D:\digistore24-api\tests\Unit\Request\Marketplace\GetMarketplaceEntryRequestTest.php" line="36" class="GoSuccess\Digistore24\Api\Tests\Unit\Request\Marketplace\GetMarketplaceEntryRequestTest" classname="GoSuccess.Digistore24.Api.Tests.Unit.Request.Marketplace.GetMarketplaceEntryRequestTest" assertions="2" time="0.000067"/>
    </testsuite>
    <testsuite name="GoSuccess\Digistore24\Api\Tests\Unit\Request\Marketplace\ListMarketplaceEntriesRequestTest" file="D:\digistore24-api\tests\Unit\Request\Marketplace\ListMarketplaceEntriesRequestTest.php" tests="4" assertions="6" errors="0" failures="0" skipped="0" time="0.000589">
      <testcase name="test_can_create_instance" file="D:\digistore24-api\tests\Unit\Request\Marketplace\ListMarketplaceEntriesRequestTest.php" line="12" class="GoSuccess\Digistore24\Api\Tests\Unit\Request\Marketplace\ListMarketplaceEntriesRequestTest" classname="GoSuccess.Digistore24.Api.Tests.Unit.Request.Marketplace.ListMarketplaceEntriesRequestTest" assertions="1" time="0.000336"/>
      <testcase name="test_endpoint_returns_correct_value" file="D:\digistore24-api\tests\Unit\Request\Marketplace\ListMarketplaceEntriesRequestTest.php" line="19" class="GoSuccess\Digistore24\Api\Tests\Unit\Request\Marketplace\ListMarketplaceEntriesRequestTest" classname="GoSuccess.Digistore24.Api.Tests.Unit.Request.Marketplace.ListMarketplaceEntriesRequestTest" assertions="1" time="0.000076"/>
      <testcase name="test_to_array_returns_empty_array" file="D:\digistore24-api\tests\Unit\Request\Marketplace\ListMarketplaceEntriesRequestTest.php" line="26" class="GoSuccess\Digistore24\Api\Tests\Unit\Request\Marketplace\ListMarketplaceEntriesRequestTest" classname="GoSuccess.Digistore24.Api.Tests.Unit.Request.Marketplace.ListMarketplaceEntriesRequestTest" assertions="2" time="0.000109"/>
      <testcase name="test_validate_returns_empty_array" file="D:\digistore24-api\tests\Unit\Request\Marketplace\ListMarketplaceEntriesRequestTest.php" line="36" class="GoSuccess\Digistore24\Api\Tests\Unit\Request\Marketplace\ListMarketplaceEntriesRequestTest" classname="GoSuccess.Digistore24.Api.Tests.Unit.Request.Marketplace.ListMarketplaceEntriesRequestTest" assertions="2" time="0.000068"/>
    </testsuite>
    <testsuite name="GoSuccess\Digistore24\Api\Tests\Unit\Request\Marketplace\StatsMarketplaceRequestTest" file="D:\digistore24-api\tests\Unit\Request\Marketplace\StatsMarketplaceRequestTest.php" tests="6" assertions="10" errors="0" failures="0" skipped="0" time="0.000657">
      <testcase name="test_can_create_instance" file="D:\digistore24-api\tests\Unit\Request\Marketplace\StatsMarketplaceRequestTest.php" line="12" class="GoSuccess\Digistore24\Api\Tests\Unit\Request\Marketplace\StatsMarketplaceRequestTest" classname="GoSuccess.Digistore24.Api.Tests.Unit.Request.Marketplace.StatsMarketplaceRequestTest" assertions="1" time="0.000318"/>
      <testcase name="test_can_create_instance_with_dates" file="D:\digistore24-api\tests\Unit\Request\Marketplace\StatsMarketplaceRequestTest.php" line="19" class="GoSuccess\Digistore24\Api\Tests\Unit\Request\Marketplace\StatsMarketplaceRequestTest" classname="GoSuccess.Digistore24.Api.Tests.Unit.Request.Marketplace.StatsMarketplaceRequestTest" assertions="1" time="0.000069"/>
      <testcase name="test_endpoint_returns_correct_value" file="D:\digistore24-api\tests\Unit\Request\Marketplace\StatsMarketplaceRequestTest.php" line="26" class="GoSuccess\Digistore24\Api\Tests\Unit\Request\Marketplace\StatsMarketplaceRequestTest" classname="GoSuccess.Digistore24.Api.Tests.Unit.Request.Marketplace.StatsMarketplaceRequestTest" assertions="1" time="0.000066"/>
      <testcase name="test_to_array_returns_empty_array_without_dates" file="D:\digistore24-api\tests\Unit\Request\Marketplace\StatsMarketplaceRequestTest.php" line="33" class="GoSuccess\Digistore24\Api\Tests\Unit\Request\Marketplace\StatsMarketplaceRequestTest" classname="GoSuccess.Digistore24.Api.Tests.Unit.Request.Marketplace.StatsMarketplaceRequestTest" assertions="2" time="0.000068"/>
      <testcase name="test_to_array_includes_dates_when_set" file="D:\digistore24-api\tests\Unit\Request\Marketplace\StatsMarketplaceRequestTest.php" line="43" class="GoSuccess\Digistore24\Api\Tests\Unit\Request\Marketplace\StatsMarketplaceRequestTest" classname="GoSuccess.Digistore24.Api.Tests.Unit.Request.Marketplace.StatsMarketplaceRequestTest" assertions="3" time="0.000069"/>
      <testcase name="test_validate_returns_empty_array" file="D:\digistore24-api\tests\Unit\Request\Marketplace\StatsMarketplaceRequestTest.php" line="54" class="GoSuccess\Digistore24\Api\Tests\Unit\Request\Marketplace\StatsMarketplaceRequestTest" classname="GoSuccess.Digistore24.Api.Tests.Unit.Request.Marketplace.StatsMarketplaceRequestTest" assertions="2" time="0.000067"/>
    </testsuite>
    <testsuite name="GoSuccess\Digistore24\Api\Tests\Unit\Request\OrderForm\CreateOrderformRequestTest" file="D:\digistore24-api\tests\Unit\Request\OrderForm\CreateOrderformRequestTest.php" tests="3" assertions="4" errors="0" failures="0" skipped="0" time="0.000544">
      <testcase name="test_can_create_instance" file="D:\digistore24-api\tests\Unit\Request\OrderForm\CreateOrderformRequestTest.php" line="12" class="GoSuccess\Digistore24\Api\Tests\Unit\Request\OrderForm\CreateOrderformRequestTest" classname="GoSuccess.Digistore24.Api.Tests.Unit.Request.OrderForm.CreateOrderformRequestTest" assertions="1" time="0.000362"/>
      <testcase name="test_endpoint_returns_correct_value" file="D:\digistore24-api\tests\Unit\Request\OrderForm\CreateOrderformRequestTest.php" line="19" class="GoSuccess\Digistore24\Api\Tests\Unit\Request\OrderForm\CreateOrderformRequestTest" classname="GoSuccess.Digistore24.Api.Tests.Unit.Request.OrderForm.CreateOrderformRequestTest" assertions="1" time="0.000068"/>
      <testcase name="test_validate_returns_empty_array" file="D:\digistore24-api\tests\Unit\Request\OrderForm\CreateOrderformRequestTest.php" line="26" class="GoSuccess\Digistore24\Api\Tests\Unit\Request\OrderForm\CreateOrderformRequestTest" classname="GoSuccess.Digistore24.Api.Tests.Unit.Request.OrderForm.CreateOrderformRequestTest" assertions="2" time="0.000115"/>
    </testsuite>
    <testsuite name="GoSuccess\Digistore24\Api\Tests\Unit\Request\OrderForm\DeleteOrderformRequestTest" file="D:\digistore24-api\tests\Unit\Request\OrderForm\DeleteOrderformRequestTest.php" tests="4" assertions="6" errors="0" failures="0" skipped="0" time="0.000628">
      <testcase name="test_can_create_instance" file="D:\digistore24-api\tests\Unit\Request\OrderForm\DeleteOrderformRequestTest.php" line="12" class="GoSuccess\Digistore24\Api\Tests\Unit\Request\OrderForm\DeleteOrderformRequestTest" classname="GoSuccess.Digistore24.Api.Tests.Unit.Request.OrderForm.DeleteOrderformRequestTest" assertions="1" time="0.000420"/>
      <testcase name="test_endpoint_returns_correct_value" file="D:\digistore24-api\tests\Unit\Request\OrderForm\DeleteOrderformRequestTest.php" line="19" class="GoSuccess\Digistore24\Api\Tests\Unit\Request\OrderForm\DeleteOrderformRequestTest" classname="GoSuccess.Digistore24.Api.Tests.Unit.Request.OrderForm.DeleteOrderformRequestTest" assertions="1" time="0.000070"/>
      <testcase name="test_to_array_includes_orderform_id" file="D:\digistore24-api\tests\Unit\Request\OrderForm\DeleteOrderformRequestTest.php" line="26" class="GoSuccess\Digistore24\Api\Tests\Unit\Request\OrderForm\DeleteOrderformRequestTest" classname="GoSuccess.Digistore24.Api.Tests.Unit.Request.OrderForm.DeleteOrderformRequestTest" assertions="2" time="0.000069"/>
      <testcase name="test_validate_returns_empty_array" file="D:\digistore24-api\tests\Unit\Request\OrderForm\DeleteOrderformRequestTest.php" line="36" class="GoSuccess\Digistore24\Api\Tests\Unit\Request\OrderForm\DeleteOrderformRequestTest" classname="GoSuccess.Digistore24.Api.Tests.Unit.Request.OrderForm.DeleteOrderformRequestTest" assertions="2" time="0.000068"/>
    </testsuite>
    <testsuite name="GoSuccess\Digistore24\Api\Tests\Unit\Request\OrderForm\GetOrderformMetasRequestTest" file="D:\digistore24-api\tests\Unit\Request\OrderForm\GetOrderformMetasRequestTest.php" tests="4" assertions="6" errors="0" failures="0" skipped="0" time="0.000483">
      <testcase name="test_can_create_instance" file="D:\digistore24-api\tests\Unit\Request\OrderForm\GetOrderformMetasRequestTest.php" line="12" class="GoSuccess\Digistore24\Api\Tests\Unit\Request\OrderForm\GetOrderformMetasRequestTest" classname="GoSuccess.Digistore24.Api.Tests.Unit.Request.OrderForm.GetOrderformMetasRequestTest" assertions="1" time="0.000278"/>
      <testcase name="test_endpoint_returns_correct_value" file="D:\digistore24-api\tests\Unit\Request\OrderForm\GetOrderformMetasRequestTest.php" line="19" class="GoSuccess\Digistore24\Api\Tests\Unit\Request\OrderForm\GetOrderformMetasRequestTest" classname="GoSuccess.Digistore24.Api.Tests.Unit.Request.OrderForm.GetOrderformMetasRequestTest" assertions="1" time="0.000071"/>
      <testcase name="test_to_array_returns_empty_array" file="D:\digistore24-api\tests\Unit\Request\OrderForm\GetOrderformMetasRequestTest.php" line="26" class="GoSuccess\Digistore24\Api\Tests\Unit\Request\OrderForm\GetOrderformMetasRequestTest" classname="GoSuccess.Digistore24.Api.Tests.Unit.Request.OrderForm.GetOrderformMetasRequestTest" assertions="2" time="0.000068"/>
      <testcase name="test_validate_returns_empty_array" file="D:\digistore24-api\tests\Unit\Request\OrderForm\GetOrderformMetasRequestTest.php" line="36" class="GoSuccess\Digistore24\Api\Tests\Unit\Request\OrderForm\GetOrderformMetasRequestTest" classname="GoSuccess.Digistore24.Api.Tests.Unit.Request.OrderForm.GetOrderformMetasRequestTest" assertions="2" time="0.000067"/>
    </testsuite>
    <testsuite name="GoSuccess\Digistore24\Api\Tests\Unit\Request\OrderForm\GetOrderformRequestTest" file="D:\digistore24-api\tests\Unit\Request\OrderForm\GetOrderformRequestTest.php" tests="4" assertions="6" errors="0" failures="0" skipped="0" time="0.000488">
      <testcase name="test_can_create_instance" file="D:\digistore24-api\tests\Unit\Request\OrderForm\GetOrderformRequestTest.php" line="12" class="GoSuccess\Digistore24\Api\Tests\Unit\Request\OrderForm\GetOrderformRequestTest" classname="GoSuccess.Digistore24.Api.Tests.Unit.Request.OrderForm.GetOrderformRequestTest" assertions="1" time="0.000291"/>
      <testcase name="test_endpoint_returns_correct_value" file="D:\digistore24-api\tests\Unit\Request\OrderForm\GetOrderformRequestTest.php" line="19" class="GoSuccess\Digistore24\Api\Tests\Unit\Request\OrderForm\GetOrderformRequestTest" classname="GoSuccess.Digistore24.Api.Tests.Unit.Request.OrderForm.GetOrderformRequestTest" assertions="1" time="0.000066"/>
      <testcase name="test_to_array_includes_orderform_id" file="D:\digistore24-api\tests\Unit\Request\OrderForm\GetOrderformRequestTest.php" line="26" class="GoSuccess\Digistore24\Api\Tests\Unit\Request\OrderForm\GetOrderformRequestTest" classname="GoSuccess.Digistore24.Api.Tests.Unit.Request.OrderForm.GetOrderformRequestTest" assertions="2" time="0.000066"/>
      <testcase name="test_validate_returns_empty_array" file="D:\digistore24-api\tests\Unit\Request\OrderForm\GetOrderformRequestTest.php" line="36" class="GoSuccess\Digistore24\Api\Tests\Unit\Request\OrderForm\GetOrderformRequestTest" classname="GoSuccess.Digistore24.Api.Tests.Unit.Request.OrderForm.GetOrderformRequestTest" assertions="2" time="0.000065"/>
    </testsuite>
    <testsuite name="GoSuccess\Digistore24\Api\Tests\Unit\Request\OrderForm\ListOrderformsRequestTest" file="D:\digistore24-api\tests\Unit\Request\OrderForm\ListOrderformsRequestTest.php" tests="4" assertions="6" errors="0" failures="0" skipped="0" time="0.000479">
      <testcase name="test_can_create_instance" file="D:\digistore24-api\tests\Unit\Request\OrderForm\ListOrderformsRequestTest.php" line="12" class="GoSuccess\Digistore24\Api\Tests\Unit\Request\OrderForm\ListOrderformsRequestTest" classname="GoSuccess.Digistore24.Api.Tests.Unit.Request.OrderForm.ListOrderformsRequestTest" assertions="1" time="0.000281"/>
      <testcase name="test_endpoint_returns_correct_value" file="D:\digistore24-api\tests\Unit\Request\OrderForm\ListOrderformsRequestTest.php" line="19" class="GoSuccess\Digistore24\Api\Tests\Unit\Request\OrderForm\ListOrderformsRequestTest" classname="GoSuccess.Digistore24.Api.Tests.Unit.Request.OrderForm.ListOrderformsRequestTest" assertions="1" time="0.000066"/>
      <testcase name="test_to_array_returns_empty_array" file="D:\digistore24-api\tests\Unit\Request\OrderForm\ListOrderformsRequestTest.php" line="26" class="GoSuccess\Digistore24\Api\Tests\Unit\Request\OrderForm\ListOrderformsRequestTest" classname="GoSuccess.Digistore24.Api.Tests.Unit.Request.OrderForm.ListOrderformsRequestTest" assertions="2" time="0.000066"/>
      <testcase name="test_validate_returns_empty_array" file="D:\digistore24-api\tests\Unit\Request\OrderForm\ListOrderformsRequestTest.php" line="36" class="GoSuccess\Digistore24\Api\Tests\Unit\Request\OrderForm\ListOrderformsRequestTest" classname="GoSuccess.Digistore24.Api.Tests.Unit.Request.OrderForm.ListOrderformsRequestTest" assertions="2" time="0.000066"/>
    </testsuite>
    <testsuite name="GoSuccess\Digistore24\Api\Tests\Unit\Request\OrderForm\UpdateOrderformRequestTest" file="D:\digistore24-api\tests\Unit\Request\OrderForm\UpdateOrderformRequestTest.php" tests="3" assertions="4" errors="0" failures="0" skipped="0" time="0.000418">
      <testcase name="test_can_create_instance" file="D:\digistore24-api\tests\Unit\Request\OrderForm\UpdateOrderformRequestTest.php" line="12" class="GoSuccess\Digistore24\Api\Tests\Unit\Request\OrderForm\UpdateOrderformRequestTest" classname="GoSuccess.Digistore24.Api.Tests.Unit.Request.OrderForm.UpdateOrderformRequestTest" assertions="1" time="0.000283"/>
      <testcase name="test_endpoint_returns_correct_value" file="D:\digistore24-api\tests\Unit\Request\OrderForm\UpdateOrderformRequestTest.php" line="22" class="GoSuccess\Digistore24\Api\Tests\Unit\Request\OrderForm\UpdateOrderformRequestTest" classname="GoSuccess.Digistore24.Api.Tests.Unit.Request.OrderForm.UpdateOrderformRequestTest" assertions="1" time="0.000069"/>
      <testcase name="test_validate_returns_empty_array" file="D:\digistore24-api\tests\Unit\Request\OrderForm\UpdateOrderformRequestTest.php" line="32" class="GoSuccess\Digistore24\Api\Tests\Unit\Request\OrderForm\UpdateOrderformRequestTest" classname="GoSuccess.Digistore24.Api.Tests.Unit.Request.OrderForm.UpdateOrderformRequestTest" assertions="2" time="0.000066"/>
    </testsuite>
    <testsuite name="GoSuccess\Digistore24\Api\Tests\Unit\Request\PaymentPlan\CreatePaymentplanRequestTest" file="D:\digistore24-api\tests\Unit\Request\PaymentPlan\CreatePaymentplanRequestTest.php" tests="3" assertions="4" errors="0" failures="0" skipped="0" time="0.000526">
      <testcase name="test_can_create_instance" file="D:\digistore24-api\tests\Unit\Request\PaymentPlan\CreatePaymentplanRequestTest.php" line="12" class="GoSuccess\Digistore24\Api\Tests\Unit\Request\PaymentPlan\CreatePaymentplanRequestTest" classname="GoSuccess.Digistore24.Api.Tests.Unit.Request.PaymentPlan.CreatePaymentplanRequestTest" assertions="1" time="0.000334"/>
      <testcase name="test_endpoint_returns_correct_value" file="D:\digistore24-api\tests\Unit\Request\PaymentPlan\CreatePaymentplanRequestTest.php" line="19" class="GoSuccess\Digistore24\Api\Tests\Unit\Request\PaymentPlan\CreatePaymentplanRequestTest" classname="GoSuccess.Digistore24.Api.Tests.Unit.Request.PaymentPlan.CreatePaymentplanRequestTest" assertions="1" time="0.000068"/>
      <testcase name="test_validate_returns_empty_array" file="D:\digistore24-api\tests\Unit\Request\PaymentPlan\CreatePaymentplanRequestTest.php" line="26" class="GoSuccess\Digistore24\Api\Tests\Unit\Request\PaymentPlan\CreatePaymentplanRequestTest" classname="GoSuccess.Digistore24.Api.Tests.Unit.Request.PaymentPlan.CreatePaymentplanRequestTest" assertions="2" time="0.000124"/>
    </testsuite>
    <testsuite name="GoSuccess\Digistore24\Api\Tests\Unit\Request\PaymentPlan\DeletePaymentplanRequestTest" file="D:\digistore24-api\tests\Unit\Request\PaymentPlan\DeletePaymentplanRequestTest.php" tests="4" assertions="6" errors="0" failures="0" skipped="0" time="0.000579">
      <testcase name="test_can_create_instance" file="D:\digistore24-api\tests\Unit\Request\PaymentPlan\DeletePaymentplanRequestTest.php" line="12" class="GoSuccess\Digistore24\Api\Tests\Unit\Request\PaymentPlan\DeletePaymentplanRequestTest" classname="GoSuccess.Digistore24.Api.Tests.Unit.Request.PaymentPlan.DeletePaymentplanRequestTest" assertions="1" time="0.000362"/>
      <testcase name="test_endpoint_returns_correct_value" file="D:\digistore24-api\tests\Unit\Request\PaymentPlan\DeletePaymentplanRequestTest.php" line="19" class="GoSuccess\Digistore24\Api\Tests\Unit\Request\PaymentPlan\DeletePaymentplanRequestTest" classname="GoSuccess.Digistore24.Api.Tests.Unit.Request.PaymentPlan.DeletePaymentplanRequestTest" assertions="1" time="0.000074"/>
      <testcase name="test_to_array_includes_paymentplan_id" file="D:\digistore24-api\tests\Unit\Request\PaymentPlan\DeletePaymentplanRequestTest.php" line="26" class="GoSuccess\Digistore24\Api\Tests\Unit\Request\PaymentPlan\DeletePaymentplanRequestTest" classname="GoSuccess.Digistore24.Api.Tests.Unit.Request.PaymentPlan.DeletePaymentplanRequestTest" assertions="2" time="0.000068"/>
      <testcase name="test_validate_returns_empty_array" file="D:\digistore24-api\tests\Unit\Request\PaymentPlan\DeletePaymentplanRequestTest.php" line="36" class="GoSuccess\Digistore24\Api\Tests\Unit\Request\PaymentPlan\DeletePaymentplanRequestTest" classname="GoSuccess.Digistore24.Api.Tests.Unit.Request.PaymentPlan.DeletePaymentplanRequestTest" assertions="2" time="0.000074"/>
    </testsuite>
    <testsuite name="GoSuccess\Digistore24\Api\Tests\Unit\Request\PaymentPlan\ListPaymentPlansRequestTest" file="D:\digistore24-api\tests\Unit\Request\PaymentPlan\ListPaymentPlansRequestTest.php" tests="4" assertions="6" errors="0" failures="0" skipped="0" time="0.000481">
      <testcase name="test_can_create_instance" file="D:\digistore24-api\tests\Unit\Request\PaymentPlan\ListPaymentPlansRequestTest.php" line="12" class="GoSuccess\Digistore24\Api\Tests\Unit\Request\PaymentPlan\ListPaymentPlansRequestTest" classname="GoSuccess.Digistore24.Api.Tests.Unit.Request.PaymentPlan.ListPaymentPlansRequestTest" assertions="1" time="0.000277"/>
      <testcase name="test_endpoint_returns_correct_value" file="D:\digistore24-api\tests\Unit\Request\PaymentPlan\ListPaymentPlansRequestTest.php" line="19" class="GoSuccess\Digistore24\Api\Tests\Unit\Request\PaymentPlan\ListPaymentPlansRequestTest" classname="GoSuccess.Digistore24.Api.Tests.Unit.Request.PaymentPlan.ListPaymentPlansRequestTest" assertions="1" time="0.000069"/>
      <testcase name="test_to_array_returns_empty_array" file="D:\digistore24-api\tests\Unit\Request\PaymentPlan\ListPaymentPlansRequestTest.php" line="26" class="GoSuccess\Digistore24\Api\Tests\Unit\Request\PaymentPlan\ListPaymentPlansRequestTest" classname="GoSuccess.Digistore24.Api.Tests.Unit.Request.PaymentPlan.ListPaymentPlansRequestTest" assertions="2" time="0.000068"/>
      <testcase name="test_validate_returns_empty_array" file="D:\digistore24-api\tests\Unit\Request\PaymentPlan\ListPaymentPlansRequestTest.php" line="36" class="GoSuccess\Digistore24\Api\Tests\Unit\Request\PaymentPlan\ListPaymentPlansRequestTest" classname="GoSuccess.Digistore24.Api.Tests.Unit.Request.PaymentPlan.ListPaymentPlansRequestTest" assertions="2" time="0.000067"/>
    </testsuite>
    <testsuite name="GoSuccess\Digistore24\Api\Tests\Unit\Request\PaymentPlan\UpdatePaymentplanRequestTest" file="D:\digistore24-api\tests\Unit\Request\PaymentPlan\UpdatePaymentplanRequestTest.php" tests="4" assertions="8" errors="0" failures="0" skipped="0" time="0.000517">
      <testcase name="test_can_create_instance" file="D:\digistore24-api\tests\Unit\Request\PaymentPlan\UpdatePaymentplanRequestTest.php" line="12" class="GoSuccess\Digistore24\Api\Tests\Unit\Request\PaymentPlan\UpdatePaymentplanRequestTest" classname="GoSuccess.Digistore24.Api.Tests.Unit.Request.PaymentPlan.UpdatePaymentplanRequestTest" assertions="1" time="0.000309"/>
      <testcase name="test_endpoint_returns_correct_value" file="D:\digistore24-api\tests\Unit\Request\PaymentPlan\UpdatePaymentplanRequestTest.php" line="22" class="GoSuccess\Digistore24\Api\Tests\Unit\Request\PaymentPlan\UpdatePaymentplanRequestTest" classname="GoSuccess.Digistore24.Api.Tests.Unit.Request.PaymentPlan.UpdatePaymentplanRequestTest" assertions="1" time="0.000067"/>
      <testcase name="test_to_array_includes_paymentplan_id_and_data" file="D:\digistore24-api\tests\Unit\Request\PaymentPlan\UpdatePaymentplanRequestTest.php" line="32" class="GoSuccess\Digistore24\Api\Tests\Unit\Request\PaymentPlan\UpdatePaymentplanRequestTest" classname="GoSuccess.Digistore24.Api.Tests.Unit.Request.PaymentPlan.UpdatePaymentplanRequestTest" assertions="4" time="0.000076"/>
      <testcase name="test_validate_returns_empty_array" file="D:\digistore24-api\tests\Unit\Request\PaymentPlan\UpdatePaymentplanRequestTest.php" line="47" class="GoSuccess\Digistore24\Api\Tests\Unit\Request\PaymentPlan\UpdatePaymentplanRequestTest" classname="GoSuccess.Digistore24.Api.Tests.Unit.Request.PaymentPlan.UpdatePaymentplanRequestTest" assertions="2" time="0.000066"/>
    </testsuite>
    <testsuite name="GoSuccess\Digistore24\Api\Tests\Unit\Request\Payout\ListPayoutsRequestTest" file="D:\digistore24-api\tests\Unit\Request\Payout\ListPayoutsRequestTest.php" tests="4" assertions="6" errors="0" failures="0" skipped="0" time="0.000530">
      <testcase name="test_can_create_instance" file="D:\digistore24-api\tests\Unit\Request\Payout\ListPayoutsRequestTest.php" line="12" class="GoSuccess\Digistore24\Api\Tests\Unit\Request\Payout\ListPayoutsRequestTest" classname="GoSuccess.Digistore24.Api.Tests.Unit.Request.Payout.ListPayoutsRequestTest" assertions="1" time="0.000328"/>
      <testcase name="test_endpoint_returns_correct_value" file="D:\digistore24-api\tests\Unit\Request\Payout\ListPayoutsRequestTest.php" line="19" class="GoSuccess\Digistore24\Api\Tests\Unit\Request\Payout\ListPayoutsRequestTest" classname="GoSuccess.Digistore24.Api.Tests.Unit.Request.Payout.ListPayoutsRequestTest" assertions="1" time="0.000067"/>
      <testcase name="test_to_array_returns_empty_array" file="D:\digistore24-api\tests\Unit\Request\Payout\ListPayoutsRequestTest.php" line="26" class="GoSuccess\Digistore24\Api\Tests\Unit\Request\Payout\ListPayoutsRequestTest" classname="GoSuccess.Digistore24.Api.Tests.Unit.Request.Payout.ListPayoutsRequestTest" assertions="2" time="0.000067"/>
      <testcase name="test_validate_returns_empty_array" file="D:\digistore24-api\tests\Unit\Request\Payout\ListPayoutsRequestTest.php" line="36" class="GoSuccess\Digistore24\Api\Tests\Unit\Request\Payout\ListPayoutsRequestTest" classname="GoSuccess.Digistore24.Api.Tests.Unit.Request.Payout.ListPayoutsRequestTest" assertions="2" time="0.000067"/>
    </testsuite>
    <testsuite name="GoSuccess\Digistore24\Api\Tests\Unit\Request\Payout\StatsExpectedPayoutsRequestTest" file="D:\digistore24-api\tests\Unit\Request\Payout\StatsExpectedPayoutsRequestTest.php" tests="4" assertions="6" errors="0" failures="0" skipped="0" time="0.000571">
      <testcase name="test_can_create_instance" file="D:\digistore24-api\tests\Unit\Request\Payout\StatsExpectedPayoutsRequestTest.php" line="12" class="GoSuccess\Digistore24\Api\Tests\Unit\Request\Payout\StatsExpectedPayoutsRequestTest" classname="GoSuccess.Digistore24.Api.Tests.Unit.Request.Payout.StatsExpectedPayoutsRequestTest" assertions="1" time="0.000373"/>
      <testcase name="test_endpoint_returns_correct_value" file="D:\digistore24-api\tests\Unit\Request\Payout\StatsExpectedPayoutsRequestTest.php" line="19" class="GoSuccess\Digistore24\Api\Tests\Unit\Request\Payout\StatsExpectedPayoutsRequestTest" classname="GoSuccess.Digistore24.Api.Tests.Unit.Request.Payout.StatsExpectedPayoutsRequestTest" assertions="1" time="0.000066"/>
      <testcase name="test_to_array_returns_empty_array" file="D:\digistore24-api\tests\Unit\Request\Payout\StatsExpectedPayoutsRequestTest.php" line="26" class="GoSuccess\Digistore24\Api\Tests\Unit\Request\Payout\StatsExpectedPayoutsRequestTest" classname="GoSuccess.Digistore24.Api.Tests.Unit.Request.Payout.StatsExpectedPayoutsRequestTest" assertions="2" time="0.000066"/>
      <testcase name="test_validate_returns_empty_array" file="D:\digistore24-api\tests\Unit\Request\Payout\StatsExpectedPayoutsRequestTest.php" line="36" class="GoSuccess\Digistore24\Api\Tests\Unit\Request\Payout\StatsExpectedPayoutsRequestTest" classname="GoSuccess.Digistore24.Api.Tests.Unit.Request.Payout.StatsExpectedPayoutsRequestTest" assertions="2" time="0.000065"/>
    </testsuite>
    <testsuite name="GoSuccess\Digistore24\Api\Tests\Unit\Request\ProductGroup\CreateProductGroupRequestTest" file="D:\digistore24-api\tests\Unit\Request\ProductGroup\CreateProductGroupRequestTest.php" tests="4" assertions="7" errors="0" failures="0" skipped="0" time="0.000607">
      <testcase name="test_can_create_instance" file="D:\digistore24-api\tests\Unit\Request\ProductGroup\CreateProductGroupRequestTest.php" line="12" class="GoSuccess\Digistore24\Api\Tests\Unit\Request\ProductGroup\CreateProductGroupRequestTest" classname="GoSuccess.Digistore24.Api.Tests.Unit.Request.ProductGroup.CreateProductGroupRequestTest" assertions="1" time="0.000397"/>
      <testcase name="test_endpoint_returns_correct_value" file="D:\digistore24-api\tests\Unit\Request\ProductGroup\CreateProductGroupRequestTest.php" line="19" class="GoSuccess\Digistore24\Api\Tests\Unit\Request\ProductGroup\CreateProductGroupRequestTest" classname="GoSuccess.Digistore24.Api.Tests.Unit.Request.ProductGroup.CreateProductGroupRequestTest" assertions="1" time="0.000068"/>
      <testcase name="test_to_array_includes_data" file="D:\digistore24-api\tests\Unit\Request\ProductGroup\CreateProductGroupRequestTest.php" line="26" class="GoSuccess\Digistore24\Api\Tests\Unit\Request\ProductGroup\CreateProductGroupRequestTest" classname="GoSuccess.Digistore24.Api.Tests.Unit.Request.ProductGroup.CreateProductGroupRequestTest" assertions="3" time="0.000076"/>
      <testcase name="test_validate_returns_empty_array" file="D:\digistore24-api\tests\Unit\Request\ProductGroup\CreateProductGroupRequestTest.php" line="37" class="GoSuccess\Digistore24\Api\Tests\Unit\Request\ProductGroup\CreateProductGroupRequestTest" classname="GoSuccess.Digistore24.Api.Tests.Unit.Request.ProductGroup.CreateProductGroupRequestTest" assertions="2" time="0.000066"/>
    </testsuite>
    <testsuite name="GoSuccess\Digistore24\Api\Tests\Unit\Request\ProductGroup\DeleteProductGroupRequestTest" file="D:\digistore24-api\tests\Unit\Request\ProductGroup\DeleteProductGroupRequestTest.php" tests="4" assertions="6" errors="0" failures="0" skipped="0" time="0.000505">
      <testcase name="test_can_create_instance" file="D:\digistore24-api\tests\Unit\Request\ProductGroup\DeleteProductGroupRequestTest.php" line="12" class="GoSuccess\Digistore24\Api\Tests\Unit\Request\ProductGroup\DeleteProductGroupRequestTest" classname="GoSuccess.Digistore24.Api.Tests.Unit.Request.ProductGroup.DeleteProductGroupRequestTest" assertions="1" time="0.000302"/>
      <testcase name="test_endpoint_returns_correct_value" file="D:\digistore24-api\tests\Unit\Request\ProductGroup\DeleteProductGroupRequestTest.php" line="19" class="GoSuccess\Digistore24\Api\Tests\Unit\Request\ProductGroup\DeleteProductGroupRequestTest" classname="GoSuccess.Digistore24.Api.Tests.Unit.Request.ProductGroup.DeleteProductGroupRequestTest" assertions="1" time="0.000067"/>
      <testcase name="test_to_array_includes_product_group_id" file="D:\digistore24-api\tests\Unit\Request\ProductGroup\DeleteProductGroupRequestTest.php" line="26" class="GoSuccess\Digistore24\Api\Tests\Unit\Request\ProductGroup\DeleteProductGroupRequestTest" classname="GoSuccess.Digistore24.Api.Tests.Unit.Request.ProductGroup.DeleteProductGroupRequestTest" assertions="2" time="0.000070"/>
      <testcase name="test_validate_returns_empty_array" file="D:\digistore24-api\tests\Unit\Request\ProductGroup\DeleteProductGroupRequestTest.php" line="36" class="GoSuccess\Digistore24\Api\Tests\Unit\Request\ProductGroup\DeleteProductGroupRequestTest" classname="GoSuccess.Digistore24.Api.Tests.Unit.Request.ProductGroup.DeleteProductGroupRequestTest" assertions="2" time="0.000066"/>
    </testsuite>
    <testsuite name="GoSuccess\Digistore24\Api\Tests\Unit\Request\ProductGroup\GetProductGroupRequestTest" file="D:\digistore24-api\tests\Unit\Request\ProductGroup\GetProductGroupRequestTest.php" tests="4" assertions="6" errors="0" failures="0" skipped="0" time="0.000493">
      <testcase name="test_can_create_instance" file="D:\digistore24-api\tests\Unit\Request\ProductGroup\GetProductGroupRequestTest.php" line="12" class="GoSuccess\Digistore24\Api\Tests\Unit\Request\ProductGroup\GetProductGroupRequestTest" classname="GoSuccess.Digistore24.Api.Tests.Unit.Request.ProductGroup.GetProductGroupRequestTest" assertions="1" time="0.000292"/>
      <testcase name="test_endpoint_returns_correct_value" file="D:\digistore24-api\tests\Unit\Request\ProductGroup\GetProductGroupRequestTest.php" line="19" class="GoSuccess\Digistore24\Api\Tests\Unit\Request\ProductGroup\GetProductGroupRequestTest" classname="GoSuccess.Digistore24.Api.Tests.Unit.Request.ProductGroup.GetProductGroupRequestTest" assertions="1" time="0.000068"/>
      <testcase name="test_to_array_includes_product_group_id" file="D:\digistore24-api\tests\Unit\Request\ProductGroup\GetProductGroupRequestTest.php" line="26" class="GoSuccess\Digistore24\Api\Tests\Unit\Request\ProductGroup\GetProductGroupRequestTest" classname="GoSuccess.Digistore24.Api.Tests.Unit.Request.ProductGroup.GetProductGroupRequestTest" assertions="2" time="0.000067"/>
      <testcase name="test_validate_returns_empty_array" file="D:\digistore24-api\tests\Unit\Request\ProductGroup\GetProductGroupRequestTest.php" line="36" class="GoSuccess\Digistore24\Api\Tests\Unit\Request\ProductGroup\GetProductGroupRequestTest" classname="GoSuccess.Digistore24.Api.Tests.Unit.Request.ProductGroup.GetProductGroupRequestTest" assertions="2" time="0.000066"/>
    </testsuite>
    <testsuite name="GoSuccess\Digistore24\Api\Tests\Unit\Request\ProductGroup\ListProductGroupsRequestTest" file="D:\digistore24-api\tests\Unit\Request\ProductGroup\ListProductGroupsRequestTest.php" tests="4" assertions="6" errors="0" failures="0" skipped="0" time="0.000628">
      <testcase name="test_can_create_instance" file="D:\digistore24-api\tests\Unit\Request\ProductGroup\ListProductGroupsRequestTest.php" line="12" class="GoSuccess\Digistore24\Api\Tests\Unit\Request\ProductGroup\ListProductGroupsRequestTest" classname="GoSuccess.Digistore24.Api.Tests.Unit.Request.ProductGroup.ListProductGroupsRequestTest" assertions="1" time="0.000417"/>
      <testcase name="test_endpoint_returns_correct_value" file="D:\digistore24-api\tests\Unit\Request\ProductGroup\ListProductGroupsRequestTest.php" line="19" class="GoSuccess\Digistore24\Api\Tests\Unit\Request\ProductGroup\ListProductGroupsRequestTest" classname="GoSuccess.Digistore24.Api.Tests.Unit.Request.ProductGroup.ListProductGroupsRequestTest" assertions="1" time="0.000068"/>
      <testcase name="test_to_array_returns_empty_array" file="D:\digistore24-api\tests\Unit\Request\ProductGroup\ListProductGroupsRequestTest.php" line="26" class="GoSuccess\Digistore24\Api\Tests\Unit\Request\ProductGroup\ListProductGroupsRequestTest" classname="GoSuccess.Digistore24.Api.Tests.Unit.Request.ProductGroup.ListProductGroupsRequestTest" assertions="2" time="0.000076"/>
      <testcase name="test_validate_returns_empty_array" file="D:\digistore24-api\tests\Unit\Request\ProductGroup\ListProductGroupsRequestTest.php" line="36" class="GoSuccess\Digistore24\Api\Tests\Unit\Request\ProductGroup\ListProductGroupsRequestTest" classname="GoSuccess.Digistore24.Api.Tests.Unit.Request.ProductGroup.ListProductGroupsRequestTest" assertions="2" time="0.000067"/>
    </testsuite>
    <testsuite name="GoSuccess\Digistore24\Api\Tests\Unit\Request\ProductGroup\UpdateProductGroupRequestTest" file="D:\digistore24-api\tests\Unit\Request\ProductGroup\UpdateProductGroupRequestTest.php" tests="4" assertions="7" errors="0" failures="0" skipped="0" time="0.000521">
      <testcase name="test_can_create_instance" file="D:\digistore24-api\tests\Unit\Request\ProductGroup\UpdateProductGroupRequestTest.php" line="12" class="GoSuccess\Digistore24\Api\Tests\Unit\Request\ProductGroup\UpdateProductGroupRequestTest" classname="GoSuccess.Digistore24.Api.Tests.Unit.Request.ProductGroup.UpdateProductGroupRequestTest" assertions="1" time="0.000311"/>
      <testcase name="test_endpoint_returns_correct_value" file="D:\digistore24-api\tests\Unit\Request\ProductGroup\UpdateProductGroupRequestTest.php" line="22" class="GoSuccess\Digistore24\Api\Tests\Unit\Request\ProductGroup\UpdateProductGroupRequestTest" classname="GoSuccess.Digistore24.Api.Tests.Unit.Request.ProductGroup.UpdateProductGroupRequestTest" assertions="1" time="0.000069"/>
      <testcase name="test_to_array_includes_product_group_id_and_data" file="D:\digistore24-api\tests\Unit\Request\ProductGroup\UpdateProductGroupRequestTest.php" line="32" class="GoSuccess\Digistore24\Api\Tests\Unit\Request\ProductGroup\UpdateProductGroupRequestTest" classname="GoSuccess.Digistore24.Api.Tests.Unit.Request.ProductGroup.UpdateProductGroupRequestTest" assertions="3" time="0.000072"/>
      <testcase name="test_validate_returns_empty_array" file="D:\digistore24-api\tests\Unit\Request\ProductGroup\UpdateProductGroupRequestTest.php" line="46" class="GoSuccess\Digistore24\Api\Tests\Unit\Request\ProductGroup\UpdateProductGroupRequestTest" classname="GoSuccess.Digistore24.Api.Tests.Unit.Request.ProductGroup.UpdateProductGroupRequestTest" assertions="2" time="0.000068"/>
    </testsuite>
    <testsuite name="GoSuccess\Digistore24\Api\Tests\Unit\Request\Product\CopyProductRequestTest" file="D:\digistore24-api\tests\Unit\Request\Product\CopyProductRequestTest.php" tests="4" assertions="7" errors="0" failures="0" skipped="0" time="0.000606">
      <testcase name="test_can_create_instance" file="D:\digistore24-api\tests\Unit\Request\Product\CopyProductRequestTest.php" line="12" class="GoSuccess\Digistore24\Api\Tests\Unit\Request\Product\CopyProductRequestTest" classname="GoSuccess.Digistore24.Api.Tests.Unit.Request.Product.CopyProductRequestTest" assertions="1" time="0.000398"/>
      <testcase name="test_endpoint_returns_correct_value" file="D:\digistore24-api\tests\Unit\Request\Product\CopyProductRequestTest.php" line="19" class="GoSuccess\Digistore24\Api\Tests\Unit\Request\Product\CopyProductRequestTest" classname="GoSuccess.Digistore24.Api.Tests.Unit.Request.Product.CopyProductRequestTest" assertions="1" time="0.000069"/>
      <testcase name="test_to_array_includes_product_id" file="D:\digistore24-api\tests\Unit\Request\Product\CopyProductRequestTest.php" line="26" class="GoSuccess\Digistore24\Api\Tests\Unit\Request\Product\CopyProductRequestTest" classname="GoSuccess.Digistore24.Api.Tests.Unit.Request.Product.CopyProductRequestTest" assertions="3" time="0.000071"/>
      <testcase name="test_validate_returns_empty_array" file="D:\digistore24-api\tests\Unit\Request\Product\CopyProductRequestTest.php" line="37" class="GoSuccess\Digistore24\Api\Tests\Unit\Request\Product\CopyProductRequestTest" classname="GoSuccess.Digistore24.Api.Tests.Unit.Request.Product.CopyProductRequestTest" assertions="2" time="0.000068"/>
    </testsuite>
    <testsuite name="GoSuccess\Digistore24\Api\Tests\Unit\Request\Product\CreateProductRequestTest" file="D:\digistore24-api\tests\Unit\Request\Product\CreateProductRequestTest.php" tests="4" assertions="9" errors="0" failures="0" skipped="0" time="0.000762">
      <testcase name="test_can_create_instance" file="D:\digistore24-api\tests\Unit\Request\Product\CreateProductRequestTest.php" line="12" class="GoSuccess\Digistore24\Api\Tests\Unit\Request\Product\CreateProductRequestTest" classname="GoSuccess.Digistore24.Api.Tests.Unit.Request.Product.CreateProductRequestTest" assertions="1" time="0.000407"/>
      <testcase name="test_endpoint_returns_correct_value" file="D:\digistore24-api\tests\Unit\Request\Product\CreateProductRequestTest.php" line="19" class="GoSuccess\Digistore24\Api\Tests\Unit\Request\Product\CreateProductRequestTest" classname="GoSuccess.Digistore24.Api.Tests.Unit.Request.Product.CreateProductRequestTest" assertions="1" time="0.000104"/>
      <testcase name="test_to_array_includes_name_intern" file="D:\digistore24-api\tests\Unit\Request\Product\CreateProductRequestTest.php" line="26" class="GoSuccess\Digistore24\Api\Tests\Unit\Request\Product\CreateProductRequestTest" classname="GoSuccess.Digistore24.Api.Tests.Unit.Request.Product.CreateProductRequestTest" assertions="5" time="0.000175"/>
      <testcase name="test_validate_returns_empty_array" file="D:\digistore24-api\tests\Unit\Request\Product\CreateProductRequestTest.php" line="43" class="GoSuccess\Digistore24\Api\Tests\Unit\Request\Product\CreateProductRequestTest" classname="GoSuccess.Digistore24.Api.Tests.Unit.Request.Product.CreateProductRequestTest" assertions="2" time="0.000076"/>
    </testsuite>
    <testsuite name="GoSuccess\Digistore24\Api\Tests\Unit\Request\Product\DeleteProductRequestTest" file="D:\digistore24-api\tests\Unit\Request\Product\DeleteProductRequestTest.php" tests="4" assertions="6" errors="0" failures="0" skipped="0" time="0.000819">
      <testcase name="test_can_create_instance" file="D:\digistore24-api\tests\Unit\Request\Product\DeleteProductRequestTest.php" line="12" class="GoSuccess\Digistore24\Api\Tests\Unit\Request\Product\DeleteProductRequestTest" classname="GoSuccess.Digistore24.Api.Tests.Unit.Request.Product.DeleteProductRequestTest" assertions="1" time="0.000487"/>
      <testcase name="test_endpoint_returns_correct_value" file="D:\digistore24-api\tests\Unit\Request\Product\DeleteProductRequestTest.php" line="19" class="GoSuccess\Digistore24\Api\Tests\Unit\Request\Product\DeleteProductRequestTest" classname="GoSuccess.Digistore24.Api.Tests.Unit.Request.Product.DeleteProductRequestTest" assertions="1" time="0.000086"/>
      <testcase name="test_to_array_includes_product_id" file="D:\digistore24-api\tests\Unit\Request\Product\DeleteProductRequestTest.php" line="26" class="GoSuccess\Digistore24\Api\Tests\Unit\Request\Product\DeleteProductRequestTest" classname="GoSuccess.Digistore24.Api.Tests.Unit.Request.Product.DeleteProductRequestTest" assertions="2" time="0.000174"/>
      <testcase name="test_validate_returns_empty_array" file="D:\digistore24-api\tests\Unit\Request\Product\DeleteProductRequestTest.php" line="36" class="GoSuccess\Digistore24\Api\Tests\Unit\Request\Product\DeleteProductRequestTest" classname="GoSuccess.Digistore24.Api.Tests.Unit.Request.Product.DeleteProductRequestTest" assertions="2" time="0.000073"/>
    </testsuite>
    <testsuite name="GoSuccess\Digistore24\Api\Tests\Unit\Request\Product\GetProductRequestTest" file="D:\digistore24-api\tests\Unit\Request\Product\GetProductRequestTest.php" tests="4" assertions="6" errors="0" failures="0" skipped="0" time="0.000587">
      <testcase name="test_can_create_instance" file="D:\digistore24-api\tests\Unit\Request\Product\GetProductRequestTest.php" line="12" class="GoSuccess\Digistore24\Api\Tests\Unit\Request\Product\GetProductRequestTest" classname="GoSuccess.Digistore24.Api.Tests.Unit.Request.Product.GetProductRequestTest" assertions="1" time="0.000381"/>
      <testcase name="test_endpoint_returns_correct_value" file="D:\digistore24-api\tests\Unit\Request\Product\GetProductRequestTest.php" line="19" class="GoSuccess\Digistore24\Api\Tests\Unit\Request\Product\GetProductRequestTest" classname="GoSuccess.Digistore24.Api.Tests.Unit.Request.Product.GetProductRequestTest" assertions="1" time="0.000069"/>
      <testcase name="test_to_array_includes_product_id" file="D:\digistore24-api\tests\Unit\Request\Product\GetProductRequestTest.php" line="26" class="GoSuccess\Digistore24\Api\Tests\Unit\Request\Product\GetProductRequestTest" classname="GoSuccess.Digistore24.Api.Tests.Unit.Request.Product.GetProductRequestTest" assertions="2" time="0.000068"/>
      <testcase name="test_validate_returns_empty_array" file="D:\digistore24-api\tests\Unit\Request\Product\GetProductRequestTest.php" line="36" class="GoSuccess\Digistore24\Api\Tests\Unit\Request\Product\GetProductRequestTest" classname="GoSuccess.Digistore24.Api.Tests.Unit.Request.Product.GetProductRequestTest" assertions="2" time="0.000068"/>
    </testsuite>
    <testsuite name="GoSuccess\Digistore24\Api\Tests\Unit\Request\Product\ListProductTypesRequestTest" file="D:\digistore24-api\tests\Unit\Request\Product\ListProductTypesRequestTest.php" tests="4" assertions="6" errors="0" failures="0" skipped="0" time="0.000491">
      <testcase name="test_can_create_instance" file="D:\digistore24-api\tests\Unit\Request\Product\ListProductTypesRequestTest.php" line="12" class="GoSuccess\Digistore24\Api\Tests\Unit\Request\Product\ListProductTypesRequestTest" classname="GoSuccess.Digistore24.Api.Tests.Unit.Request.Product.ListProductTypesRequestTest" assertions="1" time="0.000291"/>
      <testcase name="test_endpoint_returns_correct_value" file="D:\digistore24-api\tests\Unit\Request\Product\ListProductTypesRequestTest.php" line="19" class="GoSuccess\Digistore24\Api\Tests\Unit\Request\Product\ListProductTypesRequestTest" classname="GoSuccess.Digistore24.Api.Tests.Unit.Request.Product.ListProductTypesRequestTest" assertions="1" time="0.000067"/>
      <testcase name="test_to_array_returns_empty_array" file="D:\digistore24-api\tests\Unit\Request\Product\ListProductTypesRequestTest.php" line="26" class="GoSuccess\Digistore24\Api\Tests\Unit\Request\Product\ListProductTypesRequestTest" classname="GoSuccess.Digistore24.Api.Tests.Unit.Request.Product.ListProductTypesRequestTest" assertions="2" time="0.000067"/>
      <testcase name="test_validate_returns_empty_array" file="D:\digistore24-api\tests\Unit\Request\Product\ListProductTypesRequestTest.php" line="36" class="GoSuccess\Digistore24\Api\Tests\Unit\Request\Product\ListProductTypesRequestTest" classname="GoSuccess.Digistore24.Api.Tests.Unit.Request.Product.ListProductTypesRequestTest" assertions="2" time="0.000066"/>
    </testsuite>
    <testsuite name="GoSuccess\Digistore24\Api\Tests\Unit\Request\Product\ListProductsRequestTest" file="D:\digistore24-api\tests\Unit\Request\Product\ListProductsRequestTest.php" tests="4" assertions="7" errors="0" failures="0" skipped="0" time="0.000498">
      <testcase name="test_can_create_instance" file="D:\digistore24-api\tests\Unit\Request\Product\ListProductsRequestTest.php" line="12" class="GoSuccess\Digistore24\Api\Tests\Unit\Request\Product\ListProductsRequestTest" classname="GoSuccess.Digistore24.Api.Tests.Unit.Request.Product.ListProductsRequestTest" assertions="1" time="0.000293"/>
      <testcase name="test_endpoint_returns_correct_value" file="D:\digistore24-api\tests\Unit\Request\Product\ListProductsRequestTest.php" line="19" class="GoSuccess\Digistore24\Api\Tests\Unit\Request\Product\ListProductsRequestTest" classname="GoSuccess.Digistore24.Api.Tests.Unit.Request.Product.ListProductsRequestTest" assertions="1" time="0.000068"/>
      <testcase name="test_to_array_with_parameters" file="D:\digistore24-api\tests\Unit\Request\Product\ListProductsRequestTest.php" line="26" class="GoSuccess\Digistore24\Api\Tests\Unit\Request\Product\ListProductsRequestTest" classname="GoSuccess.Digistore24.Api.Tests.Unit.Request.Product.ListProductsRequestTest" assertions="3" time="0.000069"/>
      <testcase name="test_validate_returns_empty_array" file="D:\digistore24-api\tests\Unit\Request\Product\ListProductsRequestTest.php" line="37" class="GoSuccess\Digistore24\Api\Tests\Unit\Request\Product\ListProductsRequestTest" classname="GoSuccess.Digistore24.Api.Tests.Unit.Request.Product.ListProductsRequestTest" assertions="2" time="0.000068"/>
    </testsuite>
    <testsuite name="GoSuccess\Digistore24\Api\Tests\Unit\Request\Product\UpdateProductRequestTest" file="D:\digistore24-api\tests\Unit\Request\Product\UpdateProductRequestTest.php" tests="4" assertions="7" errors="0" failures="0" skipped="0" time="0.000575">
      <testcase name="test_can_create_instance" file="D:\digistore24-api\tests\Unit\Request\Product\UpdateProductRequestTest.php" line="12" class="GoSuccess\Digistore24\Api\Tests\Unit\Request\Product\UpdateProductRequestTest" classname="GoSuccess.Digistore24.Api.Tests.Unit.Request.Product.UpdateProductRequestTest" assertions="1" time="0.000362"/>
      <testcase name="test_endpoint_returns_correct_value" file="D:\digistore24-api\tests\Unit\Request\Product\UpdateProductRequestTest.php" line="19" class="GoSuccess\Digistore24\Api\Tests\Unit\Request\Product\UpdateProductRequestTest" classname="GoSuccess.Digistore24.Api.Tests.Unit.Request.Product.UpdateProductRequestTest" assertions="1" time="0.000068"/>
      <testcase name="test_to_array_includes_product_id_and_optional_fields" file="D:\digistore24-api\tests\Unit\Request\Product\UpdateProductRequestTest.php" line="26" class="GoSuccess\Digistore24\Api\Tests\Unit\Request\Product\UpdateProductRequestTest" classname="GoSuccess.Digistore24.Api.Tests.Unit.Request.Product.UpdateProductRequestTest" assertions="3" time="0.000076"/>
      <testcase name="test_validate_returns_empty_array" file="D:\digistore24-api\tests\Unit\Request\Product\UpdateProductRequestTest.php" line="41" class="GoSuccess\Digistore24\Api\Tests\Unit\Request\Product\UpdateProductRequestTest" classname="GoSuccess.Digistore24.Api.Tests.Unit.Request.Product.UpdateProductRequestTest" assertions="2" time="0.000069"/>
    </testsuite>
    <testsuite name="GoSuccess\Digistore24\Api\Tests\Unit\Request\Purchase\AddBalanceToPurchaseRequestTest" file="D:\digistore24-api\tests\Unit\Request\Purchase\AddBalanceToPurchaseRequestTest.php" tests="4" assertions="7" errors="0" failures="0" skipped="0" time="0.000539">
      <testcase name="test_can_create_instance" file="D:\digistore24-api\tests\Unit\Request\Purchase\AddBalanceToPurchaseRequestTest.php" line="12" class="GoSuccess\Digistore24\Api\Tests\Unit\Request\Purchase\AddBalanceToPurchaseRequestTest" classname="GoSuccess.Digistore24.Api.Tests.Unit.Request.Purchase.AddBalanceToPurchaseRequestTest" assertions="1" time="0.000332"/>
      <testcase name="test_endpoint_returns_correct_value" file="D:\digistore24-api\tests\Unit\Request\Purchase\AddBalanceToPurchaseRequestTest.php" line="19" class="GoSuccess\Digistore24\Api\Tests\Unit\Request\Purchase\AddBalanceToPurchaseRequestTest" classname="GoSuccess.Digistore24.Api.Tests.Unit.Request.Purchase.AddBalanceToPurchaseRequestTest" assertions="1" time="0.000068"/>
      <testcase name="test_to_array_includes_purchase_id_and_amount" file="D:\digistore24-api\tests\Unit\Request\Purchase\AddBalanceToPurchaseRequestTest.php" line="26" class="GoSuccess\Digistore24\Api\Tests\Unit\Request\Purchase\AddBalanceToPurchaseRequestTest" classname="GoSuccess.Digistore24.Api.Tests.Unit.Request.Purchase.AddBalanceToPurchaseRequestTest" assertions="3" time="0.000069"/>
      <testcase name="test_validate_returns_empty_array" file="D:\digistore24-api\tests\Unit\Request\Purchase\AddBalanceToPurchaseRequestTest.php" line="37" class="GoSuccess\Digistore24\Api\Tests\Unit\Request\Purchase\AddBalanceToPurchaseRequestTest" classname="GoSuccess.Digistore24.Api.Tests.Unit.Request.Purchase.AddBalanceToPurchaseRequestTest" assertions="2" time="0.000069"/>
    </testsuite>
    <testsuite name="GoSuccess\Digistore24\Api\Tests\Unit\Request\Purchase\CreateAddonChangePurchaseRequestTest" file="D:\digistore24-api\tests\Unit\Request\Purchase\CreateAddonChangePurchaseRequestTest.php" tests="10" assertions="29" errors="0" failures="0" skipped="0" time="0.001521">
      <testcase name="testCanCreateWithRequiredFields" file="D:\digistore24-api\tests\Unit\Request\Purchase\CreateAddonChangePurchaseRequestTest.php" line="15" class="GoSuccess\Digistore24\Api\Tests\Unit\Request\Purchase\CreateAddonChangePurchaseRequestTest" classname="GoSuccess.Digistore24.Api.Tests.Unit.Request.Purchase.CreateAddonChangePurchaseRequestTest" assertions="4" time="0.000433"/>
      <testcase name="testCanCreateWithAllFields" file="D:\digistore24-api\tests\Unit\Request\Purchase\CreateAddonChangePurchaseRequestTest.php" line="29" class="GoSuccess\Digistore24\Api\Tests\Unit\Request\Purchase\CreateAddonChangePurchaseRequestTest" classname="GoSuccess.Digistore24.Api.Tests.Unit.Request.Purchase.CreateAddonChangePurchaseRequestTest" assertions="3" time="0.000367"/>
      <testcase name="testRequiresAtLeastOneAddon" file="D:\digistore24-api\tests\Unit\Request\Purchase\CreateAddonChangePurchaseRequestTest.php" line="48" class="GoSuccess\Digistore24\Api\Tests\Unit\Request\Purchase\CreateAddonChangePurchaseRequestTest" classname="GoSuccess.Digistore24.Api.Tests.Unit.Request.Purchase.CreateAddonChangePurchaseRequestTest" assertions="2" time="0.000101"/>
      <testcase name="testAddonsArrayMustContainAddonDataObjects" file="D:\digistore24-api\tests\Unit\Request\Purchase\CreateAddonChangePurchaseRequestTest.php" line="59" class="GoSuccess\Digistore24\Api\Tests\Unit\Request\Purchase\CreateAddonChangePurchaseRequestTest" classname="GoSuccess.Digistore24.Api.Tests.Unit.Request.Purchase.CreateAddonChangePurchaseRequestTest" assertions="2" time="0.000093"/>
      <testcase name="testEndpointReturnsCorrectValue" file="D:\digistore24-api\tests\Unit\Request\Purchase\CreateAddonChangePurchaseRequestTest.php" line="70" class="GoSuccess\Digistore24\Api\Tests\Unit\Request\Purchase\CreateAddonChangePurchaseRequestTest" classname="GoSuccess.Digistore24.Api.Tests.Unit.Request.Purchase.CreateAddonChangePurchaseRequestTest" assertions="1" time="0.000082"/>
      <testcase name="testToArrayWithMinimalData" file="D:\digistore24-api\tests\Unit\Request\Purchase\CreateAddonChangePurchaseRequestTest.php" line="81" class="GoSuccess\Digistore24\Api\Tests\Unit\Request\Purchase\CreateAddonChangePurchaseRequestTest" classname="GoSuccess.Digistore24.Api.Tests.Unit.Request.Purchase.CreateAddonChangePurchaseRequestTest" assertions="6" time="0.000093"/>
      <testcase name="testToArrayWithMultipleAddons" file="D:\digistore24-api\tests\Unit\Request\Purchase\CreateAddonChangePurchaseRequestTest.php" line="99" class="GoSuccess\Digistore24\Api\Tests\Unit\Request\Purchase\CreateAddonChangePurchaseRequestTest" classname="GoSuccess.Digistore24.Api.Tests.Unit.Request.Purchase.CreateAddonChangePurchaseRequestTest" assertions="3" time="0.000085"/>
      <testcase name="testToArrayWithTracking" file="D:\digistore24-api\tests\Unit\Request\Purchase\CreateAddonChangePurchaseRequestTest.php" line="116" class="GoSuccess\Digistore24\Api\Tests\Unit\Request\Purchase\CreateAddonChangePurchaseRequestTest" classname="GoSuccess.Digistore24.Api.Tests.Unit.Request.Purchase.CreateAddonChangePurchaseRequestTest" assertions="3" time="0.000088"/>
      <testcase name="testToArrayWithPlaceholders" file="D:\digistore24-api\tests\Unit\Request\Purchase\CreateAddonChangePurchaseRequestTest.php" line="136" class="GoSuccess\Digistore24\Api\Tests\Unit\Request\Purchase\CreateAddonChangePurchaseRequestTest" classname="GoSuccess.Digistore24.Api.Tests.Unit.Request.Purchase.CreateAddonChangePurchaseRequestTest" assertions="3" time="0.000085"/>
      <testcase name="testValidationPassesForValidData" file="D:\digistore24-api\tests\Unit\Request\Purchase\CreateAddonChangePurchaseRequestTest.php" line="156" class="GoSuccess\Digistore24\Api\Tests\Unit\Request\Purchase\CreateAddonChangePurchaseRequestTest" classname="GoSuccess.Digistore24.Api.Tests.Unit.Request.Purchase.CreateAddonChangePurchaseRequestTest" assertions="2" time="0.000092"/>
    </testsuite>
    <testsuite name="GoSuccess\Digistore24\Api\Tests\Unit\Request\Purchase\CreateUpgradePurchaseRequestTest" file="D:\digistore24-api\tests\Unit\Request\Purchase\CreateUpgradePurchaseRequestTest.php" tests="4" assertions="7" errors="0" failures="0" skipped="0" time="0.000606">
      <testcase name="test_can_create_instance" file="D:\digistore24-api\tests\Unit\Request\Purchase\CreateUpgradePurchaseRequestTest.php" line="12" class="GoSuccess\Digistore24\Api\Tests\Unit\Request\Purchase\CreateUpgradePurchaseRequestTest" classname="GoSuccess.Digistore24.Api.Tests.Unit.Request.Purchase.CreateUpgradePurchaseRequestTest" assertions="1" time="0.000319"/>
      <testcase name="test_endpoint_returns_correct_value" file="D:\digistore24-api\tests\Unit\Request\Purchase\CreateUpgradePurchaseRequestTest.php" line="19" class="GoSuccess\Digistore24\Api\Tests\Unit\Request\Purchase\CreateUpgradePurchaseRequestTest" classname="GoSuccess.Digistore24.Api.Tests.Unit.Request.Purchase.CreateUpgradePurchaseRequestTest" assertions="1" time="0.000081"/>
      <testcase name="test_to_array_includes_purchase_ids_and_upgrade_id" file="D:\digistore24-api\tests\Unit\Request\Purchase\CreateUpgradePurchaseRequestTest.php" line="26" class="GoSuccess\Digistore24\Api\Tests\Unit\Request\Purchase\CreateUpgradePurchaseRequestTest" classname="GoSuccess.Digistore24.Api.Tests.Unit.Request.Purchase.CreateUpgradePurchaseRequestTest" assertions="3" time="0.000072"/>
      <testcase name="test_validate_returns_empty_array" file="D:\digistore24-api\tests\Unit\Request\Purchase\CreateUpgradePurchaseRequestTest.php" line="37" class="GoSuccess\Digistore24\Api\Tests\Unit\Request\Purchase\CreateUpgradePurchaseRequestTest" classname="GoSuccess.Digistore24.Api.Tests.Unit.Request.Purchase.CreateUpgradePurchaseRequestTest" assertions="2" time="0.000134"/>
    </testsuite>
    <testsuite name="GoSuccess\Digistore24\Api\Tests\Unit\Request\Purchase\GetCustomerToAffiliateBuyerDetailsRequestTest" file="D:\digistore24-api\tests\Unit\Request\Purchase\GetCustomerToAffiliateBuyerDetailsRequestTest.php" tests="4" assertions="6" errors="0" failures="0" skipped="0" time="0.000516">
      <testcase name="test_can_create_instance" file="D:\digistore24-api\tests\Unit\Request\Purchase\GetCustomerToAffiliateBuyerDetailsRequestTest.php" line="12" class="GoSuccess\Digistore24\Api\Tests\Unit\Request\Purchase\GetCustomerToAffiliateBuyerDetailsRequestTest" classname="GoSuccess.Digistore24.Api.Tests.Unit.Request.Purchase.GetCustomerToAffiliateBuyerDetailsRequestTest" assertions="1" time="0.000298"/>
      <testcase name="test_endpoint_returns_correct_value" file="D:\digistore24-api\tests\Unit\Request\Purchase\GetCustomerToAffiliateBuyerDetailsRequestTest.php" line="19" class="GoSuccess\Digistore24\Api\Tests\Unit\Request\Purchase\GetCustomerToAffiliateBuyerDetailsRequestTest" classname="GoSuccess.Digistore24.Api.Tests.Unit.Request.Purchase.GetCustomerToAffiliateBuyerDetailsRequestTest" assertions="1" time="0.000074"/>
      <testcase name="test_to_array_includes_purchase_id" file="D:\digistore24-api\tests\Unit\Request\Purchase\GetCustomerToAffiliateBuyerDetailsRequestTest.php" line="26" class="GoSuccess\Digistore24\Api\Tests\Unit\Request\Purchase\GetCustomerToAffiliateBuyerDetailsRequestTest" classname="GoSuccess.Digistore24.Api.Tests.Unit.Request.Purchase.GetCustomerToAffiliateBuyerDetailsRequestTest" assertions="2" time="0.000072"/>
      <testcase name="test_validate_returns_empty_array" file="D:\digistore24-api\tests\Unit\Request\Purchase\GetCustomerToAffiliateBuyerDetailsRequestTest.php" line="36" class="GoSuccess\Digistore24\Api\Tests\Unit\Request\Purchase\GetCustomerToAffiliateBuyerDetailsRequestTest" classname="GoSuccess.Digistore24.Api.Tests.Unit.Request.Purchase.GetCustomerToAffiliateBuyerDetailsRequestTest" assertions="2" time="0.000073"/>
    </testsuite>
    <testsuite name="GoSuccess\Digistore24\Api\Tests\Unit\Request\Purchase\GetPurchaseDownloadsRequestTest" file="D:\digistore24-api\tests\Unit\Request\Purchase\GetPurchaseDownloadsRequestTest.php" tests="4" assertions="6" errors="0" failures="0" skipped="0" time="0.000497">
      <testcase name="test_can_create_instance" file="D:\digistore24-api\tests\Unit\Request\Purchase\GetPurchaseDownloadsRequestTest.php" line="12" class="GoSuccess\Digistore24\Api\Tests\Unit\Request\Purchase\GetPurchaseDownloadsRequestTest" classname="GoSuccess.Digistore24.Api.Tests.Unit.Request.Purchase.GetPurchaseDownloadsRequestTest" assertions="1" time="0.000282"/>
      <testcase name="test_endpoint_returns_correct_value" file="D:\digistore24-api\tests\Unit\Request\Purchase\GetPurchaseDownloadsRequestTest.php" line="19" class="GoSuccess\Digistore24\Api\Tests\Unit\Request\Purchase\GetPurchaseDownloadsRequestTest" classname="GoSuccess.Digistore24.Api.Tests.Unit.Request.Purchase.GetPurchaseDownloadsRequestTest" assertions="1" time="0.000078"/>
      <testcase name="test_to_array_includes_purchase_id" file="D:\digistore24-api\tests\Unit\Request\Purchase\GetPurchaseDownloadsRequestTest.php" line="26" class="GoSuccess\Digistore24\Api\Tests\Unit\Request\Purchase\GetPurchaseDownloadsRequestTest" classname="GoSuccess.Digistore24.Api.Tests.Unit.Request.Purchase.GetPurchaseDownloadsRequestTest" assertions="2" time="0.000069"/>
      <testcase name="test_validate_returns_empty_array" file="D:\digistore24-api\tests\Unit\Request\Purchase\GetPurchaseDownloadsRequestTest.php" line="36" class="GoSuccess\Digistore24\Api\Tests\Unit\Request\Purchase\GetPurchaseDownloadsRequestTest" classname="GoSuccess.Digistore24.Api.Tests.Unit.Request.Purchase.GetPurchaseDownloadsRequestTest" assertions="2" time="0.000068"/>
    </testsuite>
    <testsuite name="GoSuccess\Digistore24\Api\Tests\Unit\Request\Purchase\GetPurchaseRequestTest" file="D:\digistore24-api\tests\Unit\Request\Purchase\GetPurchaseRequestTest.php" tests="4" assertions="6" errors="0" failures="0" skipped="0" time="0.000549">
      <testcase name="test_can_create_instance" file="D:\digistore24-api\tests\Unit\Request\Purchase\GetPurchaseRequestTest.php" line="12" class="GoSuccess\Digistore24\Api\Tests\Unit\Request\Purchase\GetPurchaseRequestTest" classname="GoSuccess.Digistore24.Api.Tests.Unit.Request.Purchase.GetPurchaseRequestTest" assertions="1" time="0.000288"/>
      <testcase name="test_endpoint_returns_correct_value" file="D:\digistore24-api\tests\Unit\Request\Purchase\GetPurchaseRequestTest.php" line="19" class="GoSuccess\Digistore24\Api\Tests\Unit\Request\Purchase\GetPurchaseRequestTest" classname="GoSuccess.Digistore24.Api.Tests.Unit.Request.Purchase.GetPurchaseRequestTest" assertions="1" time="0.000068"/>
      <testcase name="test_to_array_includes_purchase_id" file="D:\digistore24-api\tests\Unit\Request\Purchase\GetPurchaseRequestTest.php" line="26" class="GoSuccess\Digistore24\Api\Tests\Unit\Request\Purchase\GetPurchaseRequestTest" classname="GoSuccess.Digistore24.Api.Tests.Unit.Request.Purchase.GetPurchaseRequestTest" assertions="2" time="0.000068"/>
      <testcase name="test_validate_returns_empty_array" file="D:\digistore24-api\tests\Unit\Request\Purchase\GetPurchaseRequestTest.php" line="36" class="GoSuccess\Digistore24\Api\Tests\Unit\Request\Purchase\GetPurchaseRequestTest" classname="GoSuccess.Digistore24.Api.Tests.Unit.Request.Purchase.GetPurchaseRequestTest" assertions="2" time="0.000125"/>
    </testsuite>
    <testsuite name="GoSuccess\Digistore24\Api\Tests\Unit\Request\Purchase\GetPurchaseTrackingRequestTest" file="D:\digistore24-api\tests\Unit\Request\Purchase\GetPurchaseTrackingRequestTest.php" tests="4" assertions="6" errors="0" failures="0" skipped="0" time="0.000666">
      <testcase name="test_can_create_instance" file="D:\digistore24-api\tests\Unit\Request\Purchase\GetPurchaseTrackingRequestTest.php" line="12" class="GoSuccess\Digistore24\Api\Tests\Unit\Request\Purchase\GetPurchaseTrackingRequestTest" classname="GoSuccess.Digistore24.Api.Tests.Unit.Request.Purchase.GetPurchaseTrackingRequestTest" assertions="1" time="0.000402"/>
      <testcase name="test_endpoint_returns_correct_value" file="D:\digistore24-api\tests\Unit\Request\Purchase\GetPurchaseTrackingRequestTest.php" line="19" class="GoSuccess\Digistore24\Api\Tests\Unit\Request\Purchase\GetPurchaseTrackingRequestTest" classname="GoSuccess.Digistore24.Api.Tests.Unit.Request.Purchase.GetPurchaseTrackingRequestTest" assertions="1" time="0.000083"/>
      <testcase name="test_to_array_includes_purchase_id" file="D:\digistore24-api\tests\Unit\Request\Purchase\GetPurchaseTrackingRequestTest.php" line="26" class="GoSuccess\Digistore24\Api\Tests\Unit\Request\Purchase\GetPurchaseTrackingRequestTest" classname="GoSuccess.Digistore24.Api.Tests.Unit.Request.Purchase.GetPurchaseTrackingRequestTest" assertions="2" time="0.000110"/>
      <testcase name="test_validate_returns_empty_array" file="D:\digistore24-api\tests\Unit\Request\Purchase\GetPurchaseTrackingRequestTest.php" line="36" class="GoSuccess\Digistore24\Api\Tests\Unit\Request\Purchase\GetPurchaseTrackingRequestTest" classname="GoSuccess.Digistore24.Api.Tests.Unit.Request.Purchase.GetPurchaseTrackingRequestTest" assertions="2" time="0.000070"/>
    </testsuite>
    <testsuite name="GoSuccess\Digistore24\Api\Tests\Unit\Request\Purchase\ListPurchasesOfEmailRequestTest" file="D:\digistore24-api\tests\Unit\Request\Purchase\ListPurchasesOfEmailRequestTest.php" tests="4" assertions="7" errors="0" failures="0" skipped="0" time="0.000713">
      <testcase name="test_can_create_instance" file="D:\digistore24-api\tests\Unit\Request\Purchase\ListPurchasesOfEmailRequestTest.php" line="12" class="GoSuccess\Digistore24\Api\Tests\Unit\Request\Purchase\ListPurchasesOfEmailRequestTest" classname="GoSuccess.Digistore24.Api.Tests.Unit.Request.Purchase.ListPurchasesOfEmailRequestTest" assertions="1" time="0.000453"/>
      <testcase name="test_endpoint_returns_correct_value" file="D:\digistore24-api\tests\Unit\Request\Purchase\ListPurchasesOfEmailRequestTest.php" line="19" class="GoSuccess\Digistore24\Api\Tests\Unit\Request\Purchase\ListPurchasesOfEmailRequestTest" classname="GoSuccess.Digistore24.Api.Tests.Unit.Request.Purchase.ListPurchasesOfEmailRequestTest" assertions="1" time="0.000091"/>
      <testcase name="test_to_array_includes_email_and_limit" file="D:\digistore24-api\tests\Unit\Request\Purchase\ListPurchasesOfEmailRequestTest.php" line="26" class="GoSuccess\Digistore24\Api\Tests\Unit\Request\Purchase\ListPurchasesOfEmailRequestTest" classname="GoSuccess.Digistore24.Api.Tests.Unit.Request.Purchase.ListPurchasesOfEmailRequestTest" assertions="3" time="0.000096"/>
      <testcase name="test_validate_returns_empty_array" file="D:\digistore24-api\tests\Unit\Request\Purchase\ListPurchasesOfEmailRequestTest.php" line="37" class="GoSuccess\Digistore24\Api\Tests\Unit\Request\Purchase\ListPurchasesOfEmailRequestTest" classname="GoSuccess.Digistore24.Api.Tests.Unit.Request.Purchase.ListPurchasesOfEmailRequestTest" assertions="2" time="0.000072"/>
    </testsuite>
    <testsuite name="GoSuccess\Digistore24\Api\Tests\Unit\Request\Purchase\ListPurchasesRequestTest" file="D:\digistore24-api\tests\Unit\Request\Purchase\ListPurchasesRequestTest.php" tests="4" assertions="7" errors="0" failures="0" skipped="0" time="0.000572">
      <testcase name="test_can_create_instance" file="D:\digistore24-api\tests\Unit\Request\Purchase\ListPurchasesRequestTest.php" line="12" class="GoSuccess\Digistore24\Api\Tests\Unit\Request\Purchase\ListPurchasesRequestTest" classname="GoSuccess.Digistore24.Api.Tests.Unit.Request.Purchase.ListPurchasesRequestTest" assertions="1" time="0.000360"/>
      <testcase name="test_endpoint_returns_correct_value" file="D:\digistore24-api\tests\Unit\Request\Purchase\ListPurchasesRequestTest.php" line="19" class="GoSuccess\Digistore24\Api\Tests\Unit\Request\Purchase\ListPurchasesRequestTest" classname="GoSuccess.Digistore24.Api.Tests.Unit.Request.Purchase.ListPurchasesRequestTest" assertions="1" time="0.000071"/>
      <testcase name="test_to_array_with_parameters" file="D:\digistore24-api\tests\Unit\Request\Purchase\ListPurchasesRequestTest.php" line="26" class="GoSuccess\Digistore24\Api\Tests\Unit\Request\Purchase\ListPurchasesRequestTest" classname="GoSuccess.Digistore24.Api.Tests.Unit.Request.Purchase.ListPurchasesRequestTest" assertions="3" time="0.000073"/>
      <testcase name="test_validate_returns_empty_array" file="D:\digistore24-api\tests\Unit\Request\Purchase\ListPurchasesRequestTest.php" line="37" class="GoSuccess\Digistore24\Api\Tests\Unit\Request\Purchase\ListPurchasesRequestTest" classname="GoSuccess.Digistore24.Api.Tests.Unit.Request.Purchase.ListPurchasesRequestTest" assertions="2" time="0.000068"/>
    </testsuite>
    <testsuite name="GoSuccess\Digistore24\Api\Tests\Unit\Request\Purchase\RefundPartiallyRequestTest" file="D:\digistore24-api\tests\Unit\Request\Purchase\RefundPartiallyRequestTest.php" tests="4" assertions="8" errors="0" failures="0" skipped="0" time="0.000547">
      <testcase name="test_can_create_instance" file="D:\digistore24-api\tests\Unit\Request\Purchase\RefundPartiallyRequestTest.php" line="12" class="GoSuccess\Digistore24\Api\Tests\Unit\Request\Purchase\RefundPartiallyRequestTest" classname="GoSuccess.Digistore24.Api.Tests.Unit.Request.Purchase.RefundPartiallyRequestTest" assertions="1" time="0.000299"/>
      <testcase name="test_endpoint_returns_correct_value" file="D:\digistore24-api\tests\Unit\Request\Purchase\RefundPartiallyRequestTest.php" line="19" class="GoSuccess\Digistore24\Api\Tests\Unit\Request\Purchase\RefundPartiallyRequestTest" classname="GoSuccess.Digistore24.Api.Tests.Unit.Request.Purchase.RefundPartiallyRequestTest" assertions="1" time="0.000069"/>
      <testcase name="test_to_array_includes_purchase_id_amount_and_reason" file="D:\digistore24-api\tests\Unit\Request\Purchase\RefundPartiallyRequestTest.php" line="26" class="GoSuccess\Digistore24\Api\Tests\Unit\Request\Purchase\RefundPartiallyRequestTest" classname="GoSuccess.Digistore24.Api.Tests.Unit.Request.Purchase.RefundPartiallyRequestTest" assertions="4" time="0.000085"/>
      <testcase name="test_validate_returns_empty_array" file="D:\digistore24-api\tests\Unit\Request\Purchase\RefundPartiallyRequestTest.php" line="38" class="GoSuccess\Digistore24\Api\Tests\Unit\Request\Purchase\RefundPartiallyRequestTest" classname="GoSuccess.Digistore24.Api.Tests.Unit.Request.Purchase.RefundPartiallyRequestTest" assertions="2" time="0.000093"/>
    </testsuite>
    <testsuite name="GoSuccess\Digistore24\Api\Tests\Unit\Request\Purchase\RefundPurchaseRequestTest" file="D:\digistore24-api\tests\Unit\Request\Purchase\RefundPurchaseRequestTest.php" tests="4" assertions="7" errors="0" failures="0" skipped="0" time="0.000582">
      <testcase name="test_can_create_instance" file="D:\digistore24-api\tests\Unit\Request\Purchase\RefundPurchaseRequestTest.php" line="12" class="GoSuccess\Digistore24\Api\Tests\Unit\Request\Purchase\RefundPurchaseRequestTest" classname="GoSuccess.Digistore24.Api.Tests.Unit.Request.Purchase.RefundPurchaseRequestTest" assertions="1" time="0.000327"/>
      <testcase name="test_endpoint_returns_correct_value" file="D:\digistore24-api\tests\Unit\Request\Purchase\RefundPurchaseRequestTest.php" line="19" class="GoSuccess\Digistore24\Api\Tests\Unit\Request\Purchase\RefundPurchaseRequestTest" classname="GoSuccess.Digistore24.Api.Tests.Unit.Request.Purchase.RefundPurchaseRequestTest" assertions="1" time="0.000090"/>
      <testcase name="test_to_array_includes_purchase_id_and_force" file="D:\digistore24-api\tests\Unit\Request\Purchase\RefundPurchaseRequestTest.php" line="26" class="GoSuccess\Digistore24\Api\Tests\Unit\Request\Purchase\RefundPurchaseRequestTest" classname="GoSuccess.Digistore24.Api.Tests.Unit.Request.Purchase.RefundPurchaseRequestTest" assertions="3" time="0.000097"/>
      <testcase name="test_validate_returns_empty_array" file="D:\digistore24-api\tests\Unit\Request\Purchase\RefundPurchaseRequestTest.php" line="37" class="GoSuccess\Digistore24\Api\Tests\Unit\Request\Purchase\RefundPurchaseRequestTest" classname="GoSuccess.Digistore24.Api.Tests.Unit.Request.Purchase.RefundPurchaseRequestTest" assertions="2" time="0.000069"/>
    </testsuite>
    <testsuite name="GoSuccess\Digistore24\Api\Tests\Unit\Request\Purchase\ResendPurchaseConfirmationMailRequestTest" file="D:\digistore24-api\tests\Unit\Request\Purchase\ResendPurchaseConfirmationMailRequestTest.php" tests="4" assertions="6" errors="0" failures="0" skipped="0" time="0.000742">
      <testcase name="test_can_create_instance" file="D:\digistore24-api\tests\Unit\Request\Purchase\ResendPurchaseConfirmationMailRequestTest.php" line="12" class="GoSuccess\Digistore24\Api\Tests\Unit\Request\Purchase\ResendPurchaseConfirmationMailRequestTest" classname="GoSuccess.Digistore24.Api.Tests.Unit.Request.Purchase.ResendPurchaseConfirmationMailRequestTest" assertions="1" time="0.000332"/>
      <testcase name="test_endpoint_returns_correct_value" file="D:\digistore24-api\tests\Unit\Request\Purchase\ResendPurchaseConfirmationMailRequestTest.php" line="19" class="GoSuccess\Digistore24\Api\Tests\Unit\Request\Purchase\ResendPurchaseConfirmationMailRequestTest" classname="GoSuccess.Digistore24.Api.Tests.Unit.Request.Purchase.ResendPurchaseConfirmationMailRequestTest" assertions="1" time="0.000194"/>
      <testcase name="test_to_array_includes_purchase_id" file="D:\digistore24-api\tests\Unit\Request\Purchase\ResendPurchaseConfirmationMailRequestTest.php" line="26" class="GoSuccess\Digistore24\Api\Tests\Unit\Request\Purchase\ResendPurchaseConfirmationMailRequestTest" classname="GoSuccess.Digistore24.Api.Tests.Unit.Request.Purchase.ResendPurchaseConfirmationMailRequestTest" assertions="2" time="0.000077"/>
      <testcase name="test_validate_returns_empty_array" file="D:\digistore24-api\tests\Unit\Request\Purchase\ResendPurchaseConfirmationMailRequestTest.php" line="36" class="GoSuccess\Digistore24\Api\Tests\Unit\Request\Purchase\ResendPurchaseConfirmationMailRequestTest" classname="GoSuccess.Digistore24.Api.Tests.Unit.Request.Purchase.ResendPurchaseConfirmationMailRequestTest" assertions="2" time="0.000139"/>
    </testsuite>
    <testsuite name="GoSuccess\Digistore24\Api\Tests\Unit\Request\Purchase\UpdatePurchaseRequestTest" file="D:\digistore24-api\tests\Unit\Request\Purchase\UpdatePurchaseRequestTest.php" tests="4" assertions="8" errors="0" failures="0" skipped="0" time="0.000543">
      <testcase name="test_can_create_instance" file="D:\digistore24-api\tests\Unit\Request\Purchase\UpdatePurchaseRequestTest.php" line="12" class="GoSuccess\Digistore24\Api\Tests\Unit\Request\Purchase\UpdatePurchaseRequestTest" classname="GoSuccess.Digistore24.Api.Tests.Unit.Request.Purchase.UpdatePurchaseRequestTest" assertions="1" time="0.000326"/>
      <testcase name="test_endpoint_returns_correct_value" file="D:\digistore24-api\tests\Unit\Request\Purchase\UpdatePurchaseRequestTest.php" line="19" class="GoSuccess\Digistore24\Api\Tests\Unit\Request\Purchase\UpdatePurchaseRequestTest" classname="GoSuccess.Digistore24.Api.Tests.Unit.Request.Purchase.UpdatePurchaseRequestTest" assertions="1" time="0.000068"/>
      <testcase name="test_to_array_includes_purchase_id_and_optional_fields" file="D:\digistore24-api\tests\Unit\Request\Purchase\UpdatePurchaseRequestTest.php" line="26" class="GoSuccess\Digistore24\Api\Tests\Unit\Request\Purchase\UpdatePurchaseRequestTest" classname="GoSuccess.Digistore24.Api.Tests.Unit.Request.Purchase.UpdatePurchaseRequestTest" assertions="4" time="0.000080"/>
      <testcase name="test_validate_returns_empty_array" file="D:\digistore24-api\tests\Unit\Request\Purchase\UpdatePurchaseRequestTest.php" line="42" class="GoSuccess\Digistore24\Api\Tests\Unit\Request\Purchase\UpdatePurchaseRequestTest" classname="GoSuccess.Digistore24.Api.Tests.Unit.Request.Purchase.UpdatePurchaseRequestTest" assertions="2" time="0.000068"/>
    </testsuite>
    <testsuite name="GoSuccess\Digistore24\Api\Tests\Unit\Request\Rebilling\CreateRebillingPaymentRequestTest" file="D:\digistore24-api\tests\Unit\Request\Rebilling\CreateRebillingPaymentRequestTest.php" tests="4" assertions="7" errors="0" failures="0" skipped="0" time="0.000557">
      <testcase name="test_can_create_instance" file="D:\digistore24-api\tests\Unit\Request\Rebilling\CreateRebillingPaymentRequestTest.php" line="12" class="GoSuccess\Digistore24\Api\Tests\Unit\Request\Rebilling\CreateRebillingPaymentRequestTest" classname="GoSuccess.Digistore24.Api.Tests.Unit.Request.Rebilling.CreateRebillingPaymentRequestTest" assertions="1" time="0.000347"/>
      <testcase name="test_endpoint_returns_correct_value" file="D:\digistore24-api\tests\Unit\Request\Rebilling\CreateRebillingPaymentRequestTest.php" line="19" class="GoSuccess\Digistore24\Api\Tests\Unit\Request\Rebilling\CreateRebillingPaymentRequestTest" classname="GoSuccess.Digistore24.Api.Tests.Unit.Request.Rebilling.CreateRebillingPaymentRequestTest" assertions="1" time="0.000069"/>
      <testcase name="test_to_array_includes_purchase_id_and_data" file="D:\digistore24-api\tests\Unit\Request\Rebilling\CreateRebillingPaymentRequestTest.php" line="26" class="GoSuccess\Digistore24\Api\Tests\Unit\Request\Rebilling\CreateRebillingPaymentRequestTest" classname="GoSuccess.Digistore24.Api.Tests.Unit.Request.Rebilling.CreateRebillingPaymentRequestTest" assertions="3" time="0.000071"/>
      <testcase name="test_validate_returns_empty_array" file="D:\digistore24-api\tests\Unit\Request\Rebilling\CreateRebillingPaymentRequestTest.php" line="37" class="GoSuccess\Digistore24\Api\Tests\Unit\Request\Rebilling\CreateRebillingPaymentRequestTest" classname="GoSuccess.Digistore24.Api.Tests.Unit.Request.Rebilling.CreateRebillingPaymentRequestTest" assertions="2" time="0.000070"/>
    </testsuite>
    <testsuite name="GoSuccess\Digistore24\Api\Tests\Unit\Request\Rebilling\ListRebillingStatusChangesRequestTest" file="D:\digistore24-api\tests\Unit\Request\Rebilling\ListRebillingStatusChangesRequestTest.php" tests="4" assertions="7" errors="0" failures="0" skipped="0" time="0.000498">
      <testcase name="test_can_create_instance" file="D:\digistore24-api\tests\Unit\Request\Rebilling\ListRebillingStatusChangesRequestTest.php" line="12" class="GoSuccess\Digistore24\Api\Tests\Unit\Request\Rebilling\ListRebillingStatusChangesRequestTest" classname="GoSuccess.Digistore24.Api.Tests.Unit.Request.Rebilling.ListRebillingStatusChangesRequestTest" assertions="1" time="0.000294"/>
      <testcase name="test_endpoint_returns_correct_value" file="D:\digistore24-api\tests\Unit\Request\Rebilling\ListRebillingStatusChangesRequestTest.php" line="19" class="GoSuccess\Digistore24\Api\Tests\Unit\Request\Rebilling\ListRebillingStatusChangesRequestTest" classname="GoSuccess.Digistore24.Api.Tests.Unit.Request.Rebilling.ListRebillingStatusChangesRequestTest" assertions="1" time="0.000068"/>
      <testcase name="test_to_array_with_date_range" file="D:\digistore24-api\tests\Unit\Request\Rebilling\ListRebillingStatusChangesRequestTest.php" line="26" class="GoSuccess\Digistore24\Api\Tests\Unit\Request\Rebilling\ListRebillingStatusChangesRequestTest" classname="GoSuccess.Digistore24.Api.Tests.Unit.Request.Rebilling.ListRebillingStatusChangesRequestTest" assertions="3" time="0.000069"/>
      <testcase name="test_validate_returns_empty_array" file="D:\digistore24-api\tests\Unit\Request\Rebilling\ListRebillingStatusChangesRequestTest.php" line="37" class="GoSuccess\Digistore24\Api\Tests\Unit\Request\Rebilling\ListRebillingStatusChangesRequestTest" classname="GoSuccess.Digistore24.Api.Tests.Unit.Request.Rebilling.ListRebillingStatusChangesRequestTest" assertions="2" time="0.000067"/>
    </testsuite>
    <testsuite name="GoSuccess\Digistore24\Api\Tests\Unit\Request\Rebilling\StartRebillingRequestTest" file="D:\digistore24-api\tests\Unit\Request\Rebilling\StartRebillingRequestTest.php" tests="4" assertions="6" errors="0" failures="0" skipped="0" time="0.000712">
      <testcase name="test_can_create_instance" file="D:\digistore24-api\tests\Unit\Request\Rebilling\StartRebillingRequestTest.php" line="12" class="GoSuccess\Digistore24\Api\Tests\Unit\Request\Rebilling\StartRebillingRequestTest" classname="GoSuccess.Digistore24.Api.Tests.Unit.Request.Rebilling.StartRebillingRequestTest" assertions="1" time="0.000373"/>
      <testcase name="test_endpoint_returns_correct_value" file="D:\digistore24-api\tests\Unit\Request\Rebilling\StartRebillingRequestTest.php" line="19" class="GoSuccess\Digistore24\Api\Tests\Unit\Request\Rebilling\StartRebillingRequestTest" classname="GoSuccess.Digistore24.Api.Tests.Unit.Request.Rebilling.StartRebillingRequestTest" assertions="1" time="0.000200"/>
      <testcase name="test_to_array_includes_purchase_id" file="D:\digistore24-api\tests\Unit\Request\Rebilling\StartRebillingRequestTest.php" line="26" class="GoSuccess\Digistore24\Api\Tests\Unit\Request\Rebilling\StartRebillingRequestTest" classname="GoSuccess.Digistore24.Api.Tests.Unit.Request.Rebilling.StartRebillingRequestTest" assertions="2" time="0.000070"/>
      <testcase name="test_validate_returns_empty_array" file="D:\digistore24-api\tests\Unit\Request\Rebilling\StartRebillingRequestTest.php" line="36" class="GoSuccess\Digistore24\Api\Tests\Unit\Request\Rebilling\StartRebillingRequestTest" classname="GoSuccess.Digistore24.Api.Tests.Unit.Request.Rebilling.StartRebillingRequestTest" assertions="2" time="0.000068"/>
    </testsuite>
    <testsuite name="GoSuccess\Digistore24\Api\Tests\Unit\Request\Rebilling\StopRebillingRequestTest" file="D:\digistore24-api\tests\Unit\Request\Rebilling\StopRebillingRequestTest.php" tests="4" assertions="6" errors="0" failures="0" skipped="0" time="0.000618">
      <testcase name="test_can_create_instance" file="D:\digistore24-api\tests\Unit\Request\Rebilling\StopRebillingRequestTest.php" line="12" class="GoSuccess\Digistore24\Api\Tests\Unit\Request\Rebilling\StopRebillingRequestTest" classname="GoSuccess.Digistore24.Api.Tests.Unit.Request.Rebilling.StopRebillingRequestTest" assertions="1" time="0.000359"/>
      <testcase name="test_endpoint_returns_correct_value" file="D:\digistore24-api\tests\Unit\Request\Rebilling\StopRebillingRequestTest.php" line="19" class="GoSuccess\Digistore24\Api\Tests\Unit\Request\Rebilling\StopRebillingRequestTest" classname="GoSuccess.Digistore24.Api.Tests.Unit.Request.Rebilling.StopRebillingRequestTest" assertions="1" time="0.000118"/>
      <testcase name="test_to_array_includes_purchase_id" file="D:\digistore24-api\tests\Unit\Request\Rebilling\StopRebillingRequestTest.php" line="26" class="GoSuccess\Digistore24\Api\Tests\Unit\Request\Rebilling\StopRebillingRequestTest" classname="GoSuccess.Digistore24.Api.Tests.Unit.Request.Rebilling.StopRebillingRequestTest" assertions="2" time="0.000071"/>
      <testcase name="test_validate_returns_empty_array" file="D:\digistore24-api\tests\Unit\Request\Rebilling\StopRebillingRequestTest.php" line="36" class="GoSuccess\Digistore24\Api\Tests\Unit\Request\Rebilling\StopRebillingRequestTest" classname="GoSuccess.Digistore24.Api.Tests.Unit.Request.Rebilling.StopRebillingRequestTest" assertions="2" time="0.000071"/>
    </testsuite>
    <testsuite name="GoSuccess\Digistore24\Api\Tests\Unit\Request\ServiceProof\GetServiceProofRequestRequestTest" file="D:\digistore24-api\tests\Unit\Request\ServiceProof\GetServiceProofRequestRequestTest.php" tests="4" assertions="6" errors="0" failures="0" skipped="0" time="0.000572">
      <testcase name="test_can_create_instance" file="D:\digistore24-api\tests\Unit\Request\ServiceProof\GetServiceProofRequestRequestTest.php" line="12" class="GoSuccess\Digistore24\Api\Tests\Unit\Request\ServiceProof\GetServiceProofRequestRequestTest" classname="GoSuccess.Digistore24.Api.Tests.Unit.Request.ServiceProof.GetServiceProofRequestRequestTest" assertions="1" time="0.000329"/>
      <testcase name="test_endpoint_returns_correct_value" file="D:\digistore24-api\tests\Unit\Request\ServiceProof\GetServiceProofRequestRequestTest.php" line="19" class="GoSuccess\Digistore24\Api\Tests\Unit\Request\ServiceProof\GetServiceProofRequestRequestTest" classname="GoSuccess.Digistore24.Api.Tests.Unit.Request.ServiceProof.GetServiceProofRequestRequestTest" assertions="1" time="0.000107"/>
      <testcase name="test_to_array_includes_service_proof_request_id" file="D:\digistore24-api\tests\Unit\Request\ServiceProof\GetServiceProofRequestRequestTest.php" line="26" class="GoSuccess\Digistore24\Api\Tests\Unit\Request\ServiceProof\GetServiceProofRequestRequestTest" classname="GoSuccess.Digistore24.Api.Tests.Unit.Request.ServiceProof.GetServiceProofRequestRequestTest" assertions="2" time="0.000068"/>
      <testcase name="test_validate_returns_empty_array" file="D:\digistore24-api\tests\Unit\Request\ServiceProof\GetServiceProofRequestRequestTest.php" line="36" class="GoSuccess\Digistore24\Api\Tests\Unit\Request\ServiceProof\GetServiceProofRequestRequestTest" classname="GoSuccess.Digistore24.Api.Tests.Unit.Request.ServiceProof.GetServiceProofRequestRequestTest" assertions="2" time="0.000067"/>
    </testsuite>
    <testsuite name="GoSuccess\Digistore24\Api\Tests\Unit\Request\ServiceProof\ListServiceProofRequestsRequestTest" file="D:\digistore24-api\tests\Unit\Request\ServiceProof\ListServiceProofRequestsRequestTest.php" tests="4" assertions="7" errors="0" failures="0" skipped="0" time="0.000505">
      <testcase name="test_can_create_instance" file="D:\digistore24-api\tests\Unit\Request\ServiceProof\ListServiceProofRequestsRequestTest.php" line="12" class="GoSuccess\Digistore24\Api\Tests\Unit\Request\ServiceProof\ListServiceProofRequestsRequestTest" classname="GoSuccess.Digistore24.Api.Tests.Unit.Request.ServiceProof.ListServiceProofRequestsRequestTest" assertions="1" time="0.000302"/>
      <testcase name="test_endpoint_returns_correct_value" file="D:\digistore24-api\tests\Unit\Request\ServiceProof\ListServiceProofRequestsRequestTest.php" line="19" class="GoSuccess\Digistore24\Api\Tests\Unit\Request\ServiceProof\ListServiceProofRequestsRequestTest" classname="GoSuccess.Digistore24.Api.Tests.Unit.Request.ServiceProof.ListServiceProofRequestsRequestTest" assertions="1" time="0.000067"/>
      <testcase name="test_to_array_with_pagination" file="D:\digistore24-api\tests\Unit\Request\ServiceProof\ListServiceProofRequestsRequestTest.php" line="26" class="GoSuccess\Digistore24\Api\Tests\Unit\Request\ServiceProof\ListServiceProofRequestsRequestTest" classname="GoSuccess.Digistore24.Api.Tests.Unit.Request.ServiceProof.ListServiceProofRequestsRequestTest" assertions="3" time="0.000068"/>
      <testcase name="test_validate_returns_empty_array" file="D:\digistore24-api\tests\Unit\Request\ServiceProof\ListServiceProofRequestsRequestTest.php" line="37" class="GoSuccess\Digistore24\Api\Tests\Unit\Request\ServiceProof\ListServiceProofRequestsRequestTest" classname="GoSuccess.Digistore24.Api.Tests.Unit.Request.ServiceProof.ListServiceProofRequestsRequestTest" assertions="2" time="0.000069"/>
    </testsuite>
    <testsuite name="GoSuccess\Digistore24\Api\Tests\Unit\Request\ServiceProof\UpdateServiceProofRequestRequestTest" file="D:\digistore24-api\tests\Unit\Request\ServiceProof\UpdateServiceProofRequestRequestTest.php" tests="4" assertions="7" errors="0" failures="0" skipped="0" time="0.000521">
      <testcase name="test_can_create_instance" file="D:\digistore24-api\tests\Unit\Request\ServiceProof\UpdateServiceProofRequestRequestTest.php" line="12" class="GoSuccess\Digistore24\Api\Tests\Unit\Request\ServiceProof\UpdateServiceProofRequestRequestTest" classname="GoSuccess.Digistore24.Api.Tests.Unit.Request.ServiceProof.UpdateServiceProofRequestRequestTest" assertions="1" time="0.000302"/>
      <testcase name="test_endpoint_returns_correct_value" file="D:\digistore24-api\tests\Unit\Request\ServiceProof\UpdateServiceProofRequestRequestTest.php" line="22" class="GoSuccess\Digistore24\Api\Tests\Unit\Request\ServiceProof\UpdateServiceProofRequestRequestTest" classname="GoSuccess.Digistore24.Api.Tests.Unit.Request.ServiceProof.UpdateServiceProofRequestRequestTest" assertions="1" time="0.000068"/>
      <testcase name="test_to_array_includes_id_and_data" file="D:\digistore24-api\tests\Unit\Request\ServiceProof\UpdateServiceProofRequestRequestTest.php" line="32" class="GoSuccess\Digistore24\Api\Tests\Unit\Request\ServiceProof\UpdateServiceProofRequestRequestTest" classname="GoSuccess.Digistore24.Api.Tests.Unit.Request.ServiceProof.UpdateServiceProofRequestRequestTest" assertions="3" time="0.000081"/>
      <testcase name="test_validate_returns_empty_array" file="D:\digistore24-api\tests\Unit\Request\ServiceProof\UpdateServiceProofRequestRequestTest.php" line="46" class="GoSuccess\Digistore24\Api\Tests\Unit\Request\ServiceProof\UpdateServiceProofRequestRequestTest" classname="GoSuccess.Digistore24.Api.Tests.Unit.Request.ServiceProof.UpdateServiceProofRequestRequestTest" assertions="2" time="0.000069"/>
    </testsuite>
    <testsuite name="GoSuccess\Digistore24\Api\Tests\Unit\Request\Shipping\CreateShippingCostPolicyRequestTest" file="D:\digistore24-api\tests\Unit\Request\Shipping\CreateShippingCostPolicyRequestTest.php" tests="4" assertions="7" errors="0" failures="0" skipped="0" time="0.000765">
      <testcase name="test_can_create_instance" file="D:\digistore24-api\tests\Unit\Request\Shipping\CreateShippingCostPolicyRequestTest.php" line="12" class="GoSuccess\Digistore24\Api\Tests\Unit\Request\Shipping\CreateShippingCostPolicyRequestTest" classname="GoSuccess.Digistore24.Api.Tests.Unit.Request.Shipping.CreateShippingCostPolicyRequestTest" assertions="1" time="0.000563"/>
      <testcase name="test_endpoint_returns_correct_value" file="D:\digistore24-api\tests\Unit\Request\Shipping\CreateShippingCostPolicyRequestTest.php" line="19" class="GoSuccess\Digistore24\Api\Tests\Unit\Request\Shipping\CreateShippingCostPolicyRequestTest" classname="GoSuccess.Digistore24.Api.Tests.Unit.Request.Shipping.CreateShippingCostPolicyRequestTest" assertions="1" time="0.000068"/>
      <testcase name="test_to_array_includes_data" file="D:\digistore24-api\tests\Unit\Request\Shipping\CreateShippingCostPolicyRequestTest.php" line="26" class="GoSuccess\Digistore24\Api\Tests\Unit\Request\Shipping\CreateShippingCostPolicyRequestTest" classname="GoSuccess.Digistore24.Api.Tests.Unit.Request.Shipping.CreateShippingCostPolicyRequestTest" assertions="3" time="0.000067"/>
      <testcase name="test_validate_returns_empty_array" file="D:\digistore24-api\tests\Unit\Request\Shipping\CreateShippingCostPolicyRequestTest.php" line="37" class="GoSuccess\Digistore24\Api\Tests\Unit\Request\Shipping\CreateShippingCostPolicyRequestTest" classname="GoSuccess.Digistore24.Api.Tests.Unit.Request.Shipping.CreateShippingCostPolicyRequestTest" assertions="2" time="0.000067"/>
    </testsuite>
    <testsuite name="GoSuccess\Digistore24\Api\Tests\Unit\Request\Shipping\DeleteShippingCostPolicyRequestTest" file="D:\digistore24-api\tests\Unit\Request\Shipping\DeleteShippingCostPolicyRequestTest.php" tests="4" assertions="6" errors="0" failures="0" skipped="0" time="0.000514">
      <testcase name="test_can_create_instance" file="D:\digistore24-api\tests\Unit\Request\Shipping\DeleteShippingCostPolicyRequestTest.php" line="12" class="GoSuccess\Digistore24\Api\Tests\Unit\Request\Shipping\DeleteShippingCostPolicyRequestTest" classname="GoSuccess.Digistore24.Api.Tests.Unit.Request.Shipping.DeleteShippingCostPolicyRequestTest" assertions="1" time="0.000303"/>
      <testcase name="test_endpoint_returns_correct_value" file="D:\digistore24-api\tests\Unit\Request\Shipping\DeleteShippingCostPolicyRequestTest.php" line="19" class="GoSuccess\Digistore24\Api\Tests\Unit\Request\Shipping\DeleteShippingCostPolicyRequestTest" classname="GoSuccess.Digistore24.Api.Tests.Unit.Request.Shipping.DeleteShippingCostPolicyRequestTest" assertions="1" time="0.000069"/>
      <testcase name="test_to_array_includes_shipping_cost_policy_id" file="D:\digistore24-api\tests\Unit\Request\Shipping\DeleteShippingCostPolicyRequestTest.php" line="26" class="GoSuccess\Digistore24\Api\Tests\Unit\Request\Shipping\DeleteShippingCostPolicyRequestTest" classname="GoSuccess.Digistore24.Api.Tests.Unit.Request.Shipping.DeleteShippingCostPolicyRequestTest" assertions="2" time="0.000074"/>
      <testcase name="test_validate_returns_empty_array" file="D:\digistore24-api\tests\Unit\Request\Shipping\DeleteShippingCostPolicyRequestTest.php" line="36" class="GoSuccess\Digistore24\Api\Tests\Unit\Request\Shipping\DeleteShippingCostPolicyRequestTest" classname="GoSuccess.Digistore24.Api.Tests.Unit.Request.Shipping.DeleteShippingCostPolicyRequestTest" assertions="2" time="0.000068"/>
    </testsuite>
    <testsuite name="GoSuccess\Digistore24\Api\Tests\Unit\Request\Shipping\GetShippingCostPolicyRequestTest" file="D:\digistore24-api\tests\Unit\Request\Shipping\GetShippingCostPolicyRequestTest.php" tests="4" assertions="6" errors="0" failures="0" skipped="0" time="0.000624">
      <testcase name="test_can_create_instance" file="D:\digistore24-api\tests\Unit\Request\Shipping\GetShippingCostPolicyRequestTest.php" line="12" class="GoSuccess\Digistore24\Api\Tests\Unit\Request\Shipping\GetShippingCostPolicyRequestTest" classname="GoSuccess.Digistore24.Api.Tests.Unit.Request.Shipping.GetShippingCostPolicyRequestTest" assertions="1" time="0.000374"/>
      <testcase name="test_endpoint_returns_correct_value" file="D:\digistore24-api\tests\Unit\Request\Shipping\GetShippingCostPolicyRequestTest.php" line="19" class="GoSuccess\Digistore24\Api\Tests\Unit\Request\Shipping\GetShippingCostPolicyRequestTest" classname="GoSuccess.Digistore24.Api.Tests.Unit.Request.Shipping.GetShippingCostPolicyRequestTest" assertions="1" time="0.000113"/>
      <testcase name="test_to_array_includes_shipping_cost_policy_id" file="D:\digistore24-api\tests\Unit\Request\Shipping\GetShippingCostPolicyRequestTest.php" line="26" class="GoSuccess\Digistore24\Api\Tests\Unit\Request\Shipping\GetShippingCostPolicyRequestTest" classname="GoSuccess.Digistore24.Api.Tests.Unit.Request.Shipping.GetShippingCostPolicyRequestTest" assertions="2" time="0.000070"/>
      <testcase name="test_validate_returns_empty_array" file="D:\digistore24-api\tests\Unit\Request\Shipping\GetShippingCostPolicyRequestTest.php" line="36" class="GoSuccess\Digistore24\Api\Tests\Unit\Request\Shipping\GetShippingCostPolicyRequestTest" classname="GoSuccess.Digistore24.Api.Tests.Unit.Request.Shipping.GetShippingCostPolicyRequestTest" assertions="2" time="0.000067"/>
    </testsuite>
    <testsuite name="GoSuccess\Digistore24\Api\Tests\Unit\Request\Shipping\ListShippingCostPoliciesRequestTest" file="D:\digistore24-api\tests\Unit\Request\Shipping\ListShippingCostPoliciesRequestTest.php" tests="4" assertions="6" errors="0" failures="0" skipped="0" time="0.000484">
      <testcase name="test_can_create_instance" file="D:\digistore24-api\tests\Unit\Request\Shipping\ListShippingCostPoliciesRequestTest.php" line="12" class="GoSuccess\Digistore24\Api\Tests\Unit\Request\Shipping\ListShippingCostPoliciesRequestTest" classname="GoSuccess.Digistore24.Api.Tests.Unit.Request.Shipping.ListShippingCostPoliciesRequestTest" assertions="1" time="0.000280"/>
      <testcase name="test_endpoint_returns_correct_value" file="D:\digistore24-api\tests\Unit\Request\Shipping\ListShippingCostPoliciesRequestTest.php" line="19" class="GoSuccess\Digistore24\Api\Tests\Unit\Request\Shipping\ListShippingCostPoliciesRequestTest" classname="GoSuccess.Digistore24.Api.Tests.Unit.Request.Shipping.ListShippingCostPoliciesRequestTest" assertions="1" time="0.000069"/>
      <testcase name="test_to_array_returns_empty_array" file="D:\digistore24-api\tests\Unit\Request\Shipping\ListShippingCostPoliciesRequestTest.php" line="26" class="GoSuccess\Digistore24\Api\Tests\Unit\Request\Shipping\ListShippingCostPoliciesRequestTest" classname="GoSuccess.Digistore24.Api.Tests.Unit.Request.Shipping.ListShippingCostPoliciesRequestTest" assertions="2" time="0.000068"/>
      <testcase name="test_validate_returns_empty_array" file="D:\digistore24-api\tests\Unit\Request\Shipping\ListShippingCostPoliciesRequestTest.php" line="36" class="GoSuccess\Digistore24\Api\Tests\Unit\Request\Shipping\ListShippingCostPoliciesRequestTest" classname="GoSuccess.Digistore24.Api.Tests.Unit.Request.Shipping.ListShippingCostPoliciesRequestTest" assertions="2" time="0.000067"/>
    </testsuite>
    <testsuite name="GoSuccess\Digistore24\Api\Tests\Unit\Request\Shipping\UpdateShippingCostPolicyRequestTest" file="D:\digistore24-api\tests\Unit\Request\Shipping\UpdateShippingCostPolicyRequestTest.php" tests="4" assertions="7" errors="0" failures="0" skipped="0" time="0.000500">
      <testcase name="test_can_create_instance" file="D:\digistore24-api\tests\Unit\Request\Shipping\UpdateShippingCostPolicyRequestTest.php" line="12" class="GoSuccess\Digistore24\Api\Tests\Unit\Request\Shipping\UpdateShippingCostPolicyRequestTest" classname="GoSuccess.Digistore24.Api.Tests.Unit.Request.Shipping.UpdateShippingCostPolicyRequestTest" assertions="1" time="0.000293"/>
      <testcase name="test_endpoint_returns_correct_value" file="D:\digistore24-api\tests\Unit\Request\Shipping\UpdateShippingCostPolicyRequestTest.php" line="22" class="GoSuccess\Digistore24\Api\Tests\Unit\Request\Shipping\UpdateShippingCostPolicyRequestTest" classname="GoSuccess.Digistore24.Api.Tests.Unit.Request.Shipping.UpdateShippingCostPolicyRequestTest" assertions="1" time="0.000069"/>
      <testcase name="test_to_array_includes_id_and_data" file="D:\digistore24-api\tests\Unit\Request\Shipping\UpdateShippingCostPolicyRequestTest.php" line="32" class="GoSuccess\Digistore24\Api\Tests\Unit\Request\Shipping\UpdateShippingCostPolicyRequestTest" classname="GoSuccess.Digistore24.Api.Tests.Unit.Request.Shipping.UpdateShippingCostPolicyRequestTest" assertions="3" time="0.000072"/>
      <testcase name="test_validate_returns_empty_array" file="D:\digistore24-api\tests\Unit\Request\Shipping\UpdateShippingCostPolicyRequestTest.php" line="46" class="GoSuccess\Digistore24\Api\Tests\Unit\Request\Shipping\UpdateShippingCostPolicyRequestTest" classname="GoSuccess.Digistore24.Api.Tests.Unit.Request.Shipping.UpdateShippingCostPolicyRequestTest" assertions="2" time="0.000066"/>
    </testsuite>
    <testsuite name="GoSuccess\Digistore24\Api\Tests\Unit\Request\SmartUpgrade\GetSmartupgradeRequestTest" file="D:\digistore24-api\tests\Unit\Request\SmartUpgrade\GetSmartupgradeRequestTest.php" tests="4" assertions="7" errors="0" failures="0" skipped="0" time="0.000530">
      <testcase name="test_can_create_instance" file="D:\digistore24-api\tests\Unit\Request\SmartUpgrade\GetSmartupgradeRequestTest.php" line="12" class="GoSuccess\Digistore24\Api\Tests\Unit\Request\SmartUpgrade\GetSmartupgradeRequestTest" classname="GoSuccess.Digistore24.Api.Tests.Unit.Request.SmartUpgrade.GetSmartupgradeRequestTest" assertions="1" time="0.000331"/>
      <testcase name="test_endpoint_returns_correct_value" file="D:\digistore24-api\tests\Unit\Request\SmartUpgrade\GetSmartupgradeRequestTest.php" line="19" class="GoSuccess\Digistore24\Api\Tests\Unit\Request\SmartUpgrade\GetSmartupgradeRequestTest" classname="GoSuccess.Digistore24.Api.Tests.Unit.Request.SmartUpgrade.GetSmartupgradeRequestTest" assertions="1" time="0.000066"/>
      <testcase name="test_to_array_includes_smartupgrade_id" file="D:\digistore24-api\tests\Unit\Request\SmartUpgrade\GetSmartupgradeRequestTest.php" line="26" class="GoSuccess\Digistore24\Api\Tests\Unit\Request\SmartUpgrade\GetSmartupgradeRequestTest" classname="GoSuccess.Digistore24.Api.Tests.Unit.Request.SmartUpgrade.GetSmartupgradeRequestTest" assertions="3" time="0.000067"/>
      <testcase name="test_validate_returns_empty_array" file="D:\digistore24-api\tests\Unit\Request\SmartUpgrade\GetSmartupgradeRequestTest.php" line="37" class="GoSuccess\Digistore24\Api\Tests\Unit\Request\SmartUpgrade\GetSmartupgradeRequestTest" classname="GoSuccess.Digistore24.Api.Tests.Unit.Request.SmartUpgrade.GetSmartupgradeRequestTest" assertions="2" time="0.000066"/>
    </testsuite>
    <testsuite name="GoSuccess\Digistore24\Api\Tests\Unit\Request\SmartUpgrade\ListSmartUpgradesRequestTest" file="D:\digistore24-api\tests\Unit\Request\SmartUpgrade\ListSmartUpgradesRequestTest.php" tests="4" assertions="6" errors="0" failures="0" skipped="0" time="0.000481">
      <testcase name="test_can_create_instance" file="D:\digistore24-api\tests\Unit\Request\SmartUpgrade\ListSmartUpgradesRequestTest.php" line="12" class="GoSuccess\Digistore24\Api\Tests\Unit\Request\SmartUpgrade\ListSmartUpgradesRequestTest" classname="GoSuccess.Digistore24.Api.Tests.Unit.Request.SmartUpgrade.ListSmartUpgradesRequestTest" assertions="1" time="0.000279"/>
      <testcase name="test_endpoint_returns_correct_value" file="D:\digistore24-api\tests\Unit\Request\SmartUpgrade\ListSmartUpgradesRequestTest.php" line="19" class="GoSuccess\Digistore24\Api\Tests\Unit\Request\SmartUpgrade\ListSmartUpgradesRequestTest" classname="GoSuccess.Digistore24.Api.Tests.Unit.Request.SmartUpgrade.ListSmartUpgradesRequestTest" assertions="1" time="0.000068"/>
      <testcase name="test_to_array_returns_empty_array" file="D:\digistore24-api\tests\Unit\Request\SmartUpgrade\ListSmartUpgradesRequestTest.php" line="26" class="GoSuccess\Digistore24\Api\Tests\Unit\Request\SmartUpgrade\ListSmartUpgradesRequestTest" classname="GoSuccess.Digistore24.Api.Tests.Unit.Request.SmartUpgrade.ListSmartUpgradesRequestTest" assertions="2" time="0.000067"/>
      <testcase name="test_validate_returns_empty_array" file="D:\digistore24-api\tests\Unit\Request\SmartUpgrade\ListSmartUpgradesRequestTest.php" line="36" class="GoSuccess\Digistore24\Api\Tests\Unit\Request\SmartUpgrade\ListSmartUpgradesRequestTest" classname="GoSuccess.Digistore24.Api.Tests.Unit.Request.SmartUpgrade.ListSmartUpgradesRequestTest" assertions="2" time="0.000067"/>
    </testsuite>
    <testsuite name="GoSuccess\Digistore24\Api\Tests\Unit\Request\Statistics\StatsAffiliateToplistRequestTest" file="D:\digistore24-api\tests\Unit\Request\Statistics\StatsAffiliateToplistRequestTest.php" tests="4" assertions="8" errors="0" failures="0" skipped="0" time="0.000562">
      <testcase name="test_can_create_instance" file="D:\digistore24-api\tests\Unit\Request\Statistics\StatsAffiliateToplistRequestTest.php" line="12" class="GoSuccess\Digistore24\Api\Tests\Unit\Request\Statistics\StatsAffiliateToplistRequestTest" classname="GoSuccess.Digistore24.Api.Tests.Unit.Request.Statistics.StatsAffiliateToplistRequestTest" assertions="1" time="0.000355"/>
      <testcase name="test_endpoint_returns_correct_value" file="D:\digistore24-api\tests\Unit\Request\Statistics\StatsAffiliateToplistRequestTest.php" line="19" class="GoSuccess\Digistore24\Api\Tests\Unit\Request\Statistics\StatsAffiliateToplistRequestTest" classname="GoSuccess.Digistore24.Api.Tests.Unit.Request.Statistics.StatsAffiliateToplistRequestTest" assertions="1" time="0.000068"/>
      <testcase name="test_to_array_with_parameters" file="D:\digistore24-api\tests\Unit\Request\Statistics\StatsAffiliateToplistRequestTest.php" line="26" class="GoSuccess\Digistore24\Api\Tests\Unit\Request\Statistics\StatsAffiliateToplistRequestTest" classname="GoSuccess.Digistore24.Api.Tests.Unit.Request.Statistics.StatsAffiliateToplistRequestTest" assertions="4" time="0.000070"/>
      <testcase name="test_validate_returns_empty_array" file="D:\digistore24-api\tests\Unit\Request\Statistics\StatsAffiliateToplistRequestTest.php" line="38" class="GoSuccess\Digistore24\Api\Tests\Unit\Request\Statistics\StatsAffiliateToplistRequestTest" classname="GoSuccess.Digistore24.Api.Tests.Unit.Request.Statistics.StatsAffiliateToplistRequestTest" assertions="2" time="0.000068"/>
    </testsuite>
    <testsuite name="GoSuccess\Digistore24\Api\Tests\Unit\Request\Statistics\StatsDailyAmountsRequestTest" file="D:\digistore24-api\tests\Unit\Request\Statistics\StatsDailyAmountsRequestTest.php" tests="4" assertions="7" errors="0" failures="0" skipped="0" time="0.000602">
      <testcase name="test_can_create_instance" file="D:\digistore24-api\tests\Unit\Request\Statistics\StatsDailyAmountsRequestTest.php" line="12" class="GoSuccess\Digistore24\Api\Tests\Unit\Request\Statistics\StatsDailyAmountsRequestTest" classname="GoSuccess.Digistore24.Api.Tests.Unit.Request.Statistics.StatsDailyAmountsRequestTest" assertions="1" time="0.000297"/>
      <testcase name="test_endpoint_returns_correct_value" file="D:\digistore24-api\tests\Unit\Request\Statistics\StatsDailyAmountsRequestTest.php" line="19" class="GoSuccess\Digistore24\Api\Tests\Unit\Request\Statistics\StatsDailyAmountsRequestTest" classname="GoSuccess.Digistore24.Api.Tests.Unit.Request.Statistics.StatsDailyAmountsRequestTest" assertions="1" time="0.000099"/>
      <testcase name="test_to_array_with_date_range" file="D:\digistore24-api\tests\Unit\Request\Statistics\StatsDailyAmountsRequestTest.php" line="26" class="GoSuccess\Digistore24\Api\Tests\Unit\Request\Statistics\StatsDailyAmountsRequestTest" classname="GoSuccess.Digistore24.Api.Tests.Unit.Request.Statistics.StatsDailyAmountsRequestTest" assertions="3" time="0.000069"/>
      <testcase name="test_validate_returns_empty_array" file="D:\digistore24-api\tests\Unit\Request\Statistics\StatsDailyAmountsRequestTest.php" line="37" class="GoSuccess\Digistore24\Api\Tests\Unit\Request\Statistics\StatsDailyAmountsRequestTest" classname="GoSuccess.Digistore24.Api.Tests.Unit.Request.Statistics.StatsDailyAmountsRequestTest" assertions="2" time="0.000136"/>
    </testsuite>
    <testsuite name="GoSuccess\Digistore24\Api\Tests\Unit\Request\Statistics\StatsSalesRequestTest" file="D:\digistore24-api\tests\Unit\Request\Statistics\StatsSalesRequestTest.php" tests="4" assertions="7" errors="0" failures="0" skipped="0" time="0.000492">
      <testcase name="test_can_create_instance" file="D:\digistore24-api\tests\Unit\Request\Statistics\StatsSalesRequestTest.php" line="12" class="GoSuccess\Digistore24\Api\Tests\Unit\Request\Statistics\StatsSalesRequestTest" classname="GoSuccess.Digistore24.Api.Tests.Unit.Request.Statistics.StatsSalesRequestTest" assertions="1" time="0.000286"/>
      <testcase name="test_endpoint_returns_correct_value" file="D:\digistore24-api\tests\Unit\Request\Statistics\StatsSalesRequestTest.php" line="19" class="GoSuccess\Digistore24\Api\Tests\Unit\Request\Statistics\StatsSalesRequestTest" classname="GoSuccess.Digistore24.Api.Tests.Unit.Request.Statistics.StatsSalesRequestTest" assertions="1" time="0.000070"/>
      <testcase name="test_to_array_with_date_range" file="D:\digistore24-api\tests\Unit\Request\Statistics\StatsSalesRequestTest.php" line="26" class="GoSuccess\Digistore24\Api\Tests\Unit\Request\Statistics\StatsSalesRequestTest" classname="GoSuccess.Digistore24.Api.Tests.Unit.Request.Statistics.StatsSalesRequestTest" assertions="3" time="0.000069"/>
      <testcase name="test_validate_returns_empty_array" file="D:\digistore24-api\tests\Unit\Request\Statistics\StatsSalesRequestTest.php" line="37" class="GoSuccess\Digistore24\Api\Tests\Unit\Request\Statistics\StatsSalesRequestTest" classname="GoSuccess.Digistore24.Api.Tests.Unit.Request.Statistics.StatsSalesRequestTest" assertions="2" time="0.000067"/>
    </testsuite>
    <testsuite name="GoSuccess\Digistore24\Api\Tests\Unit\Request\Statistics\StatsSalesSummaryRequestTest" file="D:\digistore24-api\tests\Unit\Request\Statistics\StatsSalesSummaryRequestTest.php" tests="4" assertions="7" errors="0" failures="0" skipped="0" time="0.000515">
      <testcase name="test_can_create_instance" file="D:\digistore24-api\tests\Unit\Request\Statistics\StatsSalesSummaryRequestTest.php" line="12" class="GoSuccess\Digistore24\Api\Tests\Unit\Request\Statistics\StatsSalesSummaryRequestTest" classname="GoSuccess.Digistore24.Api.Tests.Unit.Request.Statistics.StatsSalesSummaryRequestTest" assertions="1" time="0.000284"/>
      <testcase name="test_endpoint_returns_correct_value" file="D:\digistore24-api\tests\Unit\Request\Statistics\StatsSalesSummaryRequestTest.php" line="19" class="GoSuccess\Digistore24\Api\Tests\Unit\Request\Statistics\StatsSalesSummaryRequestTest" classname="GoSuccess.Digistore24.Api.Tests.Unit.Request.Statistics.StatsSalesSummaryRequestTest" assertions="1" time="0.000070"/>
      <testcase name="test_to_array_with_date_range" file="D:\digistore24-api\tests\Unit\Request\Statistics\StatsSalesSummaryRequestTest.php" line="26" class="GoSuccess\Digistore24\Api\Tests\Unit\Request\Statistics\StatsSalesSummaryRequestTest" classname="GoSuccess.Digistore24.Api.Tests.Unit.Request.Statistics.StatsSalesSummaryRequestTest" assertions="3" time="0.000095"/>
      <testcase name="test_validate_returns_empty_array" file="D:\digistore24-api\tests\Unit\Request\Statistics\StatsSalesSummaryRequestTest.php" line="37" class="GoSuccess\Digistore24\Api\Tests\Unit\Request\Statistics\StatsSalesSummaryRequestTest" classname="GoSuccess.Digistore24.Api.Tests.Unit.Request.Statistics.StatsSalesSummaryRequestTest" assertions="2" time="0.000066"/>
    </testsuite>
    <testsuite name="GoSuccess\Digistore24\Api\Tests\Unit\Request\System\GetGlobalSettingsRequestTest" file="D:\digistore24-api\tests\Unit\Request\System\GetGlobalSettingsRequestTest.php" tests="4" assertions="6" errors="0" failures="0" skipped="0" time="0.000528">
      <testcase name="test_can_create_instance" file="D:\digistore24-api\tests\Unit\Request\System\GetGlobalSettingsRequestTest.php" line="12" class="GoSuccess\Digistore24\Api\Tests\Unit\Request\System\GetGlobalSettingsRequestTest" classname="GoSuccess.Digistore24.Api.Tests.Unit.Request.System.GetGlobalSettingsRequestTest" assertions="1" time="0.000327"/>
      <testcase name="test_endpoint_returns_correct_value" file="D:\digistore24-api\tests\Unit\Request\System\GetGlobalSettingsRequestTest.php" line="19" class="GoSuccess\Digistore24\Api\Tests\Unit\Request\System\GetGlobalSettingsRequestTest" classname="GoSuccess.Digistore24.Api.Tests.Unit.Request.System.GetGlobalSettingsRequestTest" assertions="1" time="0.000067"/>
      <testcase name="test_to_array_returns_empty_array" file="D:\digistore24-api\tests\Unit\Request\System\GetGlobalSettingsRequestTest.php" line="26" class="GoSuccess\Digistore24\Api\Tests\Unit\Request\System\GetGlobalSettingsRequestTest" classname="GoSuccess.Digistore24.Api.Tests.Unit.Request.System.GetGlobalSettingsRequestTest" assertions="2" time="0.000067"/>
      <testcase name="test_validate_returns_empty_array" file="D:\digistore24-api\tests\Unit\Request\System\GetGlobalSettingsRequestTest.php" line="36" class="GoSuccess\Digistore24\Api\Tests\Unit\Request\System\GetGlobalSettingsRequestTest" classname="GoSuccess.Digistore24.Api.Tests.Unit.Request.System.GetGlobalSettingsRequestTest" assertions="2" time="0.000068"/>
    </testsuite>
    <testsuite name="GoSuccess\Digistore24\Api\Tests\Unit\Request\System\PingRequestTest" file="D:\digistore24-api\tests\Unit\Request\System\PingRequestTest.php" tests="4" assertions="6" errors="0" failures="0" skipped="0" time="0.000514">
      <testcase name="test_can_create_instance" file="D:\digistore24-api\tests\Unit\Request\System\PingRequestTest.php" line="12" class="GoSuccess\Digistore24\Api\Tests\Unit\Request\System\PingRequestTest" classname="GoSuccess.Digistore24.Api.Tests.Unit.Request.System.PingRequestTest" assertions="1" time="0.000320"/>
      <testcase name="test_endpoint_returns_correct_value" file="D:\digistore24-api\tests\Unit\Request\System\PingRequestTest.php" line="19" class="GoSuccess\Digistore24\Api\Tests\Unit\Request\System\PingRequestTest" classname="GoSuccess.Digistore24.Api.Tests.Unit.Request.System.PingRequestTest" assertions="1" time="0.000065"/>
      <testcase name="test_to_array_returns_empty_array" file="D:\digistore24-api\tests\Unit\Request\System\PingRequestTest.php" line="26" class="GoSuccess\Digistore24\Api\Tests\Unit\Request\System\PingRequestTest" classname="GoSuccess.Digistore24.Api.Tests.Unit.Request.System.PingRequestTest" assertions="2" time="0.000064"/>
      <testcase name="test_validate_returns_empty_array" file="D:\digistore24-api\tests\Unit\Request\System\PingRequestTest.php" line="36" class="GoSuccess\Digistore24\Api\Tests\Unit\Request\System\PingRequestTest" classname="GoSuccess.Digistore24.Api.Tests.Unit.Request.System.PingRequestTest" assertions="2" time="0.000064"/>
    </testsuite>
    <testsuite name="GoSuccess\Digistore24\Api\Tests\Unit\Request\Tracking\RenderJsTrackingCodeRequestTest" file="D:\digistore24-api\tests\Unit\Request\Tracking\RenderJsTrackingCodeRequestTest.php" tests="4" assertions="8" errors="0" failures="0" skipped="0" time="0.000571">
      <testcase name="test_can_create_instance" file="D:\digistore24-api\tests\Unit\Request\Tracking\RenderJsTrackingCodeRequestTest.php" line="12" class="GoSuccess\Digistore24\Api\Tests\Unit\Request\Tracking\RenderJsTrackingCodeRequestTest" classname="GoSuccess.Digistore24.Api.Tests.Unit.Request.Tracking.RenderJsTrackingCodeRequestTest" assertions="1" time="0.000344"/>
      <testcase name="test_endpoint_returns_correct_value" file="D:\digistore24-api\tests\Unit\Request\Tracking\RenderJsTrackingCodeRequestTest.php" line="19" class="GoSuccess\Digistore24\Api\Tests\Unit\Request\Tracking\RenderJsTrackingCodeRequestTest" classname="GoSuccess.Digistore24.Api.Tests.Unit.Request.Tracking.RenderJsTrackingCodeRequestTest" assertions="1" time="0.000069"/>
      <testcase name="test_to_array_with_parameters" file="D:\digistore24-api\tests\Unit\Request\Tracking\RenderJsTrackingCodeRequestTest.php" line="26" class="GoSuccess\Digistore24\Api\Tests\Unit\Request\Tracking\RenderJsTrackingCodeRequestTest" classname="GoSuccess.Digistore24.Api.Tests.Unit.Request.Tracking.RenderJsTrackingCodeRequestTest" assertions="4" time="0.000079"/>
      <testcase name="test_validate_returns_empty_array" file="D:\digistore24-api\tests\Unit\Request\Tracking\RenderJsTrackingCodeRequestTest.php" line="42" class="GoSuccess\Digistore24\Api\Tests\Unit\Request\Tracking\RenderJsTrackingCodeRequestTest" classname="GoSuccess.Digistore24.Api.Tests.Unit.Request.Tracking.RenderJsTrackingCodeRequestTest" assertions="2" time="0.000079"/>
    </testsuite>
    <testsuite name="GoSuccess\Digistore24\Api\Tests\Unit\Request\Transaction\ListTransactionsRequestTest" file="D:\digistore24-api\tests\Unit\Request\Transaction\ListTransactionsRequestTest.php" tests="4" assertions="9" errors="0" failures="0" skipped="0" time="0.000573">
      <testcase name="test_can_create_instance" file="D:\digistore24-api\tests\Unit\Request\Transaction\ListTransactionsRequestTest.php" line="12" class="GoSuccess\Digistore24\Api\Tests\Unit\Request\Transaction\ListTransactionsRequestTest" classname="GoSuccess.Digistore24.Api.Tests.Unit.Request.Transaction.ListTransactionsRequestTest" assertions="1" time="0.000368"/>
      <testcase name="test_endpoint_returns_correct_value" file="D:\digistore24-api\tests\Unit\Request\Transaction\ListTransactionsRequestTest.php" line="19" class="GoSuccess\Digistore24\Api\Tests\Unit\Request\Transaction\ListTransactionsRequestTest" classname="GoSuccess.Digistore24.Api.Tests.Unit.Request.Transaction.ListTransactionsRequestTest" assertions="1" time="0.000067"/>
      <testcase name="test_to_array_with_parameters" file="D:\digistore24-api\tests\Unit\Request\Transaction\ListTransactionsRequestTest.php" line="26" class="GoSuccess\Digistore24\Api\Tests\Unit\Request\Transaction\ListTransactionsRequestTest" classname="GoSuccess.Digistore24.Api.Tests.Unit.Request.Transaction.ListTransactionsRequestTest" assertions="5" time="0.000068"/>
      <testcase name="test_validate_returns_empty_array" file="D:\digistore24-api\tests\Unit\Request\Transaction\ListTransactionsRequestTest.php" line="44" class="GoSuccess\Digistore24\Api\Tests\Unit\Request\Transaction\ListTransactionsRequestTest" classname="GoSuccess.Digistore24.Api.Tests.Unit.Request.Transaction.ListTransactionsRequestTest" assertions="2" time="0.000068"/>
    </testsuite>
    <testsuite name="GoSuccess\Digistore24\Api\Tests\Unit\Request\Transaction\RefundTransactionRequestTest" file="D:\digistore24-api\tests\Unit\Request\Transaction\RefundTransactionRequestTest.php" tests="4" assertions="7" errors="0" failures="0" skipped="0" time="0.000520">
      <testcase name="test_can_create_instance" file="D:\digistore24-api\tests\Unit\Request\Transaction\RefundTransactionRequestTest.php" line="12" class="GoSuccess\Digistore24\Api\Tests\Unit\Request\Transaction\RefundTransactionRequestTest" classname="GoSuccess.Digistore24.Api.Tests.Unit.Request.Transaction.RefundTransactionRequestTest" assertions="1" time="0.000294"/>
      <testcase name="test_endpoint_returns_correct_value" file="D:\digistore24-api\tests\Unit\Request\Transaction\RefundTransactionRequestTest.php" line="19" class="GoSuccess\Digistore24\Api\Tests\Unit\Request\Transaction\RefundTransactionRequestTest" classname="GoSuccess.Digistore24.Api.Tests.Unit.Request.Transaction.RefundTransactionRequestTest" assertions="1" time="0.000066"/>
      <testcase name="test_to_array_includes_transaction_id" file="D:\digistore24-api\tests\Unit\Request\Transaction\RefundTransactionRequestTest.php" line="26" class="GoSuccess\Digistore24\Api\Tests\Unit\Request\Transaction\RefundTransactionRequestTest" classname="GoSuccess.Digistore24.Api.Tests.Unit.Request.Transaction.RefundTransactionRequestTest" assertions="3" time="0.000068"/>
      <testcase name="test_validate_returns_empty_array" file="D:\digistore24-api\tests\Unit\Request\Transaction\RefundTransactionRequestTest.php" line="37" class="GoSuccess\Digistore24\Api\Tests\Unit\Request\Transaction\RefundTransactionRequestTest" classname="GoSuccess.Digistore24.Api.Tests.Unit.Request.Transaction.RefundTransactionRequestTest" assertions="2" time="0.000091"/>
    </testsuite>
    <testsuite name="GoSuccess\Digistore24\Api\Tests\Unit\Request\Upgrade\CreateUpgradeRequestTest" file="D:\digistore24-api\tests\Unit\Request\Upgrade\CreateUpgradeRequestTest.php" tests="4" assertions="7" errors="0" failures="0" skipped="0" time="0.001012">
      <testcase name="test_can_create_instance" file="D:\digistore24-api\tests\Unit\Request\Upgrade\CreateUpgradeRequestTest.php" line="12" class="GoSuccess\Digistore24\Api\Tests\Unit\Request\Upgrade\CreateUpgradeRequestTest" classname="GoSuccess.Digistore24.Api.Tests.Unit.Request.Upgrade.CreateUpgradeRequestTest" assertions="1" time="0.000736"/>
      <testcase name="test_endpoint_returns_correct_value" file="D:\digistore24-api\tests\Unit\Request\Upgrade\CreateUpgradeRequestTest.php" line="19" class="GoSuccess\Digistore24\Api\Tests\Unit\Request\Upgrade\CreateUpgradeRequestTest" classname="GoSuccess.Digistore24.Api.Tests.Unit.Request.Upgrade.CreateUpgradeRequestTest" assertions="1" time="0.000139"/>
      <testcase name="test_to_array_includes_data" file="D:\digistore24-api\tests\Unit\Request\Upgrade\CreateUpgradeRequestTest.php" line="26" class="GoSuccess\Digistore24\Api\Tests\Unit\Request\Upgrade\CreateUpgradeRequestTest" classname="GoSuccess.Digistore24.Api.Tests.Unit.Request.Upgrade.CreateUpgradeRequestTest" assertions="3" time="0.000071"/>
      <testcase name="test_validate_returns_empty_array" file="D:\digistore24-api\tests\Unit\Request\Upgrade\CreateUpgradeRequestTest.php" line="37" class="GoSuccess\Digistore24\Api\Tests\Unit\Request\Upgrade\CreateUpgradeRequestTest" classname="GoSuccess.Digistore24.Api.Tests.Unit.Request.Upgrade.CreateUpgradeRequestTest" assertions="2" time="0.000066"/>
    </testsuite>
    <testsuite name="GoSuccess\Digistore24\Api\Tests\Unit\Request\Upgrade\DeleteUpgradeRequestTest" file="D:\digistore24-api\tests\Unit\Request\Upgrade\DeleteUpgradeRequestTest.php" tests="4" assertions="6" errors="0" failures="0" skipped="0" time="0.000483">
      <testcase name="test_can_create_instance" file="D:\digistore24-api\tests\Unit\Request\Upgrade\DeleteUpgradeRequestTest.php" line="12" class="GoSuccess\Digistore24\Api\Tests\Unit\Request\Upgrade\DeleteUpgradeRequestTest" classname="GoSuccess.Digistore24.Api.Tests.Unit.Request.Upgrade.DeleteUpgradeRequestTest" assertions="1" time="0.000282"/>
      <testcase name="test_endpoint_returns_correct_value" file="D:\digistore24-api\tests\Unit\Request\Upgrade\DeleteUpgradeRequestTest.php" line="19" class="GoSuccess\Digistore24\Api\Tests\Unit\Request\Upgrade\DeleteUpgradeRequestTest" classname="GoSuccess.Digistore24.Api.Tests.Unit.Request.Upgrade.DeleteUpgradeRequestTest" assertions="1" time="0.000067"/>
      <testcase name="test_to_array_includes_upgrade_id" file="D:\digistore24-api\tests\Unit\Request\Upgrade\DeleteUpgradeRequestTest.php" line="26" class="GoSuccess\Digistore24\Api\Tests\Unit\Request\Upgrade\DeleteUpgradeRequestTest" classname="GoSuccess.Digistore24.Api.Tests.Unit.Request.Upgrade.DeleteUpgradeRequestTest" assertions="2" time="0.000068"/>
      <testcase name="test_validate_returns_empty_array" file="D:\digistore24-api\tests\Unit\Request\Upgrade\DeleteUpgradeRequestTest.php" line="36" class="GoSuccess\Digistore24\Api\Tests\Unit\Request\Upgrade\DeleteUpgradeRequestTest" classname="GoSuccess.Digistore24.Api.Tests.Unit.Request.Upgrade.DeleteUpgradeRequestTest" assertions="2" time="0.000066"/>
    </testsuite>
    <testsuite name="GoSuccess\Digistore24\Api\Tests\Unit\Request\Upgrade\GetUpgradeRequestTest" file="D:\digistore24-api\tests\Unit\Request\Upgrade\GetUpgradeRequestTest.php" tests="4" assertions="6" errors="0" failures="0" skipped="0" time="0.000647">
      <testcase name="test_can_create_instance" file="D:\digistore24-api\tests\Unit\Request\Upgrade\GetUpgradeRequestTest.php" line="12" class="GoSuccess\Digistore24\Api\Tests\Unit\Request\Upgrade\GetUpgradeRequestTest" classname="GoSuccess.Digistore24.Api.Tests.Unit.Request.Upgrade.GetUpgradeRequestTest" assertions="1" time="0.000279"/>
      <testcase name="test_endpoint_returns_correct_value" file="D:\digistore24-api\tests\Unit\Request\Upgrade\GetUpgradeRequestTest.php" line="19" class="GoSuccess\Digistore24\Api\Tests\Unit\Request\Upgrade\GetUpgradeRequestTest" classname="GoSuccess.Digistore24.Api.Tests.Unit.Request.Upgrade.GetUpgradeRequestTest" assertions="1" time="0.000067"/>
      <testcase name="test_to_array_includes_upgrade_id" file="D:\digistore24-api\tests\Unit\Request\Upgrade\GetUpgradeRequestTest.php" line="26" class="GoSuccess\Digistore24\Api\Tests\Unit\Request\Upgrade\GetUpgradeRequestTest" classname="GoSuccess.Digistore24.Api.Tests.Unit.Request.Upgrade.GetUpgradeRequestTest" assertions="2" time="0.000067"/>
      <testcase name="test_validate_returns_empty_array" file="D:\digistore24-api\tests\Unit\Request\Upgrade\GetUpgradeRequestTest.php" line="36" class="GoSuccess\Digistore24\Api\Tests\Unit\Request\Upgrade\GetUpgradeRequestTest" classname="GoSuccess.Digistore24.Api.Tests.Unit.Request.Upgrade.GetUpgradeRequestTest" assertions="2" time="0.000233"/>
    </testsuite>
    <testsuite name="GoSuccess\Digistore24\Api\Tests\Unit\Request\Upgrade\ListUpgradesRequestTest" file="D:\digistore24-api\tests\Unit\Request\Upgrade\ListUpgradesRequestTest.php" tests="4" assertions="6" errors="0" failures="0" skipped="0" time="0.000547">
      <testcase name="test_can_create_instance" file="D:\digistore24-api\tests\Unit\Request\Upgrade\ListUpgradesRequestTest.php" line="12" class="GoSuccess\Digistore24\Api\Tests\Unit\Request\Upgrade\ListUpgradesRequestTest" classname="GoSuccess.Digistore24.Api.Tests.Unit.Request.Upgrade.ListUpgradesRequestTest" assertions="1" time="0.000302"/>
      <testcase name="test_endpoint_returns_correct_value" file="D:\digistore24-api\tests\Unit\Request\Upgrade\ListUpgradesRequestTest.php" line="19" class="GoSuccess\Digistore24\Api\Tests\Unit\Request\Upgrade\ListUpgradesRequestTest" classname="GoSuccess.Digistore24.Api.Tests.Unit.Request.Upgrade.ListUpgradesRequestTest" assertions="1" time="0.000093"/>
      <testcase name="test_to_array_returns_empty_array" file="D:\digistore24-api\tests\Unit\Request\Upgrade\ListUpgradesRequestTest.php" line="26" class="GoSuccess\Digistore24\Api\Tests\Unit\Request\Upgrade\ListUpgradesRequestTest" classname="GoSuccess.Digistore24.Api.Tests.Unit.Request.Upgrade.ListUpgradesRequestTest" assertions="2" time="0.000086"/>
      <testcase name="test_validate_returns_empty_array" file="D:\digistore24-api\tests\Unit\Request\Upgrade\ListUpgradesRequestTest.php" line="36" class="GoSuccess\Digistore24\Api\Tests\Unit\Request\Upgrade\ListUpgradesRequestTest" classname="GoSuccess.Digistore24.Api.Tests.Unit.Request.Upgrade.ListUpgradesRequestTest" assertions="2" time="0.000066"/>
    </testsuite>
    <testsuite name="GoSuccess\Digistore24\Api\Tests\Unit\Request\Upsell\DeleteUpsellsRequestTest" file="D:\digistore24-api\tests\Unit\Request\Upsell\DeleteUpsellsRequestTest.php" tests="4" assertions="6" errors="0" failures="0" skipped="0" time="0.000550">
      <testcase name="test_can_create_instance" file="D:\digistore24-api\tests\Unit\Request\Upsell\DeleteUpsellsRequestTest.php" line="12" class="GoSuccess\Digistore24\Api\Tests\Unit\Request\Upsell\DeleteUpsellsRequestTest" classname="GoSuccess.Digistore24.Api.Tests.Unit.Request.Upsell.DeleteUpsellsRequestTest" assertions="1" time="0.000345"/>
      <testcase name="test_endpoint_returns_correct_value" file="D:\digistore24-api\tests\Unit\Request\Upsell\DeleteUpsellsRequestTest.php" line="19" class="GoSuccess\Digistore24\Api\Tests\Unit\Request\Upsell\DeleteUpsellsRequestTest" classname="GoSuccess.Digistore24.Api.Tests.Unit.Request.Upsell.DeleteUpsellsRequestTest" assertions="1" time="0.000068"/>
      <testcase name="test_to_array_includes_product_id" file="D:\digistore24-api\tests\Unit\Request\Upsell\DeleteUpsellsRequestTest.php" line="26" class="GoSuccess\Digistore24\Api\Tests\Unit\Request\Upsell\DeleteUpsellsRequestTest" classname="GoSuccess.Digistore24.Api.Tests.Unit.Request.Upsell.DeleteUpsellsRequestTest" assertions="2" time="0.000069"/>
      <testcase name="test_validate_returns_empty_array" file="D:\digistore24-api\tests\Unit\Request\Upsell\DeleteUpsellsRequestTest.php" line="36" class="GoSuccess\Digistore24\Api\Tests\Unit\Request\Upsell\DeleteUpsellsRequestTest" classname="GoSuccess.Digistore24.Api.Tests.Unit.Request.Upsell.DeleteUpsellsRequestTest" assertions="2" time="0.000067"/>
    </testsuite>
    <testsuite name="GoSuccess\Digistore24\Api\Tests\Unit\Request\Upsell\GetUpsellsRequestTest" file="D:\digistore24-api\tests\Unit\Request\Upsell\GetUpsellsRequestTest.php" tests="4" assertions="6" errors="0" failures="0" skipped="0" time="0.000489">
      <testcase name="test_can_create_instance" file="D:\digistore24-api\tests\Unit\Request\Upsell\GetUpsellsRequestTest.php" line="12" class="GoSuccess\Digistore24\Api\Tests\Unit\Request\Upsell\GetUpsellsRequestTest" classname="GoSuccess.Digistore24.Api.Tests.Unit.Request.Upsell.GetUpsellsRequestTest" assertions="1" time="0.000287"/>
      <testcase name="test_endpoint_returns_correct_value" file="D:\digistore24-api\tests\Unit\Request\Upsell\GetUpsellsRequestTest.php" line="19" class="GoSuccess\Digistore24\Api\Tests\Unit\Request\Upsell\GetUpsellsRequestTest" classname="GoSuccess.Digistore24.Api.Tests.Unit.Request.Upsell.GetUpsellsRequestTest" assertions="1" time="0.000067"/>
      <testcase name="test_to_array_includes_product_id" file="D:\digistore24-api\tests\Unit\Request\Upsell\GetUpsellsRequestTest.php" line="26" class="GoSuccess\Digistore24\Api\Tests\Unit\Request\Upsell\GetUpsellsRequestTest" classname="GoSuccess.Digistore24.Api.Tests.Unit.Request.Upsell.GetUpsellsRequestTest" assertions="2" time="0.000068"/>
      <testcase name="test_validate_returns_empty_array" file="D:\digistore24-api\tests\Unit\Request\Upsell\GetUpsellsRequestTest.php" line="36" class="GoSuccess\Digistore24\Api\Tests\Unit\Request\Upsell\GetUpsellsRequestTest" classname="GoSuccess.Digistore24.Api.Tests.Unit.Request.Upsell.GetUpsellsRequestTest" assertions="2" time="0.000068"/>
    </testsuite>
    <testsuite name="GoSuccess\Digistore24\Api\Tests\Unit\Request\Upsell\UpdateUpsellsRequestTest" file="D:\digistore24-api\tests\Unit\Request\Upsell\UpdateUpsellsRequestTest.php" tests="4" assertions="7" errors="0" failures="0" skipped="0" time="0.000499">
      <testcase name="test_can_create_instance" file="D:\digistore24-api\tests\Unit\Request\Upsell\UpdateUpsellsRequestTest.php" line="12" class="GoSuccess\Digistore24\Api\Tests\Unit\Request\Upsell\UpdateUpsellsRequestTest" classname="GoSuccess.Digistore24.Api.Tests.Unit.Request.Upsell.UpdateUpsellsRequestTest" assertions="1" time="0.000292"/>
      <testcase name="test_endpoint_returns_correct_value" file="D:\digistore24-api\tests\Unit\Request\Upsell\UpdateUpsellsRequestTest.php" line="19" class="GoSuccess\Digistore24\Api\Tests\Unit\Request\Upsell\UpdateUpsellsRequestTest" classname="GoSuccess.Digistore24.Api.Tests.Unit.Request.Upsell.UpdateUpsellsRequestTest" assertions="1" time="0.000069"/>
      <testcase name="test_to_array_includes_product_id_and_data" file="D:\digistore24-api\tests\Unit\Request\Upsell\UpdateUpsellsRequestTest.php" line="26" class="GoSuccess\Digistore24\Api\Tests\Unit\Request\Upsell\UpdateUpsellsRequestTest" classname="GoSuccess.Digistore24.Api.Tests.Unit.Request.Upsell.UpdateUpsellsRequestTest" assertions="3" time="0.000071"/>
      <testcase name="test_validate_returns_empty_array" file="D:\digistore24-api\tests\Unit\Request\Upsell\UpdateUpsellsRequestTest.php" line="37" class="GoSuccess\Digistore24\Api\Tests\Unit\Request\Upsell\UpdateUpsellsRequestTest" classname="GoSuccess.Digistore24.Api.Tests.Unit.Request.Upsell.UpdateUpsellsRequestTest" assertions="2" time="0.000067"/>
    </testsuite>
    <testsuite name="GoSuccess\Digistore24\Api\Tests\Unit\Request\User\GetUserInfoRequestTest" file="D:\digistore24-api\tests\Unit\Request\User\GetUserInfoRequestTest.php" tests="4" assertions="6" errors="0" failures="0" skipped="0" time="0.000536">
      <testcase name="test_can_create_instance" file="D:\digistore24-api\tests\Unit\Request\User\GetUserInfoRequestTest.php" line="12" class="GoSuccess\Digistore24\Api\Tests\Unit\Request\User\GetUserInfoRequestTest" classname="GoSuccess.Digistore24.Api.Tests.Unit.Request.User.GetUserInfoRequestTest" assertions="1" time="0.000332"/>
      <testcase name="test_endpoint_returns_correct_value" file="D:\digistore24-api\tests\Unit\Request\User\GetUserInfoRequestTest.php" line="19" class="GoSuccess\Digistore24\Api\Tests\Unit\Request\User\GetUserInfoRequestTest" classname="GoSuccess.Digistore24.Api.Tests.Unit.Request.User.GetUserInfoRequestTest" assertions="1" time="0.000068"/>
      <testcase name="test_to_array_returns_empty_array" file="D:\digistore24-api\tests\Unit\Request\User\GetUserInfoRequestTest.php" line="26" class="GoSuccess\Digistore24\Api\Tests\Unit\Request\User\GetUserInfoRequestTest" classname="GoSuccess.Digistore24.Api.Tests.Unit.Request.User.GetUserInfoRequestTest" assertions="2" time="0.000068"/>
      <testcase name="test_validate_returns_empty_array" file="D:\digistore24-api\tests\Unit\Request\User\GetUserInfoRequestTest.php" line="36" class="GoSuccess\Digistore24\Api\Tests\Unit\Request\User\GetUserInfoRequestTest" classname="GoSuccess.Digistore24.Api.Tests.Unit.Request.User.GetUserInfoRequestTest" assertions="2" time="0.000068"/>
    </testsuite>
    <testsuite name="GoSuccess\Digistore24\Api\Tests\Unit\Request\Voucher\CreateVoucherRequestTest" file="D:\digistore24-api\tests\Unit\Request\Voucher\CreateVoucherRequestTest.php" tests="4" assertions="7" errors="0" failures="0" skipped="0" time="0.000542">
      <testcase name="test_can_create_instance" file="D:\digistore24-api\tests\Unit\Request\Voucher\CreateVoucherRequestTest.php" line="12" class="GoSuccess\Digistore24\Api\Tests\Unit\Request\Voucher\CreateVoucherRequestTest" classname="GoSuccess.Digistore24.Api.Tests.Unit.Request.Voucher.CreateVoucherRequestTest" assertions="1" time="0.000338"/>
      <testcase name="test_endpoint_returns_correct_value" file="D:\digistore24-api\tests\Unit\Request\Voucher\CreateVoucherRequestTest.php" line="19" class="GoSuccess\Digistore24\Api\Tests\Unit\Request\Voucher\CreateVoucherRequestTest" classname="GoSuccess.Digistore24.Api.Tests.Unit.Request.Voucher.CreateVoucherRequestTest" assertions="1" time="0.000068"/>
      <testcase name="test_to_array_includes_data" file="D:\digistore24-api\tests\Unit\Request\Voucher\CreateVoucherRequestTest.php" line="26" class="GoSuccess\Digistore24\Api\Tests\Unit\Request\Voucher\CreateVoucherRequestTest" classname="GoSuccess.Digistore24.Api.Tests.Unit.Request.Voucher.CreateVoucherRequestTest" assertions="3" time="0.000069"/>
      <testcase name="test_validate_returns_empty_array" file="D:\digistore24-api\tests\Unit\Request\Voucher\CreateVoucherRequestTest.php" line="37" class="GoSuccess\Digistore24\Api\Tests\Unit\Request\Voucher\CreateVoucherRequestTest" classname="GoSuccess.Digistore24.Api.Tests.Unit.Request.Voucher.CreateVoucherRequestTest" assertions="2" time="0.000067"/>
    </testsuite>
    <testsuite name="GoSuccess\Digistore24\Api\Tests\Unit\Request\Voucher\DeleteVoucherRequestTest" file="D:\digistore24-api\tests\Unit\Request\Voucher\DeleteVoucherRequestTest.php" tests="4" assertions="6" errors="0" failures="0" skipped="0" time="0.000494">
      <testcase name="test_can_create_instance" file="D:\digistore24-api\tests\Unit\Request\Voucher\DeleteVoucherRequestTest.php" line="12" class="GoSuccess\Digistore24\Api\Tests\Unit\Request\Voucher\DeleteVoucherRequestTest" classname="GoSuccess.Digistore24.Api.Tests.Unit.Request.Voucher.DeleteVoucherRequestTest" assertions="1" time="0.000291"/>
      <testcase name="test_endpoint_returns_correct_value" file="D:\digistore24-api\tests\Unit\Request\Voucher\DeleteVoucherRequestTest.php" line="19" class="GoSuccess\Digistore24\Api\Tests\Unit\Request\Voucher\DeleteVoucherRequestTest" classname="GoSuccess.Digistore24.Api.Tests.Unit.Request.Voucher.DeleteVoucherRequestTest" assertions="1" time="0.000068"/>
      <testcase name="test_to_array_includes_code" file="D:\digistore24-api\tests\Unit\Request\Voucher\DeleteVoucherRequestTest.php" line="26" class="GoSuccess\Digistore24\Api\Tests\Unit\Request\Voucher\DeleteVoucherRequestTest" classname="GoSuccess.Digistore24.Api.Tests.Unit.Request.Voucher.DeleteVoucherRequestTest" assertions="2" time="0.000068"/>
      <testcase name="test_validate_returns_empty_array" file="D:\digistore24-api\tests\Unit\Request\Voucher\DeleteVoucherRequestTest.php" line="36" class="GoSuccess\Digistore24\Api\Tests\Unit\Request\Voucher\DeleteVoucherRequestTest" classname="GoSuccess.Digistore24.Api.Tests.Unit.Request.Voucher.DeleteVoucherRequestTest" assertions="2" time="0.000068"/>
    </testsuite>
    <testsuite name="GoSuccess\Digistore24\Api\Tests\Unit\Request\Voucher\GetVoucherRequestTest" file="D:\digistore24-api\tests\Unit\Request\Voucher\GetVoucherRequestTest.php" tests="4" assertions="6" errors="0" failures="0" skipped="0" time="0.000502">
      <testcase name="test_can_create_instance" file="D:\digistore24-api\tests\Unit\Request\Voucher\GetVoucherRequestTest.php" line="12" class="GoSuccess\Digistore24\Api\Tests\Unit\Request\Voucher\GetVoucherRequestTest" classname="GoSuccess.Digistore24.Api.Tests.Unit.Request.Voucher.GetVoucherRequestTest" assertions="1" time="0.000292"/>
      <testcase name="test_endpoint_returns_correct_value" file="D:\digistore24-api\tests\Unit\Request\Voucher\GetVoucherRequestTest.php" line="19" class="GoSuccess\Digistore24\Api\Tests\Unit\Request\Voucher\GetVoucherRequestTest" classname="GoSuccess.Digistore24.Api.Tests.Unit.Request.Voucher.GetVoucherRequestTest" assertions="1" time="0.000068"/>
      <testcase name="test_to_array_includes_code" file="D:\digistore24-api\tests\Unit\Request\Voucher\GetVoucherRequestTest.php" line="26" class="GoSuccess\Digistore24\Api\Tests\Unit\Request\Voucher\GetVoucherRequestTest" classname="GoSuccess.Digistore24.Api.Tests.Unit.Request.Voucher.GetVoucherRequestTest" assertions="2" time="0.000073"/>
      <testcase name="test_validate_returns_empty_array" file="D:\digistore24-api\tests\Unit\Request\Voucher\GetVoucherRequestTest.php" line="36" class="GoSuccess\Digistore24\Api\Tests\Unit\Request\Voucher\GetVoucherRequestTest" classname="GoSuccess.Digistore24.Api.Tests.Unit.Request.Voucher.GetVoucherRequestTest" assertions="2" time="0.000068"/>
    </testsuite>
    <testsuite name="GoSuccess\Digistore24\Api\Tests\Unit\Request\Voucher\ListVouchersRequestTest" file="D:\digistore24-api\tests\Unit\Request\Voucher\ListVouchersRequestTest.php" tests="4" assertions="6" errors="0" failures="0" skipped="0" time="0.000544">
      <testcase name="test_can_create_instance" file="D:\digistore24-api\tests\Unit\Request\Voucher\ListVouchersRequestTest.php" line="12" class="GoSuccess\Digistore24\Api\Tests\Unit\Request\Voucher\ListVouchersRequestTest" classname="GoSuccess.Digistore24.Api.Tests.Unit.Request.Voucher.ListVouchersRequestTest" assertions="1" time="0.000281"/>
      <testcase name="test_endpoint_returns_correct_value" file="D:\digistore24-api\tests\Unit\Request\Voucher\ListVouchersRequestTest.php" line="19" class="GoSuccess\Digistore24\Api\Tests\Unit\Request\Voucher\ListVouchersRequestTest" classname="GoSuccess.Digistore24.Api.Tests.Unit.Request.Voucher.ListVouchersRequestTest" assertions="1" time="0.000068"/>
      <testcase name="test_to_array_returns_empty_array" file="D:\digistore24-api\tests\Unit\Request\Voucher\ListVouchersRequestTest.php" line="26" class="GoSuccess\Digistore24\Api\Tests\Unit\Request\Voucher\ListVouchersRequestTest" classname="GoSuccess.Digistore24.Api.Tests.Unit.Request.Voucher.ListVouchersRequestTest" assertions="2" time="0.000129"/>
      <testcase name="test_validate_returns_empty_array" file="D:\digistore24-api\tests\Unit\Request\Voucher\ListVouchersRequestTest.php" line="36" class="GoSuccess\Digistore24\Api\Tests\Unit\Request\Voucher\ListVouchersRequestTest" classname="GoSuccess.Digistore24.Api.Tests.Unit.Request.Voucher.ListVouchersRequestTest" assertions="2" time="0.000066"/>
    </testsuite>
    <testsuite name="GoSuccess\Digistore24\Api\Tests\Unit\Request\Voucher\UpdateVoucherRequestTest" file="D:\digistore24-api\tests\Unit\Request\Voucher\UpdateVoucherRequestTest.php" tests="4" assertions="7" errors="0" failures="0" skipped="0" time="0.000610">
      <testcase name="test_can_create_instance" file="D:\digistore24-api\tests\Unit\Request\Voucher\UpdateVoucherRequestTest.php" line="12" class="GoSuccess\Digistore24\Api\Tests\Unit\Request\Voucher\UpdateVoucherRequestTest" classname="GoSuccess.Digistore24.Api.Tests.Unit.Request.Voucher.UpdateVoucherRequestTest" assertions="1" time="0.000289"/>
      <testcase name="test_endpoint_returns_correct_value" file="D:\digistore24-api\tests\Unit\Request\Voucher\UpdateVoucherRequestTest.php" line="19" class="GoSuccess\Digistore24\Api\Tests\Unit\Request\Voucher\UpdateVoucherRequestTest" classname="GoSuccess.Digistore24.Api.Tests.Unit.Request.Voucher.UpdateVoucherRequestTest" assertions="1" time="0.000175"/>
      <testcase name="test_to_array_includes_code_and_data" file="D:\digistore24-api\tests\Unit\Request\Voucher\UpdateVoucherRequestTest.php" line="26" class="GoSuccess\Digistore24\Api\Tests\Unit\Request\Voucher\UpdateVoucherRequestTest" classname="GoSuccess.Digistore24.Api.Tests.Unit.Request.Voucher.UpdateVoucherRequestTest" assertions="3" time="0.000077"/>
      <testcase name="test_validate_returns_empty_array" file="D:\digistore24-api\tests\Unit\Request\Voucher\UpdateVoucherRequestTest.php" line="37" class="GoSuccess\Digistore24\Api\Tests\Unit\Request\Voucher\UpdateVoucherRequestTest" classname="GoSuccess.Digistore24.Api.Tests.Unit.Request.Voucher.UpdateVoucherRequestTest" assertions="2" time="0.000070"/>
    </testsuite>
    <testsuite name="GoSuccess\Digistore24\Api\Tests\Unit\Response\AccountAccess\ListAccountAccessResponseTest" file="D:\digistore24-api\tests\Unit\Response\AccountAccess\ListAccountAccessResponseTest.php" tests="5" assertions="13" errors="0" failures="0" skipped="0" time="0.001604">
      <testcase name="test_can_create_from_array" file="D:\digistore24-api\tests\Unit\Response\AccountAccess\ListAccountAccessResponseTest.php" line="15" class="GoSuccess\Digistore24\Api\Tests\Unit\Response\AccountAccess\ListAccountAccessResponseTest" classname="GoSuccess.Digistore24.Api.Tests.Unit.Response.AccountAccess.ListAccountAccessResponseTest" assertions="3" time="0.001200"/>
      <testcase name="test_can_create_from_response" file="D:\digistore24-api\tests\Unit\Response\AccountAccess\ListAccountAccessResponseTest.php" line="37" class="GoSuccess\Digistore24\Api\Tests\Unit\Response\AccountAccess\ListAccountAccessResponseTest" classname="GoSuccess.Digistore24.Api.Tests.Unit.Response.AccountAccess.ListAccountAccessResponseTest" assertions="2" time="0.000170"/>
      <testcase name="test_handles_empty_accesses_array" file="D:\digistore24-api\tests\Unit\Response\AccountAccess\ListAccountAccessResponseTest.php" line="61" class="GoSuccess\Digistore24\Api\Tests\Unit\Response\AccountAccess\ListAccountAccessResponseTest" classname="GoSuccess.Digistore24.Api.Tests.Unit.Response.AccountAccess.ListAccountAccessResponseTest" assertions="1" time="0.000082"/>
      <testcase name="test_handles_missing_accesses_key" file="D:\digistore24-api\tests\Unit\Response\AccountAccess\ListAccountAccessResponseTest.php" line="70" class="GoSuccess\Digistore24\Api\Tests\Unit\Response\AccountAccess\ListAccountAccessResponseTest" classname="GoSuccess.Digistore24.Api.Tests.Unit.Response.AccountAccess.ListAccountAccessResponseTest" assertions="1" time="0.000070"/>
      <testcase name="test_account_access_entry_from_array" file="D:\digistore24-api\tests\Unit\Response\AccountAccess\ListAccountAccessResponseTest.php" line="79" class="GoSuccess\Digistore24\Api\Tests\Unit\Response\AccountAccess\ListAccountAccessResponseTest" classname="GoSuccess.Digistore24.Api.Tests.Unit.Response.AccountAccess.ListAccountAccessResponseTest" assertions="6" time="0.000082"/>
    </testsuite>
    <testsuite name="GoSuccess\Digistore24\Api\Tests\Unit\Response\AccountAccess\LogMemberAccessResponseTest" file="D:\digistore24-api\tests\Unit\Response\AccountAccess\LogMemberAccessResponseTest.php" tests="3" assertions="6" errors="0" failures="0" skipped="0" time="0.000931">
      <testcase name="test_can_create_from_array" file="D:\digistore24-api\tests\Unit\Response\AccountAccess\LogMemberAccessResponseTest.php" line="13" class="GoSuccess\Digistore24\Api\Tests\Unit\Response\AccountAccess\LogMemberAccessResponseTest" classname="GoSuccess.Digistore24.Api.Tests.Unit.Response.AccountAccess.LogMemberAccessResponseTest" assertions="3" time="0.000766"/>
      <testcase name="test_can_create_from_response" file="D:\digistore24-api\tests\Unit\Response\AccountAccess\LogMemberAccessResponseTest.php" line="26" class="GoSuccess\Digistore24\Api\Tests\Unit\Response\AccountAccess\LogMemberAccessResponseTest" classname="GoSuccess.Digistore24.Api.Tests.Unit.Response.AccountAccess.LogMemberAccessResponseTest" assertions="2" time="0.000095"/>
      <testcase name="test_has_raw_response" file="D:\digistore24-api\tests\Unit\Response\AccountAccess\LogMemberAccessResponseTest.php" line="44" class="GoSuccess\Digistore24\Api\Tests\Unit\Response\AccountAccess\LogMemberAccessResponseTest" classname="GoSuccess.Digistore24.Api.Tests.Unit.Response.AccountAccess.LogMemberAccessResponseTest" assertions="1" time="0.000070"/>
    </testsuite>
    <testsuite name="GoSuccess\Digistore24\Api\Tests\Unit\Response\Affiliate\GetAffiliateCommissionResponseTest" file="D:\digistore24-api\tests\Unit\Response\Affiliate\GetAffiliateCommissionResponseTest.php" tests="3" assertions="5" errors="0" failures="0" skipped="0" time="0.000503">
      <testcase name="test_can_create_from_array" file="D:\digistore24-api\tests\Unit\Response\Affiliate\GetAffiliateCommissionResponseTest.php" line="13" class="GoSuccess\Digistore24\Api\Tests\Unit\Response\Affiliate\GetAffiliateCommissionResponseTest" classname="GoSuccess.Digistore24.Api.Tests.Unit.Response.Affiliate.GetAffiliateCommissionResponseTest" assertions="2" time="0.000360"/>
      <testcase name="test_can_create_from_response" file="D:\digistore24-api\tests\Unit\Response\Affiliate\GetAffiliateCommissionResponseTest.php" line="29" class="GoSuccess\Digistore24\Api\Tests\Unit\Response\Affiliate\GetAffiliateCommissionResponseTest" classname="GoSuccess.Digistore24.Api.Tests.Unit.Response.Affiliate.GetAffiliateCommissionResponseTest" assertions="2" time="0.000075"/>
      <testcase name="test_has_raw_response" file="D:\digistore24-api\tests\Unit\Response\Affiliate\GetAffiliateCommissionResponseTest.php" line="51" class="GoSuccess\Digistore24\Api\Tests\Unit\Response\Affiliate\GetAffiliateCommissionResponseTest" classname="GoSuccess.Digistore24.Api.Tests.Unit.Response.Affiliate.GetAffiliateCommissionResponseTest" assertions="1" time="0.000069"/>
    </testsuite>
    <testsuite name="GoSuccess\Digistore24\Api\Tests\Unit\Response\Affiliate\GetAffiliateForEmailResponseTest" file="D:\digistore24-api\tests\Unit\Response\Affiliate\GetAffiliateForEmailResponseTest.php" tests="3" assertions="5" errors="0" failures="0" skipped="0" time="0.000599">
      <testcase name="test_can_create_from_array" file="D:\digistore24-api\tests\Unit\Response\Affiliate\GetAffiliateForEmailResponseTest.php" line="13" class="GoSuccess\Digistore24\Api\Tests\Unit\Response\Affiliate\GetAffiliateForEmailResponseTest" classname="GoSuccess.Digistore24.Api.Tests.Unit.Response.Affiliate.GetAffiliateForEmailResponseTest" assertions="2" time="0.000461"/>
      <testcase name="test_can_create_from_response" file="D:\digistore24-api\tests\Unit\Response\Affiliate\GetAffiliateForEmailResponseTest.php" line="26" class="GoSuccess\Digistore24\Api\Tests\Unit\Response\Affiliate\GetAffiliateForEmailResponseTest" classname="GoSuccess.Digistore24.Api.Tests.Unit.Response.Affiliate.GetAffiliateForEmailResponseTest" assertions="2" time="0.000072"/>
      <testcase name="test_has_raw_response" file="D:\digistore24-api\tests\Unit\Response\Affiliate\GetAffiliateForEmailResponseTest.php" line="45" class="GoSuccess\Digistore24\Api\Tests\Unit\Response\Affiliate\GetAffiliateForEmailResponseTest" classname="GoSuccess.Digistore24.Api.Tests.Unit.Response.Affiliate.GetAffiliateForEmailResponseTest" assertions="1" time="0.000066"/>
    </testsuite>
    <testsuite name="GoSuccess\Digistore24\Api\Tests\Unit\Response\Affiliate\GetReferringAffiliateResponseTest" file="D:\digistore24-api\tests\Unit\Response\Affiliate\GetReferringAffiliateResponseTest.php" tests="3" assertions="5" errors="0" failures="0" skipped="0" time="0.000424">
      <testcase name="test_can_create_from_array" file="D:\digistore24-api\tests\Unit\Response\Affiliate\GetReferringAffiliateResponseTest.php" line="13" class="GoSuccess\Digistore24\Api\Tests\Unit\Response\Affiliate\GetReferringAffiliateResponseTest" classname="GoSuccess.Digistore24.Api.Tests.Unit.Response.Affiliate.GetReferringAffiliateResponseTest" assertions="2" time="0.000285"/>
      <testcase name="test_can_create_from_response" file="D:\digistore24-api\tests\Unit\Response\Affiliate\GetReferringAffiliateResponseTest.php" line="26" class="GoSuccess\Digistore24\Api\Tests\Unit\Response\Affiliate\GetReferringAffiliateResponseTest" classname="GoSuccess.Digistore24.Api.Tests.Unit.Response.Affiliate.GetReferringAffiliateResponseTest" assertions="2" time="0.000071"/>
      <testcase name="test_has_raw_response" file="D:\digistore24-api\tests\Unit\Response\Affiliate\GetReferringAffiliateResponseTest.php" line="45" class="GoSuccess\Digistore24\Api\Tests\Unit\Response\Affiliate\GetReferringAffiliateResponseTest" classname="GoSuccess.Digistore24.Api.Tests.Unit.Response.Affiliate.GetReferringAffiliateResponseTest" assertions="1" time="0.000067"/>
    </testsuite>
    <testsuite name="GoSuccess\Digistore24\Api\Tests\Unit\Response\Affiliate\SetAffiliateForEmailResponseTest" file="D:\digistore24-api\tests\Unit\Response\Affiliate\SetAffiliateForEmailResponseTest.php" tests="3" assertions="7" errors="0" failures="0" skipped="0" time="0.000427">
      <testcase name="test_can_create_from_array" file="D:\digistore24-api\tests\Unit\Response\Affiliate\SetAffiliateForEmailResponseTest.php" line="13" class="GoSuccess\Digistore24\Api\Tests\Unit\Response\Affiliate\SetAffiliateForEmailResponseTest" classname="GoSuccess.Digistore24.Api.Tests.Unit.Response.Affiliate.SetAffiliateForEmailResponseTest" assertions="3" time="0.000286"/>
      <testcase name="test_can_create_from_response" file="D:\digistore24-api\tests\Unit\Response\Affiliate\SetAffiliateForEmailResponseTest.php" line="23" class="GoSuccess\Digistore24\Api\Tests\Unit\Response\Affiliate\SetAffiliateForEmailResponseTest" classname="GoSuccess.Digistore24.Api.Tests.Unit.Response.Affiliate.SetAffiliateForEmailResponseTest" assertions="3" time="0.000073"/>
      <testcase name="test_has_raw_response" file="D:\digistore24-api\tests\Unit\Response\Affiliate\SetAffiliateForEmailResponseTest.php" line="39" class="GoSuccess\Digistore24\Api\Tests\Unit\Response\Affiliate\SetAffiliateForEmailResponseTest" classname="GoSuccess.Digistore24.Api.Tests.Unit.Response.Affiliate.SetAffiliateForEmailResponseTest" assertions="1" time="0.000068"/>
    </testsuite>
    <testsuite name="GoSuccess\Digistore24\Api\Tests\Unit\Response\Affiliate\SetReferringAffiliateResponseTest" file="D:\digistore24-api\tests\Unit\Response\Affiliate\SetReferringAffiliateResponseTest.php" tests="3" assertions="7" errors="0" failures="0" skipped="0" time="0.000454">
      <testcase name="test_can_create_from_array" file="D:\digistore24-api\tests\Unit\Response\Affiliate\SetReferringAffiliateResponseTest.php" line="13" class="GoSuccess\Digistore24\Api\Tests\Unit\Response\Affiliate\SetReferringAffiliateResponseTest" classname="GoSuccess.Digistore24.Api.Tests.Unit.Response.Affiliate.SetReferringAffiliateResponseTest" assertions="3" time="0.000316"/>
      <testcase name="test_can_create_from_response" file="D:\digistore24-api\tests\Unit\Response\Affiliate\SetReferringAffiliateResponseTest.php" line="23" class="GoSuccess\Digistore24\Api\Tests\Unit\Response\Affiliate\SetReferringAffiliateResponseTest" classname="GoSuccess.Digistore24.Api.Tests.Unit.Response.Affiliate.SetReferringAffiliateResponseTest" assertions="3" time="0.000071"/>
      <testcase name="test_has_raw_response" file="D:\digistore24-api\tests\Unit\Response\Affiliate\SetReferringAffiliateResponseTest.php" line="39" class="GoSuccess\Digistore24\Api\Tests\Unit\Response\Affiliate\SetReferringAffiliateResponseTest" classname="GoSuccess.Digistore24.Api.Tests.Unit.Response.Affiliate.SetReferringAffiliateResponseTest" assertions="1" time="0.000067"/>
    </testsuite>
    <testsuite name="GoSuccess\Digistore24\Api\Tests\Unit\Response\Affiliate\UpdateAffiliateCommissionResponseTest" file="D:\digistore24-api\tests\Unit\Response\Affiliate\UpdateAffiliateCommissionResponseTest.php" tests="3" assertions="7" errors="0" failures="0" skipped="0" time="0.000633">
      <testcase name="test_can_create_from_array" file="D:\digistore24-api\tests\Unit\Response\Affiliate\UpdateAffiliateCommissionResponseTest.php" line="13" class="GoSuccess\Digistore24\Api\Tests\Unit\Response\Affiliate\UpdateAffiliateCommissionResponseTest" classname="GoSuccess.Digistore24.Api.Tests.Unit.Response.Affiliate.UpdateAffiliateCommissionResponseTest" assertions="3" time="0.000311"/>
      <testcase name="test_can_create_from_response" file="D:\digistore24-api\tests\Unit\Response\Affiliate\UpdateAffiliateCommissionResponseTest.php" line="23" class="GoSuccess\Digistore24\Api\Tests\Unit\Response\Affiliate\UpdateAffiliateCommissionResponseTest" classname="GoSuccess.Digistore24.Api.Tests.Unit.Response.Affiliate.UpdateAffiliateCommissionResponseTest" assertions="3" time="0.000251"/>
      <testcase name="test_has_raw_response" file="D:\digistore24-api\tests\Unit\Response\Affiliate\UpdateAffiliateCommissionResponseTest.php" line="39" class="GoSuccess\Digistore24\Api\Tests\Unit\Response\Affiliate\UpdateAffiliateCommissionResponseTest" classname="GoSuccess.Digistore24.Api.Tests.Unit.Response.Affiliate.UpdateAffiliateCommissionResponseTest" assertions="1" time="0.000072"/>
    </testsuite>
    <testsuite name="GoSuccess\Digistore24\Api\Tests\Unit\Response\Affiliate\ValidateAffiliateResponseTest" file="D:\digistore24-api\tests\Unit\Response\Affiliate\ValidateAffiliateResponseTest.php" tests="3" assertions="7" errors="0" failures="0" skipped="0" time="0.000535">
      <testcase name="test_can_create_from_array" file="D:\digistore24-api\tests\Unit\Response\Affiliate\ValidateAffiliateResponseTest.php" line="13" class="GoSuccess\Digistore24\Api\Tests\Unit\Response\Affiliate\ValidateAffiliateResponseTest" classname="GoSuccess.Digistore24.Api.Tests.Unit.Response.Affiliate.ValidateAffiliateResponseTest" assertions="3" time="0.000352"/>
      <testcase name="test_can_create_from_response" file="D:\digistore24-api\tests\Unit\Response\Affiliate\ValidateAffiliateResponseTest.php" line="28" class="GoSuccess\Digistore24\Api\Tests\Unit\Response\Affiliate\ValidateAffiliateResponseTest" classname="GoSuccess.Digistore24.Api.Tests.Unit.Response.Affiliate.ValidateAffiliateResponseTest" assertions="3" time="0.000074"/>
      <testcase name="test_has_raw_response" file="D:\digistore24-api\tests\Unit\Response\Affiliate\ValidateAffiliateResponseTest.php" line="49" class="GoSuccess\Digistore24\Api\Tests\Unit\Response\Affiliate\ValidateAffiliateResponseTest" classname="GoSuccess.Digistore24.Api.Tests.Unit.Response.Affiliate.ValidateAffiliateResponseTest" assertions="1" time="0.000109"/>
    </testsuite>
    <testsuite name="GoSuccess\Digistore24\Api\Tests\Unit\Response\ApiKey\RequestApiKeyResponseTest" file="D:\digistore24-api\tests\Unit\Response\ApiKey\RequestApiKeyResponseTest.php" tests="3" assertions="7" errors="0" failures="0" skipped="0" time="0.000724">
      <testcase name="test_can_create_from_array" file="D:\digistore24-api\tests\Unit\Response\ApiKey\RequestApiKeyResponseTest.php" line="13" class="GoSuccess\Digistore24\Api\Tests\Unit\Response\ApiKey\RequestApiKeyResponseTest" classname="GoSuccess.Digistore24.Api.Tests.Unit.Response.ApiKey.RequestApiKeyResponseTest" assertions="3" time="0.000535"/>
      <testcase name="test_can_create_from_response" file="D:\digistore24-api\tests\Unit\Response\ApiKey\RequestApiKeyResponseTest.php" line="23" class="GoSuccess\Digistore24\Api\Tests\Unit\Response\ApiKey\RequestApiKeyResponseTest" classname="GoSuccess.Digistore24.Api.Tests.Unit.Response.ApiKey.RequestApiKeyResponseTest" assertions="3" time="0.000118"/>
      <testcase name="test_has_raw_response" file="D:\digistore24-api\tests\Unit\Response\ApiKey\RequestApiKeyResponseTest.php" line="39" class="GoSuccess\Digistore24\Api\Tests\Unit\Response\ApiKey\RequestApiKeyResponseTest" classname="GoSuccess.Digistore24.Api.Tests.Unit.Response.ApiKey.RequestApiKeyResponseTest" assertions="1" time="0.000071"/>
    </testsuite>
    <testsuite name="GoSuccess\Digistore24\Api\Tests\Unit\Response\ApiKey\RetrieveApiKeyResponseTest" file="D:\digistore24-api\tests\Unit\Response\ApiKey\RetrieveApiKeyResponseTest.php" tests="3" assertions="5" errors="0" failures="0" skipped="0" time="0.000499">
      <testcase name="test_can_create_from_array" file="D:\digistore24-api\tests\Unit\Response\ApiKey\RetrieveApiKeyResponseTest.php" line="13" class="GoSuccess\Digistore24\Api\Tests\Unit\Response\ApiKey\RetrieveApiKeyResponseTest" classname="GoSuccess.Digistore24.Api.Tests.Unit.Response.ApiKey.RetrieveApiKeyResponseTest" assertions="2" time="0.000311"/>
      <testcase name="test_can_create_from_response" file="D:\digistore24-api\tests\Unit\Response\ApiKey\RetrieveApiKeyResponseTest.php" line="22" class="GoSuccess\Digistore24\Api\Tests\Unit\Response\ApiKey\RetrieveApiKeyResponseTest" classname="GoSuccess.Digistore24.Api.Tests.Unit.Response.ApiKey.RetrieveApiKeyResponseTest" assertions="2" time="0.000115"/>
      <testcase name="test_has_raw_response" file="D:\digistore24-api\tests\Unit\Response\ApiKey\RetrieveApiKeyResponseTest.php" line="37" class="GoSuccess\Digistore24\Api\Tests\Unit\Response\ApiKey\RetrieveApiKeyResponseTest" classname="GoSuccess.Digistore24.Api.Tests.Unit.Response.ApiKey.RetrieveApiKeyResponseTest" assertions="1" time="0.000073"/>
    </testsuite>
    <testsuite name="GoSuccess\Digistore24\Api\Tests\Unit\Response\ApiKey\UnregisterResponseTest" file="D:\digistore24-api\tests\Unit\Response\ApiKey\UnregisterResponseTest.php" tests="3" assertions="7" errors="0" failures="0" skipped="0" time="0.000579">
      <testcase name="test_can_create_from_array" file="D:\digistore24-api\tests\Unit\Response\ApiKey\UnregisterResponseTest.php" line="13" class="GoSuccess\Digistore24\Api\Tests\Unit\Response\ApiKey\UnregisterResponseTest" classname="GoSuccess.Digistore24.Api.Tests.Unit.Response.ApiKey.UnregisterResponseTest" assertions="3" time="0.000436"/>
      <testcase name="test_can_create_from_response" file="D:\digistore24-api\tests\Unit\Response\ApiKey\UnregisterResponseTest.php" line="23" class="GoSuccess\Digistore24\Api\Tests\Unit\Response\ApiKey\UnregisterResponseTest" classname="GoSuccess.Digistore24.Api.Tests.Unit.Response.ApiKey.UnregisterResponseTest" assertions="3" time="0.000074"/>
      <testcase name="test_has_raw_response" file="D:\digistore24-api\tests\Unit\Response\ApiKey\UnregisterResponseTest.php" line="39" class="GoSuccess\Digistore24\Api\Tests\Unit\Response\ApiKey\UnregisterResponseTest" classname="GoSuccess.Digistore24.Api.Tests.Unit.Response.ApiKey.UnregisterResponseTest" assertions="1" time="0.000068"/>
    </testsuite>
    <testsuite name="GoSuccess\Digistore24\Api\Tests\Unit\Response\Billing\CreateBillingOnDemandResponseTest" file="D:\digistore24-api\tests\Unit\Response\Billing\CreateBillingOnDemandResponseTest.php" tests="3" assertions="9" errors="0" failures="0" skipped="0" time="0.000532">
      <testcase name="test_can_create_from_array" file="D:\digistore24-api\tests\Unit\Response\Billing\CreateBillingOnDemandResponseTest.php" line="13" class="GoSuccess\Digistore24\Api\Tests\Unit\Response\Billing\CreateBillingOnDemandResponseTest" classname="GoSuccess.Digistore24.Api.Tests.Unit.Response.Billing.CreateBillingOnDemandResponseTest" assertions="5" time="0.000389"/>
      <testcase name="test_can_create_from_response" file="D:\digistore24-api\tests\Unit\Response\Billing\CreateBillingOnDemandResponseTest.php" line="31" class="GoSuccess\Digistore24\Api\Tests\Unit\Response\Billing\CreateBillingOnDemandResponseTest" classname="GoSuccess.Digistore24.Api.Tests.Unit.Response.Billing.CreateBillingOnDemandResponseTest" assertions="3" time="0.000075"/>
      <testcase name="test_has_raw_response" file="D:\digistore24-api\tests\Unit\Response\Billing\CreateBillingOnDemandResponseTest.php" line="53" class="GoSuccess\Digistore24\Api\Tests\Unit\Response\Billing\CreateBillingOnDemandResponseTest" classname="GoSuccess.Digistore24.Api.Tests.Unit.Response.Billing.CreateBillingOnDemandResponseTest" assertions="1" time="0.000068"/>
    </testsuite>
    <testsuite name="GoSuccess\Digistore24\Api\Tests\Unit\Response\Billing\RefundPartiallyResponseTest" file="D:\digistore24-api\tests\Unit\Response\Billing\RefundPartiallyResponseTest.php" tests="3" assertions="8" errors="0" failures="0" skipped="0" time="0.000440">
      <testcase name="test_can_create_from_array" file="D:\digistore24-api\tests\Unit\Response\Billing\RefundPartiallyResponseTest.php" line="13" class="GoSuccess\Digistore24\Api\Tests\Unit\Response\Billing\RefundPartiallyResponseTest" classname="GoSuccess.Digistore24.Api.Tests.Unit.Response.Billing.RefundPartiallyResponseTest" assertions="4" time="0.000303"/>
      <testcase name="test_can_create_from_response" file="D:\digistore24-api\tests\Unit\Response\Billing\RefundPartiallyResponseTest.php" line="27" class="GoSuccess\Digistore24\Api\Tests\Unit\Response\Billing\RefundPartiallyResponseTest" classname="GoSuccess.Digistore24.Api.Tests.Unit.Response.Billing.RefundPartiallyResponseTest" assertions="3" time="0.000072"/>
      <testcase name="test_has_raw_response" file="D:\digistore24-api\tests\Unit\Response\Billing\RefundPartiallyResponseTest.php" line="46" class="GoSuccess\Digistore24\Api\Tests\Unit\Response\Billing\RefundPartiallyResponseTest" classname="GoSuccess.Digistore24.Api.Tests.Unit.Response.Billing.RefundPartiallyResponseTest" assertions="1" time="0.000066"/>
    </testsuite>
    <testsuite name="GoSuccess\Digistore24\Api\Tests\Unit\Response\BuyUrl\CreateBuyUrlResponseTest" file="D:\digistore24-api\tests\Unit\Response\BuyUrl\CreateBuyUrlResponseTest.php" tests="3" assertions="6" errors="0" failures="0" skipped="0" time="0.000557">
      <testcase name="test_can_create_from_array" file="D:\digistore24-api\tests\Unit\Response\BuyUrl\CreateBuyUrlResponseTest.php" line="13" class="GoSuccess\Digistore24\Api\Tests\Unit\Response\BuyUrl\CreateBuyUrlResponseTest" classname="GoSuccess.Digistore24.Api.Tests.Unit.Response.BuyUrl.CreateBuyUrlResponseTest" assertions="3" time="0.000418"/>
      <testcase name="test_can_create_from_response" file="D:\digistore24-api\tests\Unit\Response\BuyUrl\CreateBuyUrlResponseTest.php" line="27" class="GoSuccess\Digistore24\Api\Tests\Unit\Response\BuyUrl\CreateBuyUrlResponseTest" classname="GoSuccess.Digistore24.Api.Tests.Unit.Response.BuyUrl.CreateBuyUrlResponseTest" assertions="2" time="0.000072"/>
      <testcase name="test_has_raw_response" file="D:\digistore24-api\tests\Unit\Response\BuyUrl\CreateBuyUrlResponseTest.php" line="45" class="GoSuccess\Digistore24\Api\Tests\Unit\Response\BuyUrl\CreateBuyUrlResponseTest" classname="GoSuccess.Digistore24.Api.Tests.Unit.Response.BuyUrl.CreateBuyUrlResponseTest" assertions="1" time="0.000067"/>
    </testsuite>
    <testsuite name="GoSuccess\Digistore24\Api\Tests\Unit\Response\BuyUrl\DeleteBuyUrlResponseTest" file="D:\digistore24-api\tests\Unit\Response\BuyUrl\DeleteBuyUrlResponseTest.php" tests="3" assertions="5" errors="0" failures="0" skipped="0" time="0.000466">
      <testcase name="test_can_create_from_array" file="D:\digistore24-api\tests\Unit\Response\BuyUrl\DeleteBuyUrlResponseTest.php" line="13" class="GoSuccess\Digistore24\Api\Tests\Unit\Response\BuyUrl\DeleteBuyUrlResponseTest" classname="GoSuccess.Digistore24.Api.Tests.Unit.Response.BuyUrl.DeleteBuyUrlResponseTest" assertions="2" time="0.000327"/>
      <testcase name="test_can_create_from_response" file="D:\digistore24-api\tests\Unit\Response\BuyUrl\DeleteBuyUrlResponseTest.php" line="22" class="GoSuccess\Digistore24\Api\Tests\Unit\Response\BuyUrl\DeleteBuyUrlResponseTest" classname="GoSuccess.Digistore24.Api.Tests.Unit.Response.BuyUrl.DeleteBuyUrlResponseTest" assertions="2" time="0.000072"/>
      <testcase name="test_has_raw_response" file="D:\digistore24-api\tests\Unit\Response\BuyUrl\DeleteBuyUrlResponseTest.php" line="37" class="GoSuccess\Digistore24\Api\Tests\Unit\Response\BuyUrl\DeleteBuyUrlResponseTest" classname="GoSuccess.Digistore24.Api.Tests.Unit.Response.BuyUrl.DeleteBuyUrlResponseTest" assertions="1" time="0.000068"/>
    </testsuite>
    <testsuite name="GoSuccess\Digistore24\Api\Tests\Unit\Response\BuyUrl\ListBuyUrlsResponseTest" file="D:\digistore24-api\tests\Unit\Response\BuyUrl\ListBuyUrlsResponseTest.php" tests="3" assertions="5" errors="0" failures="0" skipped="0" time="0.000602">
      <testcase name="test_can_create_from_array" file="D:\digistore24-api\tests\Unit\Response\BuyUrl\ListBuyUrlsResponseTest.php" line="13" class="GoSuccess\Digistore24\Api\Tests\Unit\Response\BuyUrl\ListBuyUrlsResponseTest" classname="GoSuccess.Digistore24.Api.Tests.Unit.Response.BuyUrl.ListBuyUrlsResponseTest" assertions="2" time="0.000362"/>
      <testcase name="test_can_create_from_response" file="D:\digistore24-api\tests\Unit\Response\BuyUrl\ListBuyUrlsResponseTest.php" line="34" class="GoSuccess\Digistore24\Api\Tests\Unit\Response\BuyUrl\ListBuyUrlsResponseTest" classname="GoSuccess.Digistore24.Api.Tests.Unit.Response.BuyUrl.ListBuyUrlsResponseTest" assertions="2" time="0.000171"/>
      <testcase name="test_has_raw_response" file="D:\digistore24-api\tests\Unit\Response\BuyUrl\ListBuyUrlsResponseTest.php" line="53" class="GoSuccess\Digistore24\Api\Tests\Unit\Response\BuyUrl\ListBuyUrlsResponseTest" classname="GoSuccess.Digistore24.Api.Tests.Unit.Response.BuyUrl.ListBuyUrlsResponseTest" assertions="1" time="0.000070"/>
    </testsuite>
    <testsuite name="GoSuccess\Digistore24\Api\Tests\Unit\Response\Buyer\GetBuyerResponseTest" file="D:\digistore24-api\tests\Unit\Response\Buyer\GetBuyerResponseTest.php" tests="3" assertions="6" errors="0" failures="0" skipped="0" time="0.000490">
      <testcase name="test_can_create_from_array" file="D:\digistore24-api\tests\Unit\Response\Buyer\GetBuyerResponseTest.php" line="13" class="GoSuccess\Digistore24\Api\Tests\Unit\Response\Buyer\GetBuyerResponseTest" classname="GoSuccess.Digistore24.Api.Tests.Unit.Response.Buyer.GetBuyerResponseTest" assertions="3" time="0.000352"/>
      <testcase name="test_can_create_from_response" file="D:\digistore24-api\tests\Unit\Response\Buyer\GetBuyerResponseTest.php" line="29" class="GoSuccess\Digistore24\Api\Tests\Unit\Response\Buyer\GetBuyerResponseTest" classname="GoSuccess.Digistore24.Api.Tests.Unit.Response.Buyer.GetBuyerResponseTest" assertions="2" time="0.000072"/>
      <testcase name="test_has_raw_response" file="D:\digistore24-api\tests\Unit\Response\Buyer\GetBuyerResponseTest.php" line="49" class="GoSuccess\Digistore24\Api\Tests\Unit\Response\Buyer\GetBuyerResponseTest" classname="GoSuccess.Digistore24.Api.Tests.Unit.Response.Buyer.GetBuyerResponseTest" assertions="1" time="0.000067"/>
    </testsuite>
    <testsuite name="GoSuccess\Digistore24\Api\Tests\Unit\Response\Buyer\ListBuyersResponseTest" file="D:\digistore24-api\tests\Unit\Response\Buyer\ListBuyersResponseTest.php" tests="3" assertions="5" errors="0" failures="0" skipped="0" time="0.000425">
      <testcase name="test_can_create_from_array" file="D:\digistore24-api\tests\Unit\Response\Buyer\ListBuyersResponseTest.php" line="13" class="GoSuccess\Digistore24\Api\Tests\Unit\Response\Buyer\ListBuyersResponseTest" classname="GoSuccess.Digistore24.Api.Tests.Unit.Response.Buyer.ListBuyersResponseTest" assertions="2" time="0.000287"/>
      <testcase name="test_can_create_from_response" file="D:\digistore24-api\tests\Unit\Response\Buyer\ListBuyersResponseTest.php" line="29" class="GoSuccess\Digistore24\Api\Tests\Unit\Response\Buyer\ListBuyersResponseTest" classname="GoSuccess.Digistore24.Api.Tests.Unit.Response.Buyer.ListBuyersResponseTest" assertions="2" time="0.000071"/>
      <testcase name="test_has_raw_response" file="D:\digistore24-api\tests\Unit\Response\Buyer\ListBuyersResponseTest.php" line="50" class="GoSuccess\Digistore24\Api\Tests\Unit\Response\Buyer\ListBuyersResponseTest" classname="GoSuccess.Digistore24.Api.Tests.Unit.Response.Buyer.ListBuyersResponseTest" assertions="1" time="0.000066"/>
    </testsuite>
    <testsuite name="GoSuccess\Digistore24\Api\Tests\Unit\Response\Buyer\UpdateBuyerResponseTest" file="D:\digistore24-api\tests\Unit\Response\Buyer\UpdateBuyerResponseTest.php" tests="3" assertions="6" errors="0" failures="0" skipped="0" time="0.000434">
      <testcase name="test_can_create_from_array" file="D:\digistore24-api\tests\Unit\Response\Buyer\UpdateBuyerResponseTest.php" line="13" class="GoSuccess\Digistore24\Api\Tests\Unit\Response\Buyer\UpdateBuyerResponseTest" classname="GoSuccess.Digistore24.Api.Tests.Unit.Response.Buyer.UpdateBuyerResponseTest" assertions="3" time="0.000294"/>
      <testcase name="test_can_create_from_response" file="D:\digistore24-api\tests\Unit\Response\Buyer\UpdateBuyerResponseTest.php" line="26" class="GoSuccess\Digistore24\Api\Tests\Unit\Response\Buyer\UpdateBuyerResponseTest" classname="GoSuccess.Digistore24.Api.Tests.Unit.Response.Buyer.UpdateBuyerResponseTest" assertions="2" time="0.000070"/>
      <testcase name="test_has_raw_response" file="D:\digistore24-api\tests\Unit\Response\Buyer\UpdateBuyerResponseTest.php" line="44" class="GoSuccess\Digistore24\Api\Tests\Unit\Response\Buyer\UpdateBuyerResponseTest" classname="GoSuccess.Digistore24.Api.Tests.Unit.Response.Buyer.UpdateBuyerResponseTest" assertions="1" time="0.000069"/>
    </testsuite>
    <testsuite name="GoSuccess\Digistore24\Api\Tests\Unit\Response\Commission\ListCommissionsResponseTest" file="D:\digistore24-api\tests\Unit\Response\Commission\ListCommissionsResponseTest.php" tests="3" assertions="7" errors="0" failures="0" skipped="0" time="0.000553">
      <testcase name="test_can_create_from_array" file="D:\digistore24-api\tests\Unit\Response\Commission\ListCommissionsResponseTest.php" line="13" class="GoSuccess\Digistore24\Api\Tests\Unit\Response\Commission\ListCommissionsResponseTest" classname="GoSuccess.Digistore24.Api.Tests.Unit.Response.Commission.ListCommissionsResponseTest" assertions="4" time="0.000399"/>
      <testcase name="test_can_create_from_response" file="D:\digistore24-api\tests\Unit\Response\Commission\ListCommissionsResponseTest.php" line="41" class="GoSuccess\Digistore24\Api\Tests\Unit\Response\Commission\ListCommissionsResponseTest" classname="GoSuccess.Digistore24.Api.Tests.Unit.Response.Commission.ListCommissionsResponseTest" assertions="2" time="0.000081"/>
      <testcase name="test_has_raw_response" file="D:\digistore24-api\tests\Unit\Response\Commission\ListCommissionsResponseTest.php" line="62" class="GoSuccess\Digistore24\Api\Tests\Unit\Response\Commission\ListCommissionsResponseTest" classname="GoSuccess.Digistore24.Api.Tests.Unit.Response.Commission.ListCommissionsResponseTest" assertions="1" time="0.000073"/>
    </testsuite>
    <testsuite name="GoSuccess\Digistore24\Api\Tests\Unit\Response\ConversionTool\ListConversionToolsResponseTest" file="D:\digistore24-api\tests\Unit\Response\ConversionTool\ListConversionToolsResponseTest.php" tests="3" assertions="5" errors="0" failures="0" skipped="0" time="0.000504">
      <testcase name="test_can_create_from_array" file="D:\digistore24-api\tests\Unit\Response\ConversionTool\ListConversionToolsResponseTest.php" line="13" class="GoSuccess\Digistore24\Api\Tests\Unit\Response\ConversionTool\ListConversionToolsResponseTest" classname="GoSuccess.Digistore24.Api.Tests.Unit.Response.ConversionTool.ListConversionToolsResponseTest" assertions="2" time="0.000330"/>
      <testcase name="test_can_create_from_response" file="D:\digistore24-api\tests\Unit\Response\ConversionTool\ListConversionToolsResponseTest.php" line="27" class="GoSuccess\Digistore24\Api\Tests\Unit\Response\ConversionTool\ListConversionToolsResponseTest" classname="GoSuccess.Digistore24.Api.Tests.Unit.Response.ConversionTool.ListConversionToolsResponseTest" assertions="2" time="0.000073"/>
      <testcase name="test_has_raw_response" file="D:\digistore24-api\tests\Unit\Response\ConversionTool\ListConversionToolsResponseTest.php" line="46" class="GoSuccess\Digistore24\Api\Tests\Unit\Response\ConversionTool\ListConversionToolsResponseTest" classname="GoSuccess.Digistore24.Api.Tests.Unit.Response.ConversionTool.ListConversionToolsResponseTest" assertions="1" time="0.000101"/>
    </testsuite>
    <testsuite name="GoSuccess\Digistore24\Api\Tests\Unit\Response\ConversionTool\ValidateCouponCodeResponseTest" file="D:\digistore24-api\tests\Unit\Response\ConversionTool\ValidateCouponCodeResponseTest.php" tests="3" assertions="6" errors="0" failures="0" skipped="0" time="0.000634">
      <testcase name="test_can_create_from_array" file="D:\digistore24-api\tests\Unit\Response\ConversionTool\ValidateCouponCodeResponseTest.php" line="13" class="GoSuccess\Digistore24\Api\Tests\Unit\Response\ConversionTool\ValidateCouponCodeResponseTest" classname="GoSuccess.Digistore24.Api.Tests.Unit.Response.ConversionTool.ValidateCouponCodeResponseTest" assertions="3" time="0.000354"/>
      <testcase name="test_can_create_from_response" file="D:\digistore24-api\tests\Unit\Response\ConversionTool\ValidateCouponCodeResponseTest.php" line="29" class="GoSuccess\Digistore24\Api\Tests\Unit\Response\ConversionTool\ValidateCouponCodeResponseTest" classname="GoSuccess.Digistore24.Api.Tests.Unit.Response.ConversionTool.ValidateCouponCodeResponseTest" assertions="2" time="0.000208"/>
      <testcase name="test_has_raw_response" file="D:\digistore24-api\tests\Unit\Response\ConversionTool\ValidateCouponCodeResponseTest.php" line="49" class="GoSuccess\Digistore24\Api\Tests\Unit\Response\ConversionTool\ValidateCouponCodeResponseTest" classname="GoSuccess.Digistore24.Api.Tests.Unit.Response.ConversionTool.ValidateCouponCodeResponseTest" assertions="1" time="0.000071"/>
    </testsuite>
    <testsuite name="GoSuccess\Digistore24\Api\Tests\Unit\Response\Country\ListCountriesResponseTest" file="D:\digistore24-api\tests\Unit\Response\Country\ListCountriesResponseTest.php" tests="3" assertions="6" errors="0" failures="0" skipped="0" time="0.000536">
      <testcase name="test_can_create_from_array" file="D:\digistore24-api\tests\Unit\Response\Country\ListCountriesResponseTest.php" line="13" class="GoSuccess\Digistore24\Api\Tests\Unit\Response\Country\ListCountriesResponseTest" classname="GoSuccess.Digistore24.Api.Tests.Unit.Response.Country.ListCountriesResponseTest" assertions="3" time="0.000391"/>
      <testcase name="test_can_create_from_response" file="D:\digistore24-api\tests\Unit\Response\Country\ListCountriesResponseTest.php" line="27" class="GoSuccess\Digistore24\Api\Tests\Unit\Response\Country\ListCountriesResponseTest" classname="GoSuccess.Digistore24.Api.Tests.Unit.Response.Country.ListCountriesResponseTest" assertions="2" time="0.000072"/>
      <testcase name="test_has_raw_response" file="D:\digistore24-api\tests\Unit\Response\Country\ListCountriesResponseTest.php" line="45" class="GoSuccess\Digistore24\Api\Tests\Unit\Response\Country\ListCountriesResponseTest" classname="GoSuccess.Digistore24.Api.Tests.Unit.Response.Country.ListCountriesResponseTest" assertions="1" time="0.000073"/>
    </testsuite>
    <testsuite name="GoSuccess\Digistore24\Api\Tests\Unit\Response\Country\ListCurrenciesResponseTest" file="D:\digistore24-api\tests\Unit\Response\Country\ListCurrenciesResponseTest.php" tests="3" assertions="5" errors="0" failures="0" skipped="0" time="0.000806">
      <testcase name="test_can_create_from_array" file="D:\digistore24-api\tests\Unit\Response\Country\ListCurrenciesResponseTest.php" line="13" class="GoSuccess\Digistore24\Api\Tests\Unit\Response\Country\ListCurrenciesResponseTest" classname="GoSuccess.Digistore24.Api.Tests.Unit.Response.Country.ListCurrenciesResponseTest" assertions="2" time="0.000491"/>
      <testcase name="test_can_create_from_response" file="D:\digistore24-api\tests\Unit\Response\Country\ListCurrenciesResponseTest.php" line="39" class="GoSuccess\Digistore24\Api\Tests\Unit\Response\Country\ListCurrenciesResponseTest" classname="GoSuccess.Digistore24.Api.Tests.Unit.Response.Country.ListCurrenciesResponseTest" assertions="2" time="0.000184"/>
      <testcase name="test_has_raw_response" file="D:\digistore24-api\tests\Unit\Response\Country\ListCurrenciesResponseTest.php" line="63" class="GoSuccess\Digistore24\Api\Tests\Unit\Response\Country\ListCurrenciesResponseTest" classname="GoSuccess.Digistore24.Api.Tests.Unit.Response.Country.ListCurrenciesResponseTest" assertions="1" time="0.000131"/>
    </testsuite>
    <testsuite name="GoSuccess\Digistore24\Api\Tests\Unit\Response\CustomForm\ListCustomFormRecordsResponseTest" file="D:\digistore24-api\tests\Unit\Response\CustomForm\ListCustomFormRecordsResponseTest.php" tests="3" assertions="5" errors="0" failures="0" skipped="0" time="0.000560">
      <testcase name="test_can_create_from_array" file="D:\digistore24-api\tests\Unit\Response\CustomForm\ListCustomFormRecordsResponseTest.php" line="13" class="GoSuccess\Digistore24\Api\Tests\Unit\Response\CustomForm\ListCustomFormRecordsResponseTest" classname="GoSuccess.Digistore24.Api.Tests.Unit.Response.CustomForm.ListCustomFormRecordsResponseTest" assertions="2" time="0.000394"/>
      <testcase name="test_can_create_from_response" file="D:\digistore24-api\tests\Unit\Response\CustomForm\ListCustomFormRecordsResponseTest.php" line="36" class="GoSuccess\Digistore24\Api\Tests\Unit\Response\CustomForm\ListCustomFormRecordsResponseTest" classname="GoSuccess.Digistore24.Api.Tests.Unit.Response.CustomForm.ListCustomFormRecordsResponseTest" assertions="2" time="0.000087"/>
      <testcase name="test_has_raw_response" file="D:\digistore24-api\tests\Unit\Response\CustomForm\ListCustomFormRecordsResponseTest.php" line="63" class="GoSuccess\Digistore24\Api\Tests\Unit\Response\CustomForm\ListCustomFormRecordsResponseTest" classname="GoSuccess.Digistore24.Api.Tests.Unit.Response.CustomForm.ListCustomFormRecordsResponseTest" assertions="1" time="0.000079"/>
    </testsuite>
    <testsuite name="GoSuccess\Digistore24\Api\Tests\Unit\Response\Delivery\GetDeliveryResponseTest" file="D:\digistore24-api\tests\Unit\Response\Delivery\GetDeliveryResponseTest.php" tests="3" assertions="5" errors="0" failures="0" skipped="0" time="0.000505">
      <testcase name="test_can_create_from_array" file="D:\digistore24-api\tests\Unit\Response\Delivery\GetDeliveryResponseTest.php" line="13" class="GoSuccess\Digistore24\Api\Tests\Unit\Response\Delivery\GetDeliveryResponseTest" classname="GoSuccess.Digistore24.Api.Tests.Unit.Response.Delivery.GetDeliveryResponseTest" assertions="2" time="0.000365"/>
      <testcase name="test_can_create_from_response" file="D:\digistore24-api\tests\Unit\Response\Delivery\GetDeliveryResponseTest.php" line="28" class="GoSuccess\Digistore24\Api\Tests\Unit\Response\Delivery\GetDeliveryResponseTest" classname="GoSuccess.Digistore24.Api.Tests.Unit.Response.Delivery.GetDeliveryResponseTest" assertions="2" time="0.000073"/>
      <testcase name="test_has_raw_response" file="D:\digistore24-api\tests\Unit\Response\Delivery\GetDeliveryResponseTest.php" line="48" class="GoSuccess\Digistore24\Api\Tests\Unit\Response\Delivery\GetDeliveryResponseTest" classname="GoSuccess.Digistore24.Api.Tests.Unit.Response.Delivery.GetDeliveryResponseTest" assertions="1" time="0.000068"/>
    </testsuite>
    <testsuite name="GoSuccess\Digistore24\Api\Tests\Unit\Response\Delivery\ListDeliveriesResponseTest" file="D:\digistore24-api\tests\Unit\Response\Delivery\ListDeliveriesResponseTest.php" tests="3" assertions="5" errors="0" failures="0" skipped="0" time="0.000460">
      <testcase name="test_can_create_from_array" file="D:\digistore24-api\tests\Unit\Response\Delivery\ListDeliveriesResponseTest.php" line="13" class="GoSuccess\Digistore24\Api\Tests\Unit\Response\Delivery\ListDeliveriesResponseTest" classname="GoSuccess.Digistore24.Api.Tests.Unit.Response.Delivery.ListDeliveriesResponseTest" assertions="2" time="0.000285"/>
      <testcase name="test_can_create_from_response" file="D:\digistore24-api\tests\Unit\Response\Delivery\ListDeliveriesResponseTest.php" line="29" class="GoSuccess\Digistore24\Api\Tests\Unit\Response\Delivery\ListDeliveriesResponseTest" classname="GoSuccess.Digistore24.Api.Tests.Unit.Response.Delivery.ListDeliveriesResponseTest" assertions="2" time="0.000103"/>
      <testcase name="test_has_raw_response" file="D:\digistore24-api\tests\Unit\Response\Delivery\ListDeliveriesResponseTest.php" line="50" class="GoSuccess\Digistore24\Api\Tests\Unit\Response\Delivery\ListDeliveriesResponseTest" classname="GoSuccess.Digistore24.Api.Tests.Unit.Response.Delivery.ListDeliveriesResponseTest" assertions="1" time="0.000072"/>
    </testsuite>
    <testsuite name="GoSuccess\Digistore24\Api\Tests\Unit\Response\Delivery\UpdateDeliveryResponseTest" file="D:\digistore24-api\tests\Unit\Response\Delivery\UpdateDeliveryResponseTest.php" tests="3" assertions="6" errors="0" failures="0" skipped="0" time="0.000464">
      <testcase name="test_can_create_from_array" file="D:\digistore24-api\tests\Unit\Response\Delivery\UpdateDeliveryResponseTest.php" line="13" class="GoSuccess\Digistore24\Api\Tests\Unit\Response\Delivery\UpdateDeliveryResponseTest" classname="GoSuccess.Digistore24.Api.Tests.Unit.Response.Delivery.UpdateDeliveryResponseTest" assertions="3" time="0.000324"/>
      <testcase name="test_can_create_from_response" file="D:\digistore24-api\tests\Unit\Response\Delivery\UpdateDeliveryResponseTest.php" line="23" class="GoSuccess\Digistore24\Api\Tests\Unit\Response\Delivery\UpdateDeliveryResponseTest" classname="GoSuccess.Digistore24.Api.Tests.Unit.Response.Delivery.UpdateDeliveryResponseTest" assertions="2" time="0.000073"/>
      <testcase name="test_has_raw_response" file="D:\digistore24-api\tests\Unit\Response\Delivery\UpdateDeliveryResponseTest.php" line="38" class="GoSuccess\Digistore24\Api\Tests\Unit\Response\Delivery\UpdateDeliveryResponseTest" classname="GoSuccess.Digistore24.Api.Tests.Unit.Response.Delivery.UpdateDeliveryResponseTest" assertions="1" time="0.000067"/>
    </testsuite>
    <testsuite name="GoSuccess\Digistore24\Api\Tests\Unit\Response\Eticket\CreateEticketResponseTest" file="D:\digistore24-api\tests\Unit\Response\Eticket\CreateEticketResponseTest.php" tests="3" assertions="5" errors="0" failures="0" skipped="0" time="0.000537">
      <testcase name="test_can_create_from_array" file="D:\digistore24-api\tests\Unit\Response\Eticket\CreateEticketResponseTest.php" line="13" class="GoSuccess\Digistore24\Api\Tests\Unit\Response\Eticket\CreateEticketResponseTest" classname="GoSuccess.Digistore24.Api.Tests.Unit.Response.Eticket.CreateEticketResponseTest" assertions="2" time="0.000395"/>
      <testcase name="test_can_create_from_response" file="D:\digistore24-api\tests\Unit\Response\Eticket\CreateEticketResponseTest.php" line="35" class="GoSuccess\Digistore24\Api\Tests\Unit\Response\Eticket\CreateEticketResponseTest" classname="GoSuccess.Digistore24.Api.Tests.Unit.Response.Eticket.CreateEticketResponseTest" assertions="2" time="0.000074"/>
      <testcase name="test_has_raw_response" file="D:\digistore24-api\tests\Unit\Response\Eticket\CreateEticketResponseTest.php" line="58" class="GoSuccess\Digistore24\Api\Tests\Unit\Response\Eticket\CreateEticketResponseTest" classname="GoSuccess.Digistore24.Api.Tests.Unit.Response.Eticket.CreateEticketResponseTest" assertions="1" time="0.000068"/>
    </testsuite>
    <testsuite name="GoSuccess\Digistore24\Api\Tests\Unit\Response\Eticket\GetEticketResponseTest" file="D:\digistore24-api\tests\Unit\Response\Eticket\GetEticketResponseTest.php" tests="4" assertions="20" errors="0" failures="0" skipped="0" time="0.000626">
      <testcase name="test_can_create_from_array" file="D:\digistore24-api\tests\Unit\Response\Eticket\GetEticketResponseTest.php" line="14" class="GoSuccess\Digistore24\Api\Tests\Unit\Response\Eticket\GetEticketResponseTest" classname="GoSuccess.Digistore24.Api.Tests.Unit.Response.Eticket.GetEticketResponseTest" assertions="4" time="0.000387"/>
      <testcase name="test_can_create_from_response" file="D:\digistore24-api\tests\Unit\Response\Eticket\GetEticketResponseTest.php" line="43" class="GoSuccess\Digistore24\Api\Tests\Unit\Response\Eticket\GetEticketResponseTest" classname="GoSuccess.Digistore24.Api.Tests.Unit.Response.Eticket.GetEticketResponseTest" assertions="4" time="0.000082"/>
      <testcase name="test_eticket_detail_from_array" file="D:\digistore24-api\tests\Unit\Response\Eticket\GetEticketResponseTest.php" line="75" class="GoSuccess\Digistore24\Api\Tests\Unit\Response\Eticket\GetEticketResponseTest" classname="GoSuccess.Digistore24.Api.Tests.Unit.Response.Eticket.GetEticketResponseTest" assertions="9" time="0.000081"/>
      <testcase name="test_handles_validated_ticket" file="D:\digistore24-api\tests\Unit\Response\Eticket\GetEticketResponseTest.php" line="109" class="GoSuccess\Digistore24\Api\Tests\Unit\Response\Eticket\GetEticketResponseTest" classname="GoSuccess.Digistore24.Api.Tests.Unit.Response.Eticket.GetEticketResponseTest" assertions="3" time="0.000077"/>
    </testsuite>
    <testsuite name="GoSuccess\Digistore24\Api\Tests\Unit\Response\Eticket\GetEticketSettingsResponseTest" file="D:\digistore24-api\tests\Unit\Response\Eticket\GetEticketSettingsResponseTest.php" tests="3" assertions="6" errors="0" failures="0" skipped="0" time="0.000508">
      <testcase name="test_can_create_from_array" file="D:\digistore24-api\tests\Unit\Response\Eticket\GetEticketSettingsResponseTest.php" line="13" class="GoSuccess\Digistore24\Api\Tests\Unit\Response\Eticket\GetEticketSettingsResponseTest" classname="GoSuccess.Digistore24.Api.Tests.Unit.Response.Eticket.GetEticketSettingsResponseTest" assertions="3" time="0.000364"/>
      <testcase name="test_can_create_from_response" file="D:\digistore24-api\tests\Unit\Response\Eticket\GetEticketSettingsResponseTest.php" line="30" class="GoSuccess\Digistore24\Api\Tests\Unit\Response\Eticket\GetEticketSettingsResponseTest" classname="GoSuccess.Digistore24.Api.Tests.Unit.Response.Eticket.GetEticketSettingsResponseTest" assertions="2" time="0.000075"/>
      <testcase name="test_has_raw_response" file="D:\digistore24-api\tests\Unit\Response\Eticket\GetEticketSettingsResponseTest.php" line="48" class="GoSuccess\Digistore24\Api\Tests\Unit\Response\Eticket\GetEticketSettingsResponseTest" classname="GoSuccess.Digistore24.Api.Tests.Unit.Response.Eticket.GetEticketSettingsResponseTest" assertions="1" time="0.000069"/>
    </testsuite>
    <testsuite name="GoSuccess\Digistore24\Api\Tests\Unit\Response\Eticket\ListEticketLocationsResponseTest" file="D:\digistore24-api\tests\Unit\Response\Eticket\ListEticketLocationsResponseTest.php" tests="3" assertions="5" errors="0" failures="0" skipped="0" time="0.000492">
      <testcase name="test_can_create_from_array" file="D:\digistore24-api\tests\Unit\Response\Eticket\ListEticketLocationsResponseTest.php" line="13" class="GoSuccess\Digistore24\Api\Tests\Unit\Response\Eticket\ListEticketLocationsResponseTest" classname="GoSuccess.Digistore24.Api.Tests.Unit.Response.Eticket.ListEticketLocationsResponseTest" assertions="2" time="0.000349"/>
      <testcase name="test_can_create_from_response" file="D:\digistore24-api\tests\Unit\Response\Eticket\ListEticketLocationsResponseTest.php" line="32" class="GoSuccess\Digistore24\Api\Tests\Unit\Response\Eticket\ListEticketLocationsResponseTest" classname="GoSuccess.Digistore24.Api.Tests.Unit.Response.Eticket.ListEticketLocationsResponseTest" assertions="2" time="0.000074"/>
      <testcase name="test_has_raw_response" file="D:\digistore24-api\tests\Unit\Response\Eticket\ListEticketLocationsResponseTest.php" line="54" class="GoSuccess\Digistore24\Api\Tests\Unit\Response\Eticket\ListEticketLocationsResponseTest" classname="GoSuccess.Digistore24.Api.Tests.Unit.Response.Eticket.ListEticketLocationsResponseTest" assertions="1" time="0.000068"/>
    </testsuite>
    <testsuite name="GoSuccess\Digistore24\Api\Tests\Unit\Response\Eticket\ListEticketTemplatesResponseTest" file="D:\digistore24-api\tests\Unit\Response\Eticket\ListEticketTemplatesResponseTest.php" tests="3" assertions="5" errors="0" failures="0" skipped="0" time="0.000486">
      <testcase name="test_can_create_from_array" file="D:\digistore24-api\tests\Unit\Response\Eticket\ListEticketTemplatesResponseTest.php" line="13" class="GoSuccess\Digistore24\Api\Tests\Unit\Response\Eticket\ListEticketTemplatesResponseTest" classname="GoSuccess.Digistore24.Api.Tests.Unit.Response.Eticket.ListEticketTemplatesResponseTest" assertions="2" time="0.000343"/>
      <testcase name="test_can_create_from_response" file="D:\digistore24-api\tests\Unit\Response\Eticket\ListEticketTemplatesResponseTest.php" line="31" class="GoSuccess\Digistore24\Api\Tests\Unit\Response\Eticket\ListEticketTemplatesResponseTest" classname="GoSuccess.Digistore24.Api.Tests.Unit.Response.Eticket.ListEticketTemplatesResponseTest" assertions="2" time="0.000074"/>
      <testcase name="test_has_raw_response" file="D:\digistore24-api\tests\Unit\Response\Eticket\ListEticketTemplatesResponseTest.php" line="53" class="GoSuccess\Digistore24\Api\Tests\Unit\Response\Eticket\ListEticketTemplatesResponseTest" classname="GoSuccess.Digistore24.Api.Tests.Unit.Response.Eticket.ListEticketTemplatesResponseTest" assertions="1" time="0.000069"/>
    </testsuite>
    <testsuite name="GoSuccess\Digistore24\Api\Tests\Unit\Response\Eticket\ListEticketsResponseTest" file="D:\digistore24-api\tests\Unit\Response\Eticket\ListEticketsResponseTest.php" tests="7" assertions="26" errors="0" failures="0" skipped="0" time="0.000861">
      <testcase name="test_can_create_from_array_with_tickets" file="D:\digistore24-api\tests\Unit\Response\Eticket\ListEticketsResponseTest.php" line="14" class="GoSuccess\Digistore24\Api\Tests\Unit\Response\Eticket\ListEticketsResponseTest" classname="GoSuccess.Digistore24.Api.Tests.Unit.Response.Eticket.ListEticketsResponseTest" assertions="4" time="0.000363"/>
      <testcase name="test_can_create_from_response" file="D:\digistore24-api\tests\Unit\Response\Eticket\ListEticketsResponseTest.php" line="46" class="GoSuccess\Digistore24\Api\Tests\Unit\Response\Eticket\ListEticketsResponseTest" classname="GoSuccess.Digistore24.Api.Tests.Unit.Response.Eticket.ListEticketsResponseTest" assertions="4" time="0.000080"/>
      <testcase name="test_handles_empty_tickets_array" file="D:\digistore24-api\tests\Unit\Response\Eticket\ListEticketsResponseTest.php" line="81" class="GoSuccess\Digistore24\Api\Tests\Unit\Response\Eticket\ListEticketsResponseTest" classname="GoSuccess.Digistore24.Api.Tests.Unit.Response.Eticket.ListEticketsResponseTest" assertions="2" time="0.000109"/>
      <testcase name="test_handles_missing_tickets_key" file="D:\digistore24-api\tests\Unit\Response\Eticket\ListEticketsResponseTest.php" line="94" class="GoSuccess\Digistore24\Api\Tests\Unit\Response\Eticket\ListEticketsResponseTest" classname="GoSuccess.Digistore24.Api.Tests.Unit.Response.Eticket.ListEticketsResponseTest" assertions="2" time="0.000075"/>
      <testcase name="test_total_count_defaults_to_array_count" file="D:\digistore24-api\tests\Unit\Response\Eticket\ListEticketsResponseTest.php" line="104" class="GoSuccess\Digistore24\Api\Tests\Unit\Response\Eticket\ListEticketsResponseTest" classname="GoSuccess.Digistore24.Api.Tests.Unit.Response.Eticket.ListEticketsResponseTest" assertions="1" time="0.000074"/>
      <testcase name="test_eticket_list_item_from_array" file="D:\digistore24-api\tests\Unit\Response\Eticket\ListEticketsResponseTest.php" line="133" class="GoSuccess\Digistore24\Api\Tests\Unit\Response\Eticket\ListEticketsResponseTest" classname="GoSuccess.Digistore24.Api.Tests.Unit.Response.Eticket.ListEticketsResponseTest" assertions="7" time="0.000077"/>
      <testcase name="test_handles_multiple_tickets" file="D:\digistore24-api\tests\Unit\Response\Eticket\ListEticketsResponseTest.php" line="163" class="GoSuccess\Digistore24\Api\Tests\Unit\Response\Eticket\ListEticketsResponseTest" classname="GoSuccess.Digistore24.Api.Tests.Unit.Response.Eticket.ListEticketsResponseTest" assertions="6" time="0.000082"/>
    </testsuite>
    <testsuite name="GoSuccess\Digistore24\Api\Tests\Unit\Response\Eticket\ValidateEticketResponseTest" file="D:\digistore24-api\tests\Unit\Response\Eticket\ValidateEticketResponseTest.php" tests="6" assertions="25" errors="0" failures="0" skipped="0" time="0.000683">
      <testcase name="test_can_create_from_array" file="D:\digistore24-api\tests\Unit\Response\Eticket\ValidateEticketResponseTest.php" line="13" class="GoSuccess\Digistore24\Api\Tests\Unit\Response\Eticket\ValidateEticketResponseTest" classname="GoSuccess.Digistore24.Api.Tests.Unit.Response.Eticket.ValidateEticketResponseTest" assertions="8" time="0.000320"/>
      <testcase name="test_can_create_from_response" file="D:\digistore24-api\tests\Unit\Response\Eticket\ValidateEticketResponseTest.php" line="38" class="GoSuccess\Digistore24\Api\Tests\Unit\Response\Eticket\ValidateEticketResponseTest" classname="GoSuccess.Digistore24.Api.Tests.Unit.Response.Eticket.ValidateEticketResponseTest" assertions="6" time="0.000079"/>
      <testcase name="test_handles_already_validated_ticket" file="D:\digistore24-api\tests\Unit\Response\Eticket\ValidateEticketResponseTest.php" line="64" class="GoSuccess\Digistore24\Api\Tests\Unit\Response\Eticket\ValidateEticketResponseTest" classname="GoSuccess.Digistore24.Api.Tests.Unit.Response.Eticket.ValidateEticketResponseTest" assertions="3" time="0.000070"/>
      <testcase name="test_handles_failed_validation" file="D:\digistore24-api\tests\Unit\Response\Eticket\ValidateEticketResponseTest.php" line="84" class="GoSuccess\Digistore24\Api\Tests\Unit\Response\Eticket\ValidateEticketResponseTest" classname="GoSuccess.Digistore24.Api.Tests.Unit.Response.Eticket.ValidateEticketResponseTest" assertions="3" time="0.000071"/>
      <testcase name="test_handles_missing_optional_fields" file="D:\digistore24-api\tests\Unit\Response\Eticket\ValidateEticketResponseTest.php" line="104" class="GoSuccess\Digistore24\Api\Tests\Unit\Response\Eticket\ValidateEticketResponseTest" classname="GoSuccess.Digistore24.Api.Tests.Unit.Response.Eticket.ValidateEticketResponseTest" assertions="3" time="0.000070"/>
      <testcase name="test_validated_at_is_datetime_interface" file="D:\digistore24-api\tests\Unit\Response\Eticket\ValidateEticketResponseTest.php" line="121" class="GoSuccess\Digistore24\Api\Tests\Unit\Response\Eticket\ValidateEticketResponseTest" classname="GoSuccess.Digistore24.Api.Tests.Unit.Response.Eticket.ValidateEticketResponseTest" assertions="2" time="0.000073"/>
    </testsuite>
    <testsuite name="GoSuccess\Digistore24\Api\Tests\Unit\Response\Fraud\ReportFraudResponseTest" file="D:\digistore24-api\tests\Unit\Response\Fraud\ReportFraudResponseTest.php" tests="3" assertions="7" errors="0" failures="0" skipped="0" time="0.000500">
      <testcase name="test_can_create_from_array" file="D:\digistore24-api\tests\Unit\Response\Fraud\ReportFraudResponseTest.php" line="13" class="GoSuccess\Digistore24\Api\Tests\Unit\Response\Fraud\ReportFraudResponseTest" classname="GoSuccess.Digistore24.Api.Tests.Unit.Response.Fraud.ReportFraudResponseTest" assertions="4" time="0.000362"/>
      <testcase name="test_can_create_from_response" file="D:\digistore24-api\tests\Unit\Response\Fraud\ReportFraudResponseTest.php" line="34" class="GoSuccess\Digistore24\Api\Tests\Unit\Response\Fraud\ReportFraudResponseTest" classname="GoSuccess.Digistore24.Api.Tests.Unit.Response.Fraud.ReportFraudResponseTest" assertions="2" time="0.000071"/>
      <testcase name="test_has_raw_response" file="D:\digistore24-api\tests\Unit\Response\Fraud\ReportFraudResponseTest.php" line="59" class="GoSuccess\Digistore24\Api\Tests\Unit\Response\Fraud\ReportFraudResponseTest" classname="GoSuccess.Digistore24.Api.Tests.Unit.Response.Fraud.ReportFraudResponseTest" assertions="1" time="0.000067"/>
    </testsuite>
    <testsuite name="GoSuccess\Digistore24\Api\Tests\Unit\Response\Image\CreateImageResponseTest" file="D:\digistore24-api\tests\Unit\Response\Image\CreateImageResponseTest.php" tests="3" assertions="6" errors="0" failures="0" skipped="0" time="0.000482">
      <testcase name="test_can_create_from_array" file="D:\digistore24-api\tests\Unit\Response\Image\CreateImageResponseTest.php" line="13" class="GoSuccess\Digistore24\Api\Tests\Unit\Response\Image\CreateImageResponseTest" classname="GoSuccess.Digistore24.Api.Tests.Unit.Response.Image.CreateImageResponseTest" assertions="3" time="0.000343"/>
      <testcase name="test_can_create_from_response" file="D:\digistore24-api\tests\Unit\Response\Image\CreateImageResponseTest.php" line="26" class="GoSuccess\Digistore24\Api\Tests\Unit\Response\Image\CreateImageResponseTest" classname="GoSuccess.Digistore24.Api.Tests.Unit.Response.Image.CreateImageResponseTest" assertions="2" time="0.000071"/>
      <testcase name="test_has_raw_response" file="D:\digistore24-api\tests\Unit\Response\Image\CreateImageResponseTest.php" line="44" class="GoSuccess\Digistore24\Api\Tests\Unit\Response\Image\CreateImageResponseTest" classname="GoSuccess.Digistore24.Api.Tests.Unit.Response.Image.CreateImageResponseTest" assertions="1" time="0.000067"/>
    </testsuite>
    <testsuite name="GoSuccess\Digistore24\Api\Tests\Unit\Response\Image\DeleteImageResponseTest" file="D:\digistore24-api\tests\Unit\Response\Image\DeleteImageResponseTest.php" tests="3" assertions="6" errors="0" failures="0" skipped="0" time="0.000420">
      <testcase name="test_can_create_from_array" file="D:\digistore24-api\tests\Unit\Response\Image\DeleteImageResponseTest.php" line="13" class="GoSuccess\Digistore24\Api\Tests\Unit\Response\Image\DeleteImageResponseTest" classname="GoSuccess.Digistore24.Api.Tests.Unit.Response.Image.DeleteImageResponseTest" assertions="3" time="0.000284"/>
      <testcase name="test_can_create_from_response" file="D:\digistore24-api\tests\Unit\Response\Image\DeleteImageResponseTest.php" line="27" class="GoSuccess\Digistore24\Api\Tests\Unit\Response\Image\DeleteImageResponseTest" classname="GoSuccess.Digistore24.Api.Tests.Unit.Response.Image.DeleteImageResponseTest" assertions="2" time="0.000070"/>
      <testcase name="test_has_raw_response" file="D:\digistore24-api\tests\Unit\Response\Image\DeleteImageResponseTest.php" line="45" class="GoSuccess\Digistore24\Api\Tests\Unit\Response\Image\DeleteImageResponseTest" classname="GoSuccess.Digistore24.Api.Tests.Unit.Response.Image.DeleteImageResponseTest" assertions="1" time="0.000066"/>
    </testsuite>
    <testsuite name="GoSuccess\Digistore24\Api\Tests\Unit\Response\Image\GetImageResponseTest" file="D:\digistore24-api\tests\Unit\Response\Image\GetImageResponseTest.php" tests="3" assertions="6" errors="0" failures="0" skipped="0" time="0.000453">
      <testcase name="test_can_create_from_array" file="D:\digistore24-api\tests\Unit\Response\Image\GetImageResponseTest.php" line="13" class="GoSuccess\Digistore24\Api\Tests\Unit\Response\Image\GetImageResponseTest" classname="GoSuccess.Digistore24.Api.Tests.Unit.Response.Image.GetImageResponseTest" assertions="3" time="0.000291"/>
      <testcase name="test_can_create_from_response" file="D:\digistore24-api\tests\Unit\Response\Image\GetImageResponseTest.php" line="30" class="GoSuccess\Digistore24\Api\Tests\Unit\Response\Image\GetImageResponseTest" classname="GoSuccess.Digistore24.Api.Tests.Unit.Response.Image.GetImageResponseTest" assertions="2" time="0.000084"/>
      <testcase name="test_has_raw_response" file="D:\digistore24-api\tests\Unit\Response\Image\GetImageResponseTest.php" line="50" class="GoSuccess\Digistore24\Api\Tests\Unit\Response\Image\GetImageResponseTest" classname="GoSuccess.Digistore24.Api.Tests.Unit.Response.Image.GetImageResponseTest" assertions="1" time="0.000078"/>
    </testsuite>
    <testsuite name="GoSuccess\Digistore24\Api\Tests\Unit\Response\Image\ListImagesResponseTest" file="D:\digistore24-api\tests\Unit\Response\Image\ListImagesResponseTest.php" tests="3" assertions="6" errors="0" failures="0" skipped="0" time="0.000491">
      <testcase name="test_can_create_from_array" file="D:\digistore24-api\tests\Unit\Response\Image\ListImagesResponseTest.php" line="13" class="GoSuccess\Digistore24\Api\Tests\Unit\Response\Image\ListImagesResponseTest" classname="GoSuccess.Digistore24.Api.Tests.Unit.Response.Image.ListImagesResponseTest" assertions="3" time="0.000338"/>
      <testcase name="test_can_create_from_response" file="D:\digistore24-api\tests\Unit\Response\Image\ListImagesResponseTest.php" line="41" class="GoSuccess\Digistore24\Api\Tests\Unit\Response\Image\ListImagesResponseTest" classname="GoSuccess.Digistore24.Api.Tests.Unit.Response.Image.ListImagesResponseTest" assertions="2" time="0.000084"/>
      <testcase name="test_has_raw_response" file="D:\digistore24-api\tests\Unit\Response\Image\ListImagesResponseTest.php" line="66" class="GoSuccess\Digistore24\Api\Tests\Unit\Response\Image\ListImagesResponseTest" classname="GoSuccess.Digistore24.Api.Tests.Unit.Response.Image.ListImagesResponseTest" assertions="1" time="0.000069"/>
    </testsuite>
    <testsuite name="GoSuccess\Digistore24\Api\Tests\Unit\Response\Invoice\ListInvoicesResponseTest" file="D:\digistore24-api\tests\Unit\Response\Invoice\ListInvoicesResponseTest.php" tests="3" assertions="6" errors="0" failures="0" skipped="0" time="0.000505">
      <testcase name="test_can_create_from_array" file="D:\digistore24-api\tests\Unit\Response\Invoice\ListInvoicesResponseTest.php" line="13" class="GoSuccess\Digistore24\Api\Tests\Unit\Response\Invoice\ListInvoicesResponseTest" classname="GoSuccess.Digistore24.Api.Tests.Unit.Response.Invoice.ListInvoicesResponseTest" assertions="3" time="0.000365"/>
      <testcase name="test_can_create_from_response" file="D:\digistore24-api\tests\Unit\Response\Invoice\ListInvoicesResponseTest.php" line="39" class="GoSuccess\Digistore24\Api\Tests\Unit\Response\Invoice\ListInvoicesResponseTest" classname="GoSuccess.Digistore24.Api.Tests.Unit.Response.Invoice.ListInvoicesResponseTest" assertions="2" time="0.000073"/>
      <testcase name="test_has_raw_response" file="D:\digistore24-api\tests\Unit\Response\Invoice\ListInvoicesResponseTest.php" line="64" class="GoSuccess\Digistore24\Api\Tests\Unit\Response\Invoice\ListInvoicesResponseTest" classname="GoSuccess.Digistore24.Api.Tests.Unit.Response.Invoice.ListInvoicesResponseTest" assertions="1" time="0.000067"/>
    </testsuite>
    <testsuite name="GoSuccess\Digistore24\Api\Tests\Unit\Response\Invoice\ResendInvoiceMailResponseTest" file="D:\digistore24-api\tests\Unit\Response\Invoice\ResendInvoiceMailResponseTest.php" tests="3" assertions="6" errors="0" failures="0" skipped="0" time="0.000559">
      <testcase name="test_can_create_from_array" file="D:\digistore24-api\tests\Unit\Response\Invoice\ResendInvoiceMailResponseTest.php" line="13" class="GoSuccess\Digistore24\Api\Tests\Unit\Response\Invoice\ResendInvoiceMailResponseTest" classname="GoSuccess.Digistore24.Api.Tests.Unit.Response.Invoice.ResendInvoiceMailResponseTest" assertions="3" time="0.000421"/>
      <testcase name="test_can_create_from_response" file="D:\digistore24-api\tests\Unit\Response\Invoice\ResendInvoiceMailResponseTest.php" line="28" class="GoSuccess\Digistore24\Api\Tests\Unit\Response\Invoice\ResendInvoiceMailResponseTest" classname="GoSuccess.Digistore24.Api.Tests.Unit.Response.Invoice.ResendInvoiceMailResponseTest" assertions="2" time="0.000071"/>
      <testcase name="test_has_raw_response" file="D:\digistore24-api\tests\Unit\Response\Invoice\ResendInvoiceMailResponseTest.php" line="48" class="GoSuccess\Digistore24\Api\Tests\Unit\Response\Invoice\ResendInvoiceMailResponseTest" classname="GoSuccess.Digistore24.Api.Tests.Unit.Response.Invoice.ResendInvoiceMailResponseTest" assertions="1" time="0.000067"/>
    </testsuite>
    <testsuite name="GoSuccess\Digistore24\Api\Tests\Unit\Response\Ipn\IpnDeleteResponseTest" file="D:\digistore24-api\tests\Unit\Response\Ipn\IpnDeleteResponseTest.php" tests="3" assertions="6" errors="0" failures="0" skipped="0" time="0.000689">
      <testcase name="test_can_create_from_array" file="D:\digistore24-api\tests\Unit\Response\Ipn\IpnDeleteResponseTest.php" line="13" class="GoSuccess\Digistore24\Api\Tests\Unit\Response\Ipn\IpnDeleteResponseTest" classname="GoSuccess.Digistore24.Api.Tests.Unit.Response.Ipn.IpnDeleteResponseTest" assertions="3" time="0.000549"/>
      <testcase name="test_can_create_from_response" file="D:\digistore24-api\tests\Unit\Response\Ipn\IpnDeleteResponseTest.php" line="25" class="GoSuccess\Digistore24\Api\Tests\Unit\Response\Ipn\IpnDeleteResponseTest" classname="GoSuccess.Digistore24.Api.Tests.Unit.Response.Ipn.IpnDeleteResponseTest" assertions="2" time="0.000071"/>
      <testcase name="test_has_raw_response" file="D:\digistore24-api\tests\Unit\Response\Ipn\IpnDeleteResponseTest.php" line="42" class="GoSuccess\Digistore24\Api\Tests\Unit\Response\Ipn\IpnDeleteResponseTest" classname="GoSuccess.Digistore24.Api.Tests.Unit.Response.Ipn.IpnDeleteResponseTest" assertions="1" time="0.000069"/>
    </testsuite>
    <testsuite name="GoSuccess\Digistore24\Api\Tests\Unit\Response\Ipn\IpnInfoResponseTest" file="D:\digistore24-api\tests\Unit\Response\Ipn\IpnInfoResponseTest.php" tests="3" assertions="6" errors="0" failures="0" skipped="0" time="0.000505">
      <testcase name="test_can_create_from_array" file="D:\digistore24-api\tests\Unit\Response\Ipn\IpnInfoResponseTest.php" line="13" class="GoSuccess\Digistore24\Api\Tests\Unit\Response\Ipn\IpnInfoResponseTest" classname="GoSuccess.Digistore24.Api.Tests.Unit.Response.Ipn.IpnInfoResponseTest" assertions="3" time="0.000355"/>
      <testcase name="test_can_create_from_response" file="D:\digistore24-api\tests\Unit\Response\Ipn\IpnInfoResponseTest.php" line="29" class="GoSuccess\Digistore24\Api\Tests\Unit\Response\Ipn\IpnInfoResponseTest" classname="GoSuccess.Digistore24.Api.Tests.Unit.Response.Ipn.IpnInfoResponseTest" assertions="2" time="0.000081"/>
      <testcase name="test_has_raw_response" file="D:\digistore24-api\tests\Unit\Response\Ipn\IpnInfoResponseTest.php" line="49" class="GoSuccess\Digistore24\Api\Tests\Unit\Response\Ipn\IpnInfoResponseTest" classname="GoSuccess.Digistore24.Api.Tests.Unit.Response.Ipn.IpnInfoResponseTest" assertions="1" time="0.000068"/>
    </testsuite>
    <testsuite name="GoSuccess\Digistore24\Api\Tests\Unit\Response\Ipn\IpnSetupResponseTest" file="D:\digistore24-api\tests\Unit\Response\Ipn\IpnSetupResponseTest.php" tests="3" assertions="6" errors="0" failures="0" skipped="0" time="0.000454">
      <testcase name="test_can_create_from_array" file="D:\digistore24-api\tests\Unit\Response\Ipn\IpnSetupResponseTest.php" line="13" class="GoSuccess\Digistore24\Api\Tests\Unit\Response\Ipn\IpnSetupResponseTest" classname="GoSuccess.Digistore24.Api.Tests.Unit.Response.Ipn.IpnSetupResponseTest" assertions="3" time="0.000313"/>
      <testcase name="test_can_create_from_response" file="D:\digistore24-api\tests\Unit\Response\Ipn\IpnSetupResponseTest.php" line="29" class="GoSuccess\Digistore24\Api\Tests\Unit\Response\Ipn\IpnSetupResponseTest" classname="GoSuccess.Digistore24.Api.Tests.Unit.Response.Ipn.IpnSetupResponseTest" assertions="2" time="0.000073"/>
      <testcase name="test_has_raw_response" file="D:\digistore24-api\tests\Unit\Response\Ipn\IpnSetupResponseTest.php" line="49" class="GoSuccess\Digistore24\Api\Tests\Unit\Response\Ipn\IpnSetupResponseTest" classname="GoSuccess.Digistore24.Api.Tests.Unit.Response.Ipn.IpnSetupResponseTest" assertions="1" time="0.000068"/>
    </testsuite>
    <testsuite name="GoSuccess\Digistore24\Api\Tests\Unit\Response\License\ValidateLicenseKeyResponseTest" file="D:\digistore24-api\tests\Unit\Response\License\ValidateLicenseKeyResponseTest.php" tests="3" assertions="7" errors="0" failures="0" skipped="0" time="0.000617">
      <testcase name="test_can_create_from_array" file="D:\digistore24-api\tests\Unit\Response\License\ValidateLicenseKeyResponseTest.php" line="13" class="GoSuccess\Digistore24\Api\Tests\Unit\Response\License\ValidateLicenseKeyResponseTest" classname="GoSuccess.Digistore24.Api.Tests.Unit.Response.License.ValidateLicenseKeyResponseTest" assertions="4" time="0.000473"/>
      <testcase name="test_can_create_from_response" file="D:\digistore24-api\tests\Unit\Response\License\ValidateLicenseKeyResponseTest.php" line="38" class="GoSuccess\Digistore24\Api\Tests\Unit\Response\License\ValidateLicenseKeyResponseTest" classname="GoSuccess.Digistore24.Api.Tests.Unit.Response.License.ValidateLicenseKeyResponseTest" assertions="2" time="0.000077"/>
      <testcase name="test_has_raw_response" file="D:\digistore24-api\tests\Unit\Response\License\ValidateLicenseKeyResponseTest.php" line="64" class="GoSuccess\Digistore24\Api\Tests\Unit\Response\License\ValidateLicenseKeyResponseTest" classname="GoSuccess.Digistore24.Api.Tests.Unit.Response.License.ValidateLicenseKeyResponseTest" assertions="1" time="0.000068"/>
    </testsuite>
    <testsuite name="GoSuccess\Digistore24\Api\Tests\Unit\Response\Marketplace\GetMarketplaceEntryResponseTest" file="D:\digistore24-api\tests\Unit\Response\Marketplace\GetMarketplaceEntryResponseTest.php" tests="3" assertions="6" errors="0" failures="0" skipped="0" time="0.000506">
      <testcase name="test_can_create_from_array" file="D:\digistore24-api\tests\Unit\Response\Marketplace\GetMarketplaceEntryResponseTest.php" line="13" class="GoSuccess\Digistore24\Api\Tests\Unit\Response\Marketplace\GetMarketplaceEntryResponseTest" classname="GoSuccess.Digistore24.Api.Tests.Unit.Response.Marketplace.GetMarketplaceEntryResponseTest" assertions="3" time="0.000354"/>
      <testcase name="test_can_create_from_response" file="D:\digistore24-api\tests\Unit\Response\Marketplace\GetMarketplaceEntryResponseTest.php" line="31" class="GoSuccess\Digistore24\Api\Tests\Unit\Response\Marketplace\GetMarketplaceEntryResponseTest" classname="GoSuccess.Digistore24.Api.Tests.Unit.Response.Marketplace.GetMarketplaceEntryResponseTest" assertions="2" time="0.000072"/>
      <testcase name="test_has_raw_response" file="D:\digistore24-api\tests\Unit\Response\Marketplace\GetMarketplaceEntryResponseTest.php" line="52" class="GoSuccess\Digistore24\Api\Tests\Unit\Response\Marketplace\GetMarketplaceEntryResponseTest" classname="GoSuccess.Digistore24.Api.Tests.Unit.Response.Marketplace.GetMarketplaceEntryResponseTest" assertions="1" time="0.000079"/>
    </testsuite>
    <testsuite name="GoSuccess\Digistore24\Api\Tests\Unit\Response\Marketplace\ListMarketplaceEntriesResponseTest" file="D:\digistore24-api\tests\Unit\Response\Marketplace\ListMarketplaceEntriesResponseTest.php" tests="3" assertions="5" errors="0" failures="0" skipped="0" time="0.000489">
      <testcase name="test_can_create_from_array" file="D:\digistore24-api\tests\Unit\Response\Marketplace\ListMarketplaceEntriesResponseTest.php" line="13" class="GoSuccess\Digistore24\Api\Tests\Unit\Response\Marketplace\ListMarketplaceEntriesResponseTest" classname="GoSuccess.Digistore24.Api.Tests.Unit.Response.Marketplace.ListMarketplaceEntriesResponseTest" assertions="2" time="0.000347"/>
      <testcase name="test_can_create_from_response" file="D:\digistore24-api\tests\Unit\Response\Marketplace\ListMarketplaceEntriesResponseTest.php" line="37" class="GoSuccess\Digistore24\Api\Tests\Unit\Response\Marketplace\ListMarketplaceEntriesResponseTest" classname="GoSuccess.Digistore24.Api.Tests.Unit.Response.Marketplace.ListMarketplaceEntriesResponseTest" assertions="2" time="0.000074"/>
      <testcase name="test_has_raw_response" file="D:\digistore24-api\tests\Unit\Response\Marketplace\ListMarketplaceEntriesResponseTest.php" line="61" class="GoSuccess\Digistore24\Api\Tests\Unit\Response\Marketplace\ListMarketplaceEntriesResponseTest" classname="GoSuccess.Digistore24.Api.Tests.Unit.Response.Marketplace.ListMarketplaceEntriesResponseTest" assertions="1" time="0.000068"/>
    </testsuite>
    <testsuite name="GoSuccess\Digistore24\Api\Tests\Unit\Response\Marketplace\StatsMarketplaceResponseTest" file="D:\digistore24-api\tests\Unit\Response\Marketplace\StatsMarketplaceResponseTest.php" tests="3" assertions="6" errors="0" failures="0" skipped="0" time="0.000717">
      <testcase name="test_can_create_from_array" file="D:\digistore24-api\tests\Unit\Response\Marketplace\StatsMarketplaceResponseTest.php" line="13" class="GoSuccess\Digistore24\Api\Tests\Unit\Response\Marketplace\StatsMarketplaceResponseTest" classname="GoSuccess.Digistore24.Api.Tests.Unit.Response.Marketplace.StatsMarketplaceResponseTest" assertions="3" time="0.000547"/>
      <testcase name="test_can_create_from_response" file="D:\digistore24-api\tests\Unit\Response\Marketplace\StatsMarketplaceResponseTest.php" line="30" class="GoSuccess\Digistore24\Api\Tests\Unit\Response\Marketplace\StatsMarketplaceResponseTest" classname="GoSuccess.Digistore24.Api.Tests.Unit.Response.Marketplace.StatsMarketplaceResponseTest" assertions="2" time="0.000090"/>
      <testcase name="test_has_raw_response" file="D:\digistore24-api\tests\Unit\Response\Marketplace\StatsMarketplaceResponseTest.php" line="50" class="GoSuccess\Digistore24\Api\Tests\Unit\Response\Marketplace\StatsMarketplaceResponseTest" classname="GoSuccess.Digistore24.Api.Tests.Unit.Response.Marketplace.StatsMarketplaceResponseTest" assertions="1" time="0.000081"/>
    </testsuite>
    <testsuite name="GoSuccess\Digistore24\Api\Tests\Unit\Response\OrderForm\CreateOrderformResponseTest" file="D:\digistore24-api\tests\Unit\Response\OrderForm\CreateOrderformResponseTest.php" tests="3" assertions="6" errors="0" failures="0" skipped="0" time="0.000916">
      <testcase name="test_can_create_from_array" file="D:\digistore24-api\tests\Unit\Response\OrderForm\CreateOrderformResponseTest.php" line="13" class="GoSuccess\Digistore24\Api\Tests\Unit\Response\OrderForm\CreateOrderformResponseTest" classname="GoSuccess.Digistore24.Api.Tests.Unit.Response.OrderForm.CreateOrderformResponseTest" assertions="3" time="0.000700"/>
      <testcase name="test_can_create_from_response" file="D:\digistore24-api\tests\Unit\Response\OrderForm\CreateOrderformResponseTest.php" line="28" class="GoSuccess\Digistore24\Api\Tests\Unit\Response\OrderForm\CreateOrderformResponseTest" classname="GoSuccess.Digistore24.Api.Tests.Unit.Response.OrderForm.CreateOrderformResponseTest" assertions="2" time="0.000078"/>
      <testcase name="test_has_raw_response" file="D:\digistore24-api\tests\Unit\Response\OrderForm\CreateOrderformResponseTest.php" line="48" class="GoSuccess\Digistore24\Api\Tests\Unit\Response\OrderForm\CreateOrderformResponseTest" classname="GoSuccess.Digistore24.Api.Tests.Unit.Response.OrderForm.CreateOrderformResponseTest" assertions="1" time="0.000139"/>
    </testsuite>
    <testsuite name="GoSuccess\Digistore24\Api\Tests\Unit\Response\OrderForm\DeleteOrderformResponseTest" file="D:\digistore24-api\tests\Unit\Response\OrderForm\DeleteOrderformResponseTest.php" tests="3" assertions="6" errors="0" failures="0" skipped="0" time="0.000454">
      <testcase name="test_can_create_from_array" file="D:\digistore24-api\tests\Unit\Response\OrderForm\DeleteOrderformResponseTest.php" line="13" class="GoSuccess\Digistore24\Api\Tests\Unit\Response\OrderForm\DeleteOrderformResponseTest" classname="GoSuccess.Digistore24.Api.Tests.Unit.Response.OrderForm.DeleteOrderformResponseTest" assertions="3" time="0.000314"/>
      <testcase name="test_can_create_from_response" file="D:\digistore24-api\tests\Unit\Response\OrderForm\DeleteOrderformResponseTest.php" line="25" class="GoSuccess\Digistore24\Api\Tests\Unit\Response\OrderForm\DeleteOrderformResponseTest" classname="GoSuccess.Digistore24.Api.Tests.Unit.Response.OrderForm.DeleteOrderformResponseTest" assertions="2" time="0.000073"/>
      <testcase name="test_has_raw_response" file="D:\digistore24-api\tests\Unit\Response\OrderForm\DeleteOrderformResponseTest.php" line="42" class="GoSuccess\Digistore24\Api\Tests\Unit\Response\OrderForm\DeleteOrderformResponseTest" classname="GoSuccess.Digistore24.Api.Tests.Unit.Response.OrderForm.DeleteOrderformResponseTest" assertions="1" time="0.000068"/>
    </testsuite>
    <testsuite name="GoSuccess\Digistore24\Api\Tests\Unit\Response\OrderForm\GetOrderformMetasResponseTest" file="D:\digistore24-api\tests\Unit\Response\OrderForm\GetOrderformMetasResponseTest.php" tests="3" assertions="6" errors="0" failures="0" skipped="0" time="0.000455">
      <testcase name="test_can_create_from_array" file="D:\digistore24-api\tests\Unit\Response\OrderForm\GetOrderformMetasResponseTest.php" line="13" class="GoSuccess\Digistore24\Api\Tests\Unit\Response\OrderForm\GetOrderformMetasResponseTest" classname="GoSuccess.Digistore24.Api.Tests.Unit.Response.OrderForm.GetOrderformMetasResponseTest" assertions="3" time="0.000298"/>
      <testcase name="test_can_create_from_response" file="D:\digistore24-api\tests\Unit\Response\OrderForm\GetOrderformMetasResponseTest.php" line="29" class="GoSuccess\Digistore24\Api\Tests\Unit\Response\OrderForm\GetOrderformMetasResponseTest" classname="GoSuccess.Digistore24.Api.Tests.Unit.Response.OrderForm.GetOrderformMetasResponseTest" assertions="2" time="0.000073"/>
      <testcase name="test_has_raw_response" file="D:\digistore24-api\tests\Unit\Response\OrderForm\GetOrderformMetasResponseTest.php" line="49" class="GoSuccess\Digistore24\Api\Tests\Unit\Response\OrderForm\GetOrderformMetasResponseTest" classname="GoSuccess.Digistore24.Api.Tests.Unit.Response.OrderForm.GetOrderformMetasResponseTest" assertions="1" time="0.000083"/>
    </testsuite>
    <testsuite name="GoSuccess\Digistore24\Api\Tests\Unit\Response\OrderForm\GetOrderformResponseTest" file="D:\digistore24-api\tests\Unit\Response\OrderForm\GetOrderformResponseTest.php" tests="3" assertions="6" errors="0" failures="0" skipped="0" time="0.000426">
      <testcase name="test_can_create_from_array" file="D:\digistore24-api\tests\Unit\Response\OrderForm\GetOrderformResponseTest.php" line="13" class="GoSuccess\Digistore24\Api\Tests\Unit\Response\OrderForm\GetOrderformResponseTest" classname="GoSuccess.Digistore24.Api.Tests.Unit.Response.OrderForm.GetOrderformResponseTest" assertions="3" time="0.000286"/>
      <testcase name="test_can_create_from_response" file="D:\digistore24-api\tests\Unit\Response\OrderForm\GetOrderformResponseTest.php" line="30" class="GoSuccess\Digistore24\Api\Tests\Unit\Response\OrderForm\GetOrderformResponseTest" classname="GoSuccess.Digistore24.Api.Tests.Unit.Response.OrderForm.GetOrderformResponseTest" assertions="2" time="0.000072"/>
      <testcase name="test_has_raw_response" file="D:\digistore24-api\tests\Unit\Response\OrderForm\GetOrderformResponseTest.php" line="50" class="GoSuccess\Digistore24\Api\Tests\Unit\Response\OrderForm\GetOrderformResponseTest" classname="GoSuccess.Digistore24.Api.Tests.Unit.Response.OrderForm.GetOrderformResponseTest" assertions="1" time="0.000068"/>
    </testsuite>
    <testsuite name="GoSuccess\Digistore24\Api\Tests\Unit\Response\OrderForm\ListOrderformsResponseTest" file="D:\digistore24-api\tests\Unit\Response\OrderForm\ListOrderformsResponseTest.php" tests="3" assertions="5" errors="0" failures="0" skipped="0" time="0.000430">
      <testcase name="test_can_create_from_array" file="D:\digistore24-api\tests\Unit\Response\OrderForm\ListOrderformsResponseTest.php" line="13" class="GoSuccess\Digistore24\Api\Tests\Unit\Response\OrderForm\ListOrderformsResponseTest" classname="GoSuccess.Digistore24.Api.Tests.Unit.Response.OrderForm.ListOrderformsResponseTest" assertions="2" time="0.000293"/>
      <testcase name="test_can_create_from_response" file="D:\digistore24-api\tests\Unit\Response\OrderForm\ListOrderformsResponseTest.php" line="37" class="GoSuccess\Digistore24\Api\Tests\Unit\Response\OrderForm\ListOrderformsResponseTest" classname="GoSuccess.Digistore24.Api.Tests.Unit.Response.OrderForm.ListOrderformsResponseTest" assertions="2" time="0.000071"/>
      <testcase name="test_has_raw_response" file="D:\digistore24-api\tests\Unit\Response\OrderForm\ListOrderformsResponseTest.php" line="61" class="GoSuccess\Digistore24\Api\Tests\Unit\Response\OrderForm\ListOrderformsResponseTest" classname="GoSuccess.Digistore24.Api.Tests.Unit.Response.OrderForm.ListOrderformsResponseTest" assertions="1" time="0.000066"/>
    </testsuite>
    <testsuite name="GoSuccess\Digistore24\Api\Tests\Unit\Response\OrderForm\UpdateOrderformResponseTest" file="D:\digistore24-api\tests\Unit\Response\OrderForm\UpdateOrderformResponseTest.php" tests="3" assertions="6" errors="0" failures="0" skipped="0" time="0.000427">
      <testcase name="test_can_create_from_array" file="D:\digistore24-api\tests\Unit\Response\OrderForm\UpdateOrderformResponseTest.php" line="13" class="GoSuccess\Digistore24\Api\Tests\Unit\Response\OrderForm\UpdateOrderformResponseTest" classname="GoSuccess.Digistore24.Api.Tests.Unit.Response.OrderForm.UpdateOrderformResponseTest" assertions="3" time="0.000281"/>
      <testcase name="test_can_create_from_response" file="D:\digistore24-api\tests\Unit\Response\OrderForm\UpdateOrderformResponseTest.php" line="25" class="GoSuccess\Digistore24\Api\Tests\Unit\Response\OrderForm\UpdateOrderformResponseTest" classname="GoSuccess.Digistore24.Api.Tests.Unit.Response.OrderForm.UpdateOrderformResponseTest" assertions="2" time="0.000070"/>
      <testcase name="test_has_raw_response" file="D:\digistore24-api\tests\Unit\Response\OrderForm\UpdateOrderformResponseTest.php" line="42" class="GoSuccess\Digistore24\Api\Tests\Unit\Response\OrderForm\UpdateOrderformResponseTest" classname="GoSuccess.Digistore24.Api.Tests.Unit.Response.OrderForm.UpdateOrderformResponseTest" assertions="1" time="0.000075"/>
    </testsuite>
    <testsuite name="GoSuccess\Digistore24\Api\Tests\Unit\Response\PaymentPlan\CreatePaymentplanResponseTest" file="D:\digistore24-api\tests\Unit\Response\PaymentPlan\CreatePaymentplanResponseTest.php" tests="3" assertions="6" errors="0" failures="0" skipped="0" time="0.000471">
      <testcase name="test_can_create_from_array" file="D:\digistore24-api\tests\Unit\Response\PaymentPlan\CreatePaymentplanResponseTest.php" line="13" class="GoSuccess\Digistore24\Api\Tests\Unit\Response\PaymentPlan\CreatePaymentplanResponseTest" classname="GoSuccess.Digistore24.Api.Tests.Unit.Response.PaymentPlan.CreatePaymentplanResponseTest" assertions="3" time="0.000334"/>
      <testcase name="test_can_create_from_response" file="D:\digistore24-api\tests\Unit\Response\PaymentPlan\CreatePaymentplanResponseTest.php" line="28" class="GoSuccess\Digistore24\Api\Tests\Unit\Response\PaymentPlan\CreatePaymentplanResponseTest" classname="GoSuccess.Digistore24.Api.Tests.Unit.Response.PaymentPlan.CreatePaymentplanResponseTest" assertions="2" time="0.000070"/>
      <testcase name="test_has_raw_response" file="D:\digistore24-api\tests\Unit\Response\PaymentPlan\CreatePaymentplanResponseTest.php" line="48" class="GoSuccess\Digistore24\Api\Tests\Unit\Response\PaymentPlan\CreatePaymentplanResponseTest" classname="GoSuccess.Digistore24.Api.Tests.Unit.Response.PaymentPlan.CreatePaymentplanResponseTest" assertions="1" time="0.000067"/>
    </testsuite>
    <testsuite name="GoSuccess\Digistore24\Api\Tests\Unit\Response\PaymentPlan\DeletePaymentplanResponseTest" file="D:\digistore24-api\tests\Unit\Response\PaymentPlan\DeletePaymentplanResponseTest.php" tests="3" assertions="6" errors="0" failures="0" skipped="0" time="0.000430">
      <testcase name="test_can_create_from_array" file="D:\digistore24-api\tests\Unit\Response\PaymentPlan\DeletePaymentplanResponseTest.php" line="13" class="GoSuccess\Digistore24\Api\Tests\Unit\Response\PaymentPlan\DeletePaymentplanResponseTest" classname="GoSuccess.Digistore24.Api.Tests.Unit.Response.PaymentPlan.DeletePaymentplanResponseTest" assertions="3" time="0.000292"/>
      <testcase name="test_can_create_from_response" file="D:\digistore24-api\tests\Unit\Response\PaymentPlan\DeletePaymentplanResponseTest.php" line="25" class="GoSuccess\Digistore24\Api\Tests\Unit\Response\PaymentPlan\DeletePaymentplanResponseTest" classname="GoSuccess.Digistore24.Api.Tests.Unit.Response.PaymentPlan.DeletePaymentplanResponseTest" assertions="2" time="0.000071"/>
      <testcase name="test_has_raw_response" file="D:\digistore24-api\tests\Unit\Response\PaymentPlan\DeletePaymentplanResponseTest.php" line="42" class="GoSuccess\Digistore24\Api\Tests\Unit\Response\PaymentPlan\DeletePaymentplanResponseTest" classname="GoSuccess.Digistore24.Api.Tests.Unit.Response.PaymentPlan.DeletePaymentplanResponseTest" assertions="1" time="0.000068"/>
    </testsuite>
    <testsuite name="GoSuccess\Digistore24\Api\Tests\Unit\Response\PaymentPlan\ListPaymentPlansResponseTest" file="D:\digistore24-api\tests\Unit\Response\PaymentPlan\ListPaymentPlansResponseTest.php" tests="3" assertions="5" errors="0" failures="0" skipped="0" time="0.000426">
      <testcase name="test_can_create_from_array" file="D:\digistore24-api\tests\Unit\Response\PaymentPlan\ListPaymentPlansResponseTest.php" line="13" class="GoSuccess\Digistore24\Api\Tests\Unit\Response\PaymentPlan\ListPaymentPlansResponseTest" classname="GoSuccess.Digistore24.Api.Tests.Unit.Response.PaymentPlan.ListPaymentPlansResponseTest" assertions="2" time="0.000289"/>
      <testcase name="test_can_create_from_response" file="D:\digistore24-api\tests\Unit\Response\PaymentPlan\ListPaymentPlansResponseTest.php" line="37" class="GoSuccess\Digistore24\Api\Tests\Unit\Response\PaymentPlan\ListPaymentPlansResponseTest" classname="GoSuccess.Digistore24.Api.Tests.Unit.Response.PaymentPlan.ListPaymentPlansResponseTest" assertions="2" time="0.000070"/>
      <testcase name="test_has_raw_response" file="D:\digistore24-api\tests\Unit\Response\PaymentPlan\ListPaymentPlansResponseTest.php" line="61" class="GoSuccess\Digistore24\Api\Tests\Unit\Response\PaymentPlan\ListPaymentPlansResponseTest" classname="GoSuccess.Digistore24.Api.Tests.Unit.Response.PaymentPlan.ListPaymentPlansResponseTest" assertions="1" time="0.000066"/>
    </testsuite>
    <testsuite name="GoSuccess\Digistore24\Api\Tests\Unit\Response\PaymentPlan\UpdatePaymentplanResponseTest" file="D:\digistore24-api\tests\Unit\Response\PaymentPlan\UpdatePaymentplanResponseTest.php" tests="3" assertions="6" errors="0" failures="0" skipped="0" time="0.000421">
      <testcase name="test_can_create_from_array" file="D:\digistore24-api\tests\Unit\Response\PaymentPlan\UpdatePaymentplanResponseTest.php" line="13" class="GoSuccess\Digistore24\Api\Tests\Unit\Response\PaymentPlan\UpdatePaymentplanResponseTest" classname="GoSuccess.Digistore24.Api.Tests.Unit.Response.PaymentPlan.UpdatePaymentplanResponseTest" assertions="3" time="0.000285"/>
      <testcase name="test_can_create_from_response" file="D:\digistore24-api\tests\Unit\Response\PaymentPlan\UpdatePaymentplanResponseTest.php" line="25" class="GoSuccess\Digistore24\Api\Tests\Unit\Response\PaymentPlan\UpdatePaymentplanResponseTest" classname="GoSuccess.Digistore24.Api.Tests.Unit.Response.PaymentPlan.UpdatePaymentplanResponseTest" assertions="2" time="0.000070"/>
      <testcase name="test_has_raw_response" file="D:\digistore24-api\tests\Unit\Response\PaymentPlan\UpdatePaymentplanResponseTest.php" line="42" class="GoSuccess\Digistore24\Api\Tests\Unit\Response\PaymentPlan\UpdatePaymentplanResponseTest" classname="GoSuccess.Digistore24.Api.Tests.Unit.Response.PaymentPlan.UpdatePaymentplanResponseTest" assertions="1" time="0.000066"/>
    </testsuite>
    <testsuite name="GoSuccess\Digistore24\Api\Tests\Unit\Response\Payout\ListPayoutsResponseTest" file="D:\digistore24-api\tests\Unit\Response\Payout\ListPayoutsResponseTest.php" tests="3" assertions="5" errors="0" failures="0" skipped="0" time="0.000479">
      <testcase name="test_can_create_from_array" file="D:\digistore24-api\tests\Unit\Response\Payout\ListPayoutsResponseTest.php" line="13" class="GoSuccess\Digistore24\Api\Tests\Unit\Response\Payout\ListPayoutsResponseTest" classname="GoSuccess.Digistore24.Api.Tests.Unit.Response.Payout.ListPayoutsResponseTest" assertions="2" time="0.000321"/>
      <testcase name="test_can_create_from_response" file="D:\digistore24-api\tests\Unit\Response\Payout\ListPayoutsResponseTest.php" line="37" class="GoSuccess\Digistore24\Api\Tests\Unit\Response\Payout\ListPayoutsResponseTest" classname="GoSuccess.Digistore24.Api.Tests.Unit.Response.Payout.ListPayoutsResponseTest" assertions="2" time="0.000080"/>
      <testcase name="test_has_raw_response" file="D:\digistore24-api\tests\Unit\Response\Payout\ListPayoutsResponseTest.php" line="61" class="GoSuccess\Digistore24\Api\Tests\Unit\Response\Payout\ListPayoutsResponseTest" classname="GoSuccess.Digistore24.Api.Tests.Unit.Response.Payout.ListPayoutsResponseTest" assertions="1" time="0.000077"/>
    </testsuite>
    <testsuite name="GoSuccess\Digistore24\Api\Tests\Unit\Response\Payout\StatsExpectedPayoutsResponseTest" file="D:\digistore24-api\tests\Unit\Response\Payout\StatsExpectedPayoutsResponseTest.php" tests="3" assertions="6" errors="0" failures="0" skipped="0" time="0.000439">
      <testcase name="test_can_create_from_array" file="D:\digistore24-api\tests\Unit\Response\Payout\StatsExpectedPayoutsResponseTest.php" line="13" class="GoSuccess\Digistore24\Api\Tests\Unit\Response\Payout\StatsExpectedPayoutsResponseTest" classname="GoSuccess.Digistore24.Api.Tests.Unit.Response.Payout.StatsExpectedPayoutsResponseTest" assertions="3" time="0.000303"/>
      <testcase name="test_can_create_from_response" file="D:\digistore24-api\tests\Unit\Response\Payout\StatsExpectedPayoutsResponseTest.php" line="29" class="GoSuccess\Digistore24\Api\Tests\Unit\Response\Payout\StatsExpectedPayoutsResponseTest" classname="GoSuccess.Digistore24.Api.Tests.Unit.Response.Payout.StatsExpectedPayoutsResponseTest" assertions="2" time="0.000070"/>
      <testcase name="test_has_raw_response" file="D:\digistore24-api\tests\Unit\Response\Payout\StatsExpectedPayoutsResponseTest.php" line="49" class="GoSuccess\Digistore24\Api\Tests\Unit\Response\Payout\StatsExpectedPayoutsResponseTest" classname="GoSuccess.Digistore24.Api.Tests.Unit.Response.Payout.StatsExpectedPayoutsResponseTest" assertions="1" time="0.000066"/>
    </testsuite>
    <testsuite name="GoSuccess\Digistore24\Api\Tests\Unit\Response\ProductGroup\CreateProductGroupResponseTest" file="D:\digistore24-api\tests\Unit\Response\ProductGroup\CreateProductGroupResponseTest.php" tests="3" assertions="6" errors="0" failures="0" skipped="0" time="0.000474">
      <testcase name="test_can_create_from_array" file="D:\digistore24-api\tests\Unit\Response\ProductGroup\CreateProductGroupResponseTest.php" line="13" class="GoSuccess\Digistore24\Api\Tests\Unit\Response\ProductGroup\CreateProductGroupResponseTest" classname="GoSuccess.Digistore24.Api.Tests.Unit.Response.ProductGroup.CreateProductGroupResponseTest" assertions="3" time="0.000338"/>
      <testcase name="test_can_create_from_response" file="D:\digistore24-api\tests\Unit\Response\ProductGroup\CreateProductGroupResponseTest.php" line="28" class="GoSuccess\Digistore24\Api\Tests\Unit\Response\ProductGroup\CreateProductGroupResponseTest" classname="GoSuccess.Digistore24.Api.Tests.Unit.Response.ProductGroup.CreateProductGroupResponseTest" assertions="2" time="0.000070"/>
      <testcase name="test_has_raw_response" file="D:\digistore24-api\tests\Unit\Response\ProductGroup\CreateProductGroupResponseTest.php" line="48" class="GoSuccess\Digistore24\Api\Tests\Unit\Response\ProductGroup\CreateProductGroupResponseTest" classname="GoSuccess.Digistore24.Api.Tests.Unit.Response.ProductGroup.CreateProductGroupResponseTest" assertions="1" time="0.000066"/>
    </testsuite>
    <testsuite name="GoSuccess\Digistore24\Api\Tests\Unit\Response\ProductGroup\DeleteProductGroupResponseTest" file="D:\digistore24-api\tests\Unit\Response\ProductGroup\DeleteProductGroupResponseTest.php" tests="3" assertions="5" errors="0" failures="0" skipped="0" time="0.000426">
      <testcase name="test_can_create_from_array" file="D:\digistore24-api\tests\Unit\Response\ProductGroup\DeleteProductGroupResponseTest.php" line="13" class="GoSuccess\Digistore24\Api\Tests\Unit\Response\ProductGroup\DeleteProductGroupResponseTest" classname="GoSuccess.Digistore24.Api.Tests.Unit.Response.ProductGroup.DeleteProductGroupResponseTest" assertions="2" time="0.000286"/>
      <testcase name="test_can_create_from_response" file="D:\digistore24-api\tests\Unit\Response\ProductGroup\DeleteProductGroupResponseTest.php" line="24" class="GoSuccess\Digistore24\Api\Tests\Unit\Response\ProductGroup\DeleteProductGroupResponseTest" classname="GoSuccess.Digistore24.Api.Tests.Unit.Response.ProductGroup.DeleteProductGroupResponseTest" assertions="2" time="0.000071"/>
      <testcase name="test_has_raw_response" file="D:\digistore24-api\tests\Unit\Response\ProductGroup\DeleteProductGroupResponseTest.php" line="41" class="GoSuccess\Digistore24\Api\Tests\Unit\Response\ProductGroup\DeleteProductGroupResponseTest" classname="GoSuccess.Digistore24.Api.Tests.Unit.Response.ProductGroup.DeleteProductGroupResponseTest" assertions="1" time="0.000069"/>
    </testsuite>
    <testsuite name="GoSuccess\Digistore24\Api\Tests\Unit\Response\ProductGroup\GetProductGroupResponseTest" file="D:\digistore24-api\tests\Unit\Response\ProductGroup\GetProductGroupResponseTest.php" tests="3" assertions="6" errors="0" failures="0" skipped="0" time="0.000454">
      <testcase name="test_can_create_from_array" file="D:\digistore24-api\tests\Unit\Response\ProductGroup\GetProductGroupResponseTest.php" line="13" class="GoSuccess\Digistore24\Api\Tests\Unit\Response\ProductGroup\GetProductGroupResponseTest" classname="GoSuccess.Digistore24.Api.Tests.Unit.Response.ProductGroup.GetProductGroupResponseTest" assertions="3" time="0.000314"/>
      <testcase name="test_can_create_from_response" file="D:\digistore24-api\tests\Unit\Response\ProductGroup\GetProductGroupResponseTest.php" line="31" class="GoSuccess\Digistore24\Api\Tests\Unit\Response\ProductGroup\GetProductGroupResponseTest" classname="GoSuccess.Digistore24.Api.Tests.Unit.Response.ProductGroup.GetProductGroupResponseTest" assertions="2" time="0.000073"/>
      <testcase name="test_has_raw_response" file="D:\digistore24-api\tests\Unit\Response\ProductGroup\GetProductGroupResponseTest.php" line="53" class="GoSuccess\Digistore24\Api\Tests\Unit\Response\ProductGroup\GetProductGroupResponseTest" classname="GoSuccess.Digistore24.Api.Tests.Unit.Response.ProductGroup.GetProductGroupResponseTest" assertions="1" time="0.000067"/>
    </testsuite>
    <testsuite name="GoSuccess\Digistore24\Api\Tests\Unit\Response\ProductGroup\ListProductGroupsResponseTest" file="D:\digistore24-api\tests\Unit\Response\ProductGroup\ListProductGroupsResponseTest.php" tests="3" assertions="5" errors="0" failures="0" skipped="0" time="0.000433">
      <testcase name="test_can_create_from_array" file="D:\digistore24-api\tests\Unit\Response\ProductGroup\ListProductGroupsResponseTest.php" line="13" class="GoSuccess\Digistore24\Api\Tests\Unit\Response\ProductGroup\ListProductGroupsResponseTest" classname="GoSuccess.Digistore24.Api.Tests.Unit.Response.ProductGroup.ListProductGroupsResponseTest" assertions="2" time="0.000291"/>
      <testcase name="test_can_create_from_response" file="D:\digistore24-api\tests\Unit\Response\ProductGroup\ListProductGroupsResponseTest.php" line="37" class="GoSuccess\Digistore24\Api\Tests\Unit\Response\ProductGroup\ListProductGroupsResponseTest" classname="GoSuccess.Digistore24.Api.Tests.Unit.Response.ProductGroup.ListProductGroupsResponseTest" assertions="2" time="0.000073"/>
      <testcase name="test_has_raw_response" file="D:\digistore24-api\tests\Unit\Response\ProductGroup\ListProductGroupsResponseTest.php" line="61" class="GoSuccess\Digistore24\Api\Tests\Unit\Response\ProductGroup\ListProductGroupsResponseTest" classname="GoSuccess.Digistore24.Api.Tests.Unit.Response.ProductGroup.ListProductGroupsResponseTest" assertions="1" time="0.000069"/>
    </testsuite>
    <testsuite name="GoSuccess\Digistore24\Api\Tests\Unit\Response\ProductGroup\UpdateProductGroupResponseTest" file="D:\digistore24-api\tests\Unit\Response\ProductGroup\UpdateProductGroupResponseTest.php" tests="3" assertions="5" errors="0" failures="0" skipped="0" time="0.000437">
      <testcase name="test_can_create_from_array" file="D:\digistore24-api\tests\Unit\Response\ProductGroup\UpdateProductGroupResponseTest.php" line="13" class="GoSuccess\Digistore24\Api\Tests\Unit\Response\ProductGroup\UpdateProductGroupResponseTest" classname="GoSuccess.Digistore24.Api.Tests.Unit.Response.ProductGroup.UpdateProductGroupResponseTest" assertions="2" time="0.000297"/>
      <testcase name="test_can_create_from_response" file="D:\digistore24-api\tests\Unit\Response\ProductGroup\UpdateProductGroupResponseTest.php" line="24" class="GoSuccess\Digistore24\Api\Tests\Unit\Response\ProductGroup\UpdateProductGroupResponseTest" classname="GoSuccess.Digistore24.Api.Tests.Unit.Response.ProductGroup.UpdateProductGroupResponseTest" assertions="2" time="0.000072"/>
      <testcase name="test_has_raw_response" file="D:\digistore24-api\tests\Unit\Response\ProductGroup\UpdateProductGroupResponseTest.php" line="41" class="GoSuccess\Digistore24\Api\Tests\Unit\Response\ProductGroup\UpdateProductGroupResponseTest" classname="GoSuccess.Digistore24.Api.Tests.Unit.Response.ProductGroup.UpdateProductGroupResponseTest" assertions="1" time="0.000068"/>
    </testsuite>
    <testsuite name="GoSuccess\Digistore24\Api\Tests\Unit\Response\Product\CopyProductResponseTest" file="D:\digistore24-api\tests\Unit\Response\Product\CopyProductResponseTest.php" tests="3" assertions="5" errors="0" failures="0" skipped="0" time="0.000497">
      <testcase name="test_can_create_from_array" file="D:\digistore24-api\tests\Unit\Response\Product\CopyProductResponseTest.php" line="13" class="GoSuccess\Digistore24\Api\Tests\Unit\Response\Product\CopyProductResponseTest" classname="GoSuccess.Digistore24.Api.Tests.Unit.Response.Product.CopyProductResponseTest" assertions="2" time="0.000349"/>
      <testcase name="test_can_create_from_response" file="D:\digistore24-api\tests\Unit\Response\Product\CopyProductResponseTest.php" line="26" class="GoSuccess\Digistore24\Api\Tests\Unit\Response\Product\CopyProductResponseTest" classname="GoSuccess.Digistore24.Api.Tests.Unit.Response.Product.CopyProductResponseTest" assertions="2" time="0.000079"/>
      <testcase name="test_has_raw_response" file="D:\digistore24-api\tests\Unit\Response\Product\CopyProductResponseTest.php" line="45" class="GoSuccess\Digistore24\Api\Tests\Unit\Response\Product\CopyProductResponseTest" classname="GoSuccess.Digistore24.Api.Tests.Unit.Response.Product.CopyProductResponseTest" assertions="1" time="0.000069"/>
    </testsuite>
    <testsuite name="GoSuccess\Digistore24\Api\Tests\Unit\Response\Product\CreateProductResponseTest" file="D:\digistore24-api\tests\Unit\Response\Product\CreateProductResponseTest.php" tests="3" assertions="5" errors="0" failures="0" skipped="0" time="0.000441">
      <testcase name="test_can_create_from_array" file="D:\digistore24-api\tests\Unit\Response\Product\CreateProductResponseTest.php" line="13" class="GoSuccess\Digistore24\Api\Tests\Unit\Response\Product\CreateProductResponseTest" classname="GoSuccess.Digistore24.Api.Tests.Unit.Response.Product.CreateProductResponseTest" assertions="2" time="0.000301"/>
      <testcase name="test_can_create_from_response" file="D:\digistore24-api\tests\Unit\Response\Product\CreateProductResponseTest.php" line="26" class="GoSuccess\Digistore24\Api\Tests\Unit\Response\Product\CreateProductResponseTest" classname="GoSuccess.Digistore24.Api.Tests.Unit.Response.Product.CreateProductResponseTest" assertions="2" time="0.000072"/>
      <testcase name="test_has_raw_response" file="D:\digistore24-api\tests\Unit\Response\Product\CreateProductResponseTest.php" line="45" class="GoSuccess\Digistore24\Api\Tests\Unit\Response\Product\CreateProductResponseTest" classname="GoSuccess.Digistore24.Api.Tests.Unit.Response.Product.CreateProductResponseTest" assertions="1" time="0.000068"/>
    </testsuite>
    <testsuite name="GoSuccess\Digistore24\Api\Tests\Unit\Response\Product\DeleteProductResponseTest" file="D:\digistore24-api\tests\Unit\Response\Product\DeleteProductResponseTest.php" tests="3" assertions="5" errors="0" failures="0" skipped="0" time="0.000494">
      <testcase name="test_can_create_from_array" file="D:\digistore24-api\tests\Unit\Response\Product\DeleteProductResponseTest.php" line="13" class="GoSuccess\Digistore24\Api\Tests\Unit\Response\Product\DeleteProductResponseTest" classname="GoSuccess.Digistore24.Api.Tests.Unit.Response.Product.DeleteProductResponseTest" assertions="2" time="0.000298"/>
      <testcase name="test_can_create_from_response" file="D:\digistore24-api\tests\Unit\Response\Product\DeleteProductResponseTest.php" line="22" class="GoSuccess\Digistore24\Api\Tests\Unit\Response\Product\DeleteProductResponseTest" classname="GoSuccess.Digistore24.Api.Tests.Unit.Response.Product.DeleteProductResponseTest" assertions="2" time="0.000109"/>
      <testcase name="test_has_raw_response" file="D:\digistore24-api\tests\Unit\Response\Product\DeleteProductResponseTest.php" line="37" class="GoSuccess\Digistore24\Api\Tests\Unit\Response\Product\DeleteProductResponseTest" classname="GoSuccess.Digistore24.Api.Tests.Unit.Response.Product.DeleteProductResponseTest" assertions="1" time="0.000086"/>
    </testsuite>
    <testsuite name="GoSuccess\Digistore24\Api\Tests\Unit\Response\Product\GetProductResponseTest" file="D:\digistore24-api\tests\Unit\Response\Product\GetProductResponseTest.php" tests="3" assertions="7" errors="0" failures="0" skipped="0" time="0.000706">
      <testcase name="test_can_create_from_array" file="D:\digistore24-api\tests\Unit\Response\Product\GetProductResponseTest.php" line="13" class="GoSuccess\Digistore24\Api\Tests\Unit\Response\Product\GetProductResponseTest" classname="GoSuccess.Digistore24.Api.Tests.Unit.Response.Product.GetProductResponseTest" assertions="4" time="0.000441"/>
      <testcase name="test_can_create_from_response" file="D:\digistore24-api\tests\Unit\Response\Product\GetProductResponseTest.php" line="34" class="GoSuccess\Digistore24\Api\Tests\Unit\Response\Product\GetProductResponseTest" classname="GoSuccess.Digistore24.Api.Tests.Unit.Response.Product.GetProductResponseTest" assertions="2" time="0.000178"/>
      <testcase name="test_has_raw_response" file="D:\digistore24-api\tests\Unit\Response\Product\GetProductResponseTest.php" line="56" class="GoSuccess\Digistore24\Api\Tests\Unit\Response\Product\GetProductResponseTest" classname="GoSuccess.Digistore24.Api.Tests.Unit.Response.Product.GetProductResponseTest" assertions="1" time="0.000087"/>
    </testsuite>
    <testsuite name="GoSuccess\Digistore24\Api\Tests\Unit\Response\Product\ListProductTypesResponseTest" file="D:\digistore24-api\tests\Unit\Response\Product\ListProductTypesResponseTest.php" tests="3" assertions="6" errors="0" failures="0" skipped="0" time="0.000807">
      <testcase name="test_can_create_from_array" file="D:\digistore24-api\tests\Unit\Response\Product\ListProductTypesResponseTest.php" line="13" class="GoSuccess\Digistore24\Api\Tests\Unit\Response\Product\ListProductTypesResponseTest" classname="GoSuccess.Digistore24.Api.Tests.Unit.Response.Product.ListProductTypesResponseTest" assertions="3" time="0.000581"/>
      <testcase name="test_can_create_from_response" file="D:\digistore24-api\tests\Unit\Response\Product\ListProductTypesResponseTest.php" line="27" class="GoSuccess\Digistore24\Api\Tests\Unit\Response\Product\ListProductTypesResponseTest" classname="GoSuccess.Digistore24.Api.Tests.Unit.Response.Product.ListProductTypesResponseTest" assertions="2" time="0.000082"/>
      <testcase name="test_has_raw_response" file="D:\digistore24-api\tests\Unit\Response\Product\ListProductTypesResponseTest.php" line="45" class="GoSuccess\Digistore24\Api\Tests\Unit\Response\Product\ListProductTypesResponseTest" classname="GoSuccess.Digistore24.Api.Tests.Unit.Response.Product.ListProductTypesResponseTest" assertions="1" time="0.000144"/>
    </testsuite>
    <testsuite name="GoSuccess\Digistore24\Api\Tests\Unit\Response\Product\ListProductsResponseTest" file="D:\digistore24-api\tests\Unit\Response\Product\ListProductsResponseTest.php" tests="3" assertions="6" errors="0" failures="0" skipped="0" time="0.000623">
      <testcase name="test_can_create_from_array" file="D:\digistore24-api\tests\Unit\Response\Product\ListProductsResponseTest.php" line="13" class="GoSuccess\Digistore24\Api\Tests\Unit\Response\Product\ListProductsResponseTest" classname="GoSuccess.Digistore24.Api.Tests.Unit.Response.Product.ListProductsResponseTest" assertions="3" time="0.000443"/>
      <testcase name="test_can_create_from_response" file="D:\digistore24-api\tests\Unit\Response\Product\ListProductsResponseTest.php" line="45" class="GoSuccess\Digistore24\Api\Tests\Unit\Response\Product\ListProductsResponseTest" classname="GoSuccess.Digistore24.Api.Tests.Unit.Response.Product.ListProductsResponseTest" assertions="2" time="0.000097"/>
      <testcase name="test_has_raw_response" file="D:\digistore24-api\tests\Unit\Response\Product\ListProductsResponseTest.php" line="72" class="GoSuccess\Digistore24\Api\Tests\Unit\Response\Product\ListProductsResponseTest" classname="GoSuccess.Digistore24.Api.Tests.Unit.Response.Product.ListProductsResponseTest" assertions="1" time="0.000083"/>
    </testsuite>
    <testsuite name="GoSuccess\Digistore24\Api\Tests\Unit\Response\Product\UpdateProductResponseTest" file="D:\digistore24-api\tests\Unit\Response\Product\UpdateProductResponseTest.php" tests="3" assertions="6" errors="0" failures="0" skipped="0" time="0.000569">
      <testcase name="test_can_create_from_array" file="D:\digistore24-api\tests\Unit\Response\Product\UpdateProductResponseTest.php" line="13" class="GoSuccess\Digistore24\Api\Tests\Unit\Response\Product\UpdateProductResponseTest" classname="GoSuccess.Digistore24.Api.Tests.Unit.Response.Product.UpdateProductResponseTest" assertions="3" time="0.000336"/>
      <testcase name="test_can_create_from_response" file="D:\digistore24-api\tests\Unit\Response\Product\UpdateProductResponseTest.php" line="27" class="GoSuccess\Digistore24\Api\Tests\Unit\Response\Product\UpdateProductResponseTest" classname="GoSuccess.Digistore24.Api.Tests.Unit.Response.Product.UpdateProductResponseTest" assertions="2" time="0.000159"/>
      <testcase name="test_has_raw_response" file="D:\digistore24-api\tests\Unit\Response\Product\UpdateProductResponseTest.php" line="46" class="GoSuccess\Digistore24\Api\Tests\Unit\Response\Product\UpdateProductResponseTest" classname="GoSuccess.Digistore24.Api.Tests.Unit.Response.Product.UpdateProductResponseTest" assertions="1" time="0.000073"/>
    </testsuite>
    <testsuite name="GoSuccess\Digistore24\Api\Tests\Unit\Response\Purchase\AddBalanceToPurchaseResponseTest" file="D:\digistore24-api\tests\Unit\Response\Purchase\AddBalanceToPurchaseResponseTest.php" tests="3" assertions="6" errors="0" failures="0" skipped="0" time="0.000689">
      <testcase name="test_can_create_from_array" file="D:\digistore24-api\tests\Unit\Response\Purchase\AddBalanceToPurchaseResponseTest.php" line="13" class="GoSuccess\Digistore24\Api\Tests\Unit\Response\Purchase\AddBalanceToPurchaseResponseTest" classname="GoSuccess.Digistore24.Api.Tests.Unit.Response.Purchase.AddBalanceToPurchaseResponseTest" assertions="4" time="0.000545"/>
      <testcase name="test_can_create_from_response" file="D:\digistore24-api\tests\Unit\Response\Purchase\AddBalanceToPurchaseResponseTest.php" line="29" class="GoSuccess\Digistore24\Api\Tests\Unit\Response\Purchase\AddBalanceToPurchaseResponseTest" classname="GoSuccess.Digistore24.Api.Tests.Unit.Response.Purchase.AddBalanceToPurchaseResponseTest" assertions="1" time="0.000074"/>
      <testcase name="test_has_raw_response" file="D:\digistore24-api\tests\Unit\Response\Purchase\AddBalanceToPurchaseResponseTest.php" line="43" class="GoSuccess\Digistore24\Api\Tests\Unit\Response\Purchase\AddBalanceToPurchaseResponseTest" classname="GoSuccess.Digistore24.Api.Tests.Unit.Response.Purchase.AddBalanceToPurchaseResponseTest" assertions="1" time="0.000070"/>
    </testsuite>
    <testsuite name="GoSuccess\Digistore24\Api\Tests\Unit\Response\Purchase\CreateAddonChangePurchaseResponseTest" file="D:\digistore24-api\tests\Unit\Response\Purchase\CreateAddonChangePurchaseResponseTest.php" tests="3" assertions="15" errors="0" failures="0" skipped="0" time="0.000488">
      <testcase name="test_can_create_from_array" file="D:\digistore24-api\tests\Unit\Response\Purchase\CreateAddonChangePurchaseResponseTest.php" line="13" class="GoSuccess\Digistore24\Api\Tests\Unit\Response\Purchase\CreateAddonChangePurchaseResponseTest" classname="GoSuccess.Digistore24.Api.Tests.Unit.Response.Purchase.CreateAddonChangePurchaseResponseTest" assertions="7" time="0.000336"/>
      <testcase name="test_can_create_from_response" file="D:\digistore24-api\tests\Unit\Response\Purchase\CreateAddonChangePurchaseResponseTest.php" line="34" class="GoSuccess\Digistore24\Api\Tests\Unit\Response\Purchase\CreateAddonChangePurchaseResponseTest" classname="GoSuccess.Digistore24.Api.Tests.Unit.Response.Purchase.CreateAddonChangePurchaseResponseTest" assertions="7" time="0.000080"/>
      <testcase name="test_has_raw_response" file="D:\digistore24-api\tests\Unit\Response\Purchase\CreateAddonChangePurchaseResponseTest.php" line="61" class="GoSuccess\Digistore24\Api\Tests\Unit\Response\Purchase\CreateAddonChangePurchaseResponseTest" classname="GoSuccess.Digistore24.Api.Tests.Unit.Response.Purchase.CreateAddonChangePurchaseResponseTest" assertions="1" time="0.000072"/>
    </testsuite>
    <testsuite name="GoSuccess\Digistore24\Api\Tests\Unit\Response\Purchase\CreateUpgradePurchaseResponseTest" file="D:\digistore24-api\tests\Unit\Response\Purchase\CreateUpgradePurchaseResponseTest.php" tests="3" assertions="10" errors="0" failures="0" skipped="0" time="0.000468">
      <testcase name="test_can_create_from_array" file="D:\digistore24-api\tests\Unit\Response\Purchase\CreateUpgradePurchaseResponseTest.php" line="13" class="GoSuccess\Digistore24\Api\Tests\Unit\Response\Purchase\CreateUpgradePurchaseResponseTest" classname="GoSuccess.Digistore24.Api.Tests.Unit.Response.Purchase.CreateUpgradePurchaseResponseTest" assertions="6" time="0.000317"/>
      <testcase name="test_can_create_from_response" file="D:\digistore24-api\tests\Unit\Response\Purchase\CreateUpgradePurchaseResponseTest.php" line="39" class="GoSuccess\Digistore24\Api\Tests\Unit\Response\Purchase\CreateUpgradePurchaseResponseTest" classname="GoSuccess.Digistore24.Api.Tests.Unit.Response.Purchase.CreateUpgradePurchaseResponseTest" assertions="3" time="0.000075"/>
      <testcase name="test_has_raw_response" file="D:\digistore24-api\tests\Unit\Response\Purchase\CreateUpgradePurchaseResponseTest.php" line="65" class="GoSuccess\Digistore24\Api\Tests\Unit\Response\Purchase\CreateUpgradePurchaseResponseTest" classname="GoSuccess.Digistore24.Api.Tests.Unit.Response.Purchase.CreateUpgradePurchaseResponseTest" assertions="1" time="0.000076"/>
    </testsuite>
    <testsuite name="GoSuccess\Digistore24\Api\Tests\Unit\Response\Purchase\GetCustomerToAffiliateBuyerDetailsResponseTest" file="D:\digistore24-api\tests\Unit\Response\Purchase\GetCustomerToAffiliateBuyerDetailsResponseTest.php" tests="3" assertions="7" errors="0" failures="0" skipped="0" time="0.000437">
      <testcase name="test_can_create_from_array" file="D:\digistore24-api\tests\Unit\Response\Purchase\GetCustomerToAffiliateBuyerDetailsResponseTest.php" line="13" class="GoSuccess\Digistore24\Api\Tests\Unit\Response\Purchase\GetCustomerToAffiliateBuyerDetailsResponseTest" classname="GoSuccess.Digistore24.Api.Tests.Unit.Response.Purchase.GetCustomerToAffiliateBuyerDetailsResponseTest" assertions="4" time="0.000295"/>
      <testcase name="test_can_create_from_response" file="D:\digistore24-api\tests\Unit\Response\Purchase\GetCustomerToAffiliateBuyerDetailsResponseTest.php" line="32" class="GoSuccess\Digistore24\Api\Tests\Unit\Response\Purchase\GetCustomerToAffiliateBuyerDetailsResponseTest" classname="GoSuccess.Digistore24.Api.Tests.Unit.Response.Purchase.GetCustomerToAffiliateBuyerDetailsResponseTest" assertions="2" time="0.000073"/>
      <testcase name="test_has_raw_response" file="D:\digistore24-api\tests\Unit\Response\Purchase\GetCustomerToAffiliateBuyerDetailsResponseTest.php" line="52" class="GoSuccess\Digistore24\Api\Tests\Unit\Response\Purchase\GetCustomerToAffiliateBuyerDetailsResponseTest" classname="GoSuccess.Digistore24.Api.Tests.Unit.Response.Purchase.GetCustomerToAffiliateBuyerDetailsResponseTest" assertions="1" time="0.000069"/>
    </testsuite>
    <testsuite name="GoSuccess\Digistore24\Api\Tests\Unit\Response\Purchase\GetPurchaseDownloadsResponseTest" file="D:\digistore24-api\tests\Unit\Response\Purchase\GetPurchaseDownloadsResponseTest.php" tests="3" assertions="7" errors="0" failures="0" skipped="0" time="0.000442">
      <testcase name="test_can_create_from_array" file="D:\digistore24-api\tests\Unit\Response\Purchase\GetPurchaseDownloadsResponseTest.php" line="13" class="GoSuccess\Digistore24\Api\Tests\Unit\Response\Purchase\GetPurchaseDownloadsResponseTest" classname="GoSuccess.Digistore24.Api.Tests.Unit.Response.Purchase.GetPurchaseDownloadsResponseTest" assertions="4" time="0.000301"/>
      <testcase name="test_can_create_from_response" file="D:\digistore24-api\tests\Unit\Response\Purchase\GetPurchaseDownloadsResponseTest.php" line="40" class="GoSuccess\Digistore24\Api\Tests\Unit\Response\Purchase\GetPurchaseDownloadsResponseTest" classname="GoSuccess.Digistore24.Api.Tests.Unit.Response.Purchase.GetPurchaseDownloadsResponseTest" assertions="2" time="0.000073"/>
      <testcase name="test_has_raw_response" file="D:\digistore24-api\tests\Unit\Response\Purchase\GetPurchaseDownloadsResponseTest.php" line="64" class="GoSuccess\Digistore24\Api\Tests\Unit\Response\Purchase\GetPurchaseDownloadsResponseTest" classname="GoSuccess.Digistore24.Api.Tests.Unit.Response.Purchase.GetPurchaseDownloadsResponseTest" assertions="1" time="0.000068"/>
    </testsuite>
    <testsuite name="GoSuccess\Digistore24\Api\Tests\Unit\Response\Purchase\GetPurchaseResponseTest" file="D:\digistore24-api\tests\Unit\Response\Purchase\GetPurchaseResponseTest.php" tests="3" assertions="16" errors="0" failures="0" skipped="0" time="0.000503">
      <testcase name="test_can_create_from_array" file="D:\digistore24-api\tests\Unit\Response\Purchase\GetPurchaseResponseTest.php" line="13" class="GoSuccess\Digistore24\Api\Tests\Unit\Response\Purchase\GetPurchaseResponseTest" classname="GoSuccess.Digistore24.Api.Tests.Unit.Response.Purchase.GetPurchaseResponseTest" assertions="11" time="0.000353"/>
      <testcase name="test_can_create_from_response" file="D:\digistore24-api\tests\Unit\Response\Purchase\GetPurchaseResponseTest.php" line="42" class="GoSuccess\Digistore24\Api\Tests\Unit\Response\Purchase\GetPurchaseResponseTest" classname="GoSuccess.Digistore24.Api.Tests.Unit.Response.Purchase.GetPurchaseResponseTest" assertions="4" time="0.000078"/>
      <testcase name="test_has_raw_response" file="D:\digistore24-api\tests\Unit\Response\Purchase\GetPurchaseResponseTest.php" line="69" class="GoSuccess\Digistore24\Api\Tests\Unit\Response\Purchase\GetPurchaseResponseTest" classname="GoSuccess.Digistore24.Api.Tests.Unit.Response.Purchase.GetPurchaseResponseTest" assertions="1" time="0.000072"/>
    </testsuite>
    <testsuite name="GoSuccess\Digistore24\Api\Tests\Unit\Response\Purchase\GetPurchaseTrackingResponseTest" file="D:\digistore24-api\tests\Unit\Response\Purchase\GetPurchaseTrackingResponseTest.php" tests="3" assertions="7" errors="0" failures="0" skipped="0" time="0.000440">
      <testcase name="test_can_create_from_array" file="D:\digistore24-api\tests\Unit\Response\Purchase\GetPurchaseTrackingResponseTest.php" line="13" class="GoSuccess\Digistore24\Api\Tests\Unit\Response\Purchase\GetPurchaseTrackingResponseTest" classname="GoSuccess.Digistore24.Api.Tests.Unit.Response.Purchase.GetPurchaseTrackingResponseTest" assertions="4" time="0.000299"/>
      <testcase name="test_can_create_from_response" file="D:\digistore24-api\tests\Unit\Response\Purchase\GetPurchaseTrackingResponseTest.php" line="33" class="GoSuccess\Digistore24\Api\Tests\Unit\Response\Purchase\GetPurchaseTrackingResponseTest" classname="GoSuccess.Digistore24.Api.Tests.Unit.Response.Purchase.GetPurchaseTrackingResponseTest" assertions="2" time="0.000073"/>
      <testcase name="test_has_raw_response" file="D:\digistore24-api\tests\Unit\Response\Purchase\GetPurchaseTrackingResponseTest.php" line="54" class="GoSuccess\Digistore24\Api\Tests\Unit\Response\Purchase\GetPurchaseTrackingResponseTest" classname="GoSuccess.Digistore24.Api.Tests.Unit.Response.Purchase.GetPurchaseTrackingResponseTest" assertions="1" time="0.000068"/>
    </testsuite>
    <testsuite name="GoSuccess\Digistore24\Api\Tests\Unit\Response\Purchase\ListPurchasesOfEmailResponseTest" file="D:\digistore24-api\tests\Unit\Response\Purchase\ListPurchasesOfEmailResponseTest.php" tests="3" assertions="7" errors="0" failures="0" skipped="0" time="0.000482">
      <testcase name="test_can_create_from_array" file="D:\digistore24-api\tests\Unit\Response\Purchase\ListPurchasesOfEmailResponseTest.php" line="13" class="GoSuccess\Digistore24\Api\Tests\Unit\Response\Purchase\ListPurchasesOfEmailResponseTest" classname="GoSuccess.Digistore24.Api.Tests.Unit.Response.Purchase.ListPurchasesOfEmailResponseTest" assertions="4" time="0.000305"/>
      <testcase name="test_can_create_from_response" file="D:\digistore24-api\tests\Unit\Response\Purchase\ListPurchasesOfEmailResponseTest.php" line="37" class="GoSuccess\Digistore24\Api\Tests\Unit\Response\Purchase\ListPurchasesOfEmailResponseTest" classname="GoSuccess.Digistore24.Api.Tests.Unit.Response.Purchase.ListPurchasesOfEmailResponseTest" assertions="2" time="0.000093"/>
      <testcase name="test_has_raw_response" file="D:\digistore24-api\tests\Unit\Response\Purchase\ListPurchasesOfEmailResponseTest.php" line="59" class="GoSuccess\Digistore24\Api\Tests\Unit\Response\Purchase\ListPurchasesOfEmailResponseTest" classname="GoSuccess.Digistore24.Api.Tests.Unit.Response.Purchase.ListPurchasesOfEmailResponseTest" assertions="1" time="0.000084"/>
    </testsuite>
    <testsuite name="GoSuccess\Digistore24\Api\Tests\Unit\Response\Purchase\ListPurchasesResponseTest" file="D:\digistore24-api\tests\Unit\Response\Purchase\ListPurchasesResponseTest.php" tests="3" assertions="10" errors="0" failures="0" skipped="0" time="0.000644">
      <testcase name="test_can_create_from_array" file="D:\digistore24-api\tests\Unit\Response\Purchase\ListPurchasesResponseTest.php" line="13" class="GoSuccess\Digistore24\Api\Tests\Unit\Response\Purchase\ListPurchasesResponseTest" classname="GoSuccess.Digistore24.Api.Tests.Unit.Response.Purchase.ListPurchasesResponseTest" assertions="6" time="0.000459"/>
      <testcase name="test_can_create_from_response" file="D:\digistore24-api\tests\Unit\Response\Purchase\ListPurchasesResponseTest.php" line="50" class="GoSuccess\Digistore24\Api\Tests\Unit\Response\Purchase\ListPurchasesResponseTest" classname="GoSuccess.Digistore24.Api.Tests.Unit.Response.Purchase.ListPurchasesResponseTest" assertions="3" time="0.000114"/>
      <testcase name="test_has_raw_response" file="D:\digistore24-api\tests\Unit\Response\Purchase\ListPurchasesResponseTest.php" line="80" class="GoSuccess\Digistore24\Api\Tests\Unit\Response\Purchase\ListPurchasesResponseTest" classname="GoSuccess.Digistore24.Api.Tests.Unit.Response.Purchase.ListPurchasesResponseTest" assertions="1" time="0.000071"/>
    </testsuite>
    <testsuite name="GoSuccess\Digistore24\Api\Tests\Unit\Response\Purchase\RefundPartiallyResponseTest" file="D:\digistore24-api\tests\Unit\Response\Purchase\RefundPartiallyResponseTest.php" tests="3" assertions="6" errors="0" failures="0" skipped="0" time="0.000514">
      <testcase name="test_can_create_from_array" file="D:\digistore24-api\tests\Unit\Response\Purchase\RefundPartiallyResponseTest.php" line="13" class="GoSuccess\Digistore24\Api\Tests\Unit\Response\Purchase\RefundPartiallyResponseTest" classname="GoSuccess.Digistore24.Api.Tests.Unit.Response.Purchase.RefundPartiallyResponseTest" assertions="3" time="0.000369"/>
      <testcase name="test_can_create_from_response" file="D:\digistore24-api\tests\Unit\Response\Purchase\RefundPartiallyResponseTest.php" line="25" class="GoSuccess\Digistore24\Api\Tests\Unit\Response\Purchase\RefundPartiallyResponseTest" classname="GoSuccess.Digistore24.Api.Tests.Unit.Response.Purchase.RefundPartiallyResponseTest" assertions="2" time="0.000073"/>
      <testcase name="test_has_raw_response" file="D:\digistore24-api\tests\Unit\Response\Purchase\RefundPartiallyResponseTest.php" line="42" class="GoSuccess\Digistore24\Api\Tests\Unit\Response\Purchase\RefundPartiallyResponseTest" classname="GoSuccess.Digistore24.Api.Tests.Unit.Response.Purchase.RefundPartiallyResponseTest" assertions="1" time="0.000072"/>
    </testsuite>
    <testsuite name="GoSuccess\Digistore24\Api\Tests\Unit\Response\Purchase\RefundPurchaseResponseTest" file="D:\digistore24-api\tests\Unit\Response\Purchase\RefundPurchaseResponseTest.php" tests="3" assertions="8" errors="0" failures="0" skipped="0" time="0.000515">
      <testcase name="test_can_create_from_array" file="D:\digistore24-api\tests\Unit\Response\Purchase\RefundPurchaseResponseTest.php" line="13" class="GoSuccess\Digistore24\Api\Tests\Unit\Response\Purchase\RefundPurchaseResponseTest" classname="GoSuccess.Digistore24.Api.Tests.Unit.Response.Purchase.RefundPurchaseResponseTest" assertions="5" time="0.000315"/>
      <testcase name="test_can_create_from_response" file="D:\digistore24-api\tests\Unit\Response\Purchase\RefundPurchaseResponseTest.php" line="32" class="GoSuccess\Digistore24\Api\Tests\Unit\Response\Purchase\RefundPurchaseResponseTest" classname="GoSuccess.Digistore24.Api.Tests.Unit.Response.Purchase.RefundPurchaseResponseTest" assertions="2" time="0.000106"/>
      <testcase name="test_has_raw_response" file="D:\digistore24-api\tests\Unit\Response\Purchase\RefundPurchaseResponseTest.php" line="52" class="GoSuccess\Digistore24\Api\Tests\Unit\Response\Purchase\RefundPurchaseResponseTest" classname="GoSuccess.Digistore24.Api.Tests.Unit.Response.Purchase.RefundPurchaseResponseTest" assertions="1" time="0.000094"/>
    </testsuite>
    <testsuite name="GoSuccess\Digistore24\Api\Tests\Unit\Response\Purchase\ResendPurchaseConfirmationMailResponseTest" file="D:\digistore24-api\tests\Unit\Response\Purchase\ResendPurchaseConfirmationMailResponseTest.php" tests="3" assertions="8" errors="0" failures="0" skipped="0" time="0.000515">
      <testcase name="test_can_create_from_array" file="D:\digistore24-api\tests\Unit\Response\Purchase\ResendPurchaseConfirmationMailResponseTest.php" line="13" class="GoSuccess\Digistore24\Api\Tests\Unit\Response\Purchase\ResendPurchaseConfirmationMailResponseTest" classname="GoSuccess.Digistore24.Api.Tests.Unit.Response.Purchase.ResendPurchaseConfirmationMailResponseTest" assertions="4" time="0.000351"/>
      <testcase name="test_can_create_from_response" file="D:\digistore24-api\tests\Unit\Response\Purchase\ResendPurchaseConfirmationMailResponseTest.php" line="29" class="GoSuccess\Digistore24\Api\Tests\Unit\Response\Purchase\ResendPurchaseConfirmationMailResponseTest" classname="GoSuccess.Digistore24.Api.Tests.Unit.Response.Purchase.ResendPurchaseConfirmationMailResponseTest" assertions="3" time="0.000095"/>
      <testcase name="test_has_raw_response" file="D:\digistore24-api\tests\Unit\Response\Purchase\ResendPurchaseConfirmationMailResponseTest.php" line="50" class="GoSuccess\Digistore24\Api\Tests\Unit\Response\Purchase\ResendPurchaseConfirmationMailResponseTest" classname="GoSuccess.Digistore24.Api.Tests.Unit.Response.Purchase.ResendPurchaseConfirmationMailResponseTest" assertions="1" time="0.000070"/>
    </testsuite>
    <testsuite name="GoSuccess\Digistore24\Api\Tests\Unit\Response\Purchase\UpdatePurchaseResponseTest" file="D:\digistore24-api\tests\Unit\Response\Purchase\UpdatePurchaseResponseTest.php" tests="3" assertions="6" errors="0" failures="0" skipped="0" time="0.000450">
      <testcase name="test_can_create_from_array" file="D:\digistore24-api\tests\Unit\Response\Purchase\UpdatePurchaseResponseTest.php" line="13" class="GoSuccess\Digistore24\Api\Tests\Unit\Response\Purchase\UpdatePurchaseResponseTest" classname="GoSuccess.Digistore24.Api.Tests.Unit.Response.Purchase.UpdatePurchaseResponseTest" assertions="3" time="0.000310"/>
      <testcase name="test_can_create_from_response" file="D:\digistore24-api\tests\Unit\Response\Purchase\UpdatePurchaseResponseTest.php" line="27" class="GoSuccess\Digistore24\Api\Tests\Unit\Response\Purchase\UpdatePurchaseResponseTest" classname="GoSuccess.Digistore24.Api.Tests.Unit.Response.Purchase.UpdatePurchaseResponseTest" assertions="2" time="0.000072"/>
      <testcase name="test_has_raw_response" file="D:\digistore24-api\tests\Unit\Response\Purchase\UpdatePurchaseResponseTest.php" line="46" class="GoSuccess\Digistore24\Api\Tests\Unit\Response\Purchase\UpdatePurchaseResponseTest" classname="GoSuccess.Digistore24.Api.Tests.Unit.Response.Purchase.UpdatePurchaseResponseTest" assertions="1" time="0.000068"/>
    </testsuite>
    <testsuite name="GoSuccess\Digistore24\Api\Tests\Unit\Response\Rebilling\CreateRebillingPaymentResponseTest" file="D:\digistore24-api\tests\Unit\Response\Rebilling\CreateRebillingPaymentResponseTest.php" tests="3" assertions="8" errors="0" failures="0" skipped="0" time="0.000485">
      <testcase name="test_can_create_from_array" file="D:\digistore24-api\tests\Unit\Response\Rebilling\CreateRebillingPaymentResponseTest.php" line="13" class="GoSuccess\Digistore24\Api\Tests\Unit\Response\Rebilling\CreateRebillingPaymentResponseTest" classname="GoSuccess.Digistore24.Api.Tests.Unit.Response.Rebilling.CreateRebillingPaymentResponseTest" assertions="5" time="0.000346"/>
      <testcase name="test_can_create_from_response" file="D:\digistore24-api\tests\Unit\Response\Rebilling\CreateRebillingPaymentResponseTest.php" line="33" class="GoSuccess\Digistore24\Api\Tests\Unit\Response\Rebilling\CreateRebillingPaymentResponseTest" classname="GoSuccess.Digistore24.Api.Tests.Unit.Response.Rebilling.CreateRebillingPaymentResponseTest" assertions="2" time="0.000073"/>
      <testcase name="test_has_raw_response" file="D:\digistore24-api\tests\Unit\Response\Rebilling\CreateRebillingPaymentResponseTest.php" line="53" class="GoSuccess\Digistore24\Api\Tests\Unit\Response\Rebilling\CreateRebillingPaymentResponseTest" classname="GoSuccess.Digistore24.Api.Tests.Unit.Response.Rebilling.CreateRebillingPaymentResponseTest" assertions="1" time="0.000066"/>
    </testsuite>
    <testsuite name="GoSuccess\Digistore24\Api\Tests\Unit\Response\Rebilling\ListRebillingStatusChangesResponseTest" file="D:\digistore24-api\tests\Unit\Response\Rebilling\ListRebillingStatusChangesResponseTest.php" tests="3" assertions="7" errors="0" failures="0" skipped="0" time="0.000451">
      <testcase name="test_can_create_from_array" file="D:\digistore24-api\tests\Unit\Response\Rebilling\ListRebillingStatusChangesResponseTest.php" line="13" class="GoSuccess\Digistore24\Api\Tests\Unit\Response\Rebilling\ListRebillingStatusChangesResponseTest" classname="GoSuccess.Digistore24.Api.Tests.Unit.Response.Rebilling.ListRebillingStatusChangesResponseTest" assertions="4" time="0.000314"/>
      <testcase name="test_can_create_from_response" file="D:\digistore24-api\tests\Unit\Response\Rebilling\ListRebillingStatusChangesResponseTest.php" line="43" class="GoSuccess\Digistore24\Api\Tests\Unit\Response\Rebilling\ListRebillingStatusChangesResponseTest" classname="GoSuccess.Digistore24.Api.Tests.Unit.Response.Rebilling.ListRebillingStatusChangesResponseTest" assertions="2" time="0.000071"/>
      <testcase name="test_has_raw_response" file="D:\digistore24-api\tests\Unit\Response\Rebilling\ListRebillingStatusChangesResponseTest.php" line="67" class="GoSuccess\Digistore24\Api\Tests\Unit\Response\Rebilling\ListRebillingStatusChangesResponseTest" classname="GoSuccess.Digistore24.Api.Tests.Unit.Response.Rebilling.ListRebillingStatusChangesResponseTest" assertions="1" time="0.000066"/>
    </testsuite>
    <testsuite name="GoSuccess\Digistore24\Api\Tests\Unit\Response\Rebilling\StartRebillingResponseTest" file="D:\digistore24-api\tests\Unit\Response\Rebilling\StartRebillingResponseTest.php" tests="3" assertions="6" errors="0" failures="0" skipped="0" time="0.000436">
      <testcase name="test_can_create_from_array" file="D:\digistore24-api\tests\Unit\Response\Rebilling\StartRebillingResponseTest.php" line="13" class="GoSuccess\Digistore24\Api\Tests\Unit\Response\Rebilling\StartRebillingResponseTest" classname="GoSuccess.Digistore24.Api.Tests.Unit.Response.Rebilling.StartRebillingResponseTest" assertions="3" time="0.000297"/>
      <testcase name="test_can_create_from_response" file="D:\digistore24-api\tests\Unit\Response\Rebilling\StartRebillingResponseTest.php" line="25" class="GoSuccess\Digistore24\Api\Tests\Unit\Response\Rebilling\StartRebillingResponseTest" classname="GoSuccess.Digistore24.Api.Tests.Unit.Response.Rebilling.StartRebillingResponseTest" assertions="2" time="0.000071"/>
      <testcase name="test_has_raw_response" file="D:\digistore24-api\tests\Unit\Response\Rebilling\StartRebillingResponseTest.php" line="42" class="GoSuccess\Digistore24\Api\Tests\Unit\Response\Rebilling\StartRebillingResponseTest" classname="GoSuccess.Digistore24.Api.Tests.Unit.Response.Rebilling.StartRebillingResponseTest" assertions="1" time="0.000068"/>
    </testsuite>
    <testsuite name="GoSuccess\Digistore24\Api\Tests\Unit\Response\Rebilling\StopRebillingResponseTest" file="D:\digistore24-api\tests\Unit\Response\Rebilling\StopRebillingResponseTest.php" tests="3" assertions="6" errors="0" failures="0" skipped="0" time="0.000429">
      <testcase name="test_can_create_from_array" file="D:\digistore24-api\tests\Unit\Response\Rebilling\StopRebillingResponseTest.php" line="13" class="GoSuccess\Digistore24\Api\Tests\Unit\Response\Rebilling\StopRebillingResponseTest" classname="GoSuccess.Digistore24.Api.Tests.Unit.Response.Rebilling.StopRebillingResponseTest" assertions="3" time="0.000291"/>
      <testcase name="test_can_create_from_response" file="D:\digistore24-api\tests\Unit\Response\Rebilling\StopRebillingResponseTest.php" line="25" class="GoSuccess\Digistore24\Api\Tests\Unit\Response\Rebilling\StopRebillingResponseTest" classname="GoSuccess.Digistore24.Api.Tests.Unit.Response.Rebilling.StopRebillingResponseTest" assertions="2" time="0.000071"/>
      <testcase name="test_has_raw_response" file="D:\digistore24-api\tests\Unit\Response\Rebilling\StopRebillingResponseTest.php" line="42" class="GoSuccess\Digistore24\Api\Tests\Unit\Response\Rebilling\StopRebillingResponseTest" classname="GoSuccess.Digistore24.Api.Tests.Unit.Response.Rebilling.StopRebillingResponseTest" assertions="1" time="0.000067"/>
    </testsuite>
    <testsuite name="GoSuccess\Digistore24\Api\Tests\Unit\Response\ServiceProof\GetServiceProofRequestResponseTest" file="D:\digistore24-api\tests\Unit\Response\ServiceProof\GetServiceProofRequestResponseTest.php" tests="3" assertions="7" errors="0" failures="0" skipped="0" time="0.000486">
      <testcase name="test_can_create_from_array" file="D:\digistore24-api\tests\Unit\Response\ServiceProof\GetServiceProofRequestResponseTest.php" line="13" class="GoSuccess\Digistore24\Api\Tests\Unit\Response\ServiceProof\GetServiceProofRequestResponseTest" classname="GoSuccess.Digistore24.Api.Tests.Unit.Response.ServiceProof.GetServiceProofRequestResponseTest" assertions="4" time="0.000345"/>
      <testcase name="test_can_create_from_response" file="D:\digistore24-api\tests\Unit\Response\ServiceProof\GetServiceProofRequestResponseTest.php" line="34" class="GoSuccess\Digistore24\Api\Tests\Unit\Response\ServiceProof\GetServiceProofRequestResponseTest" classname="GoSuccess.Digistore24.Api.Tests.Unit.Response.ServiceProof.GetServiceProofRequestResponseTest" assertions="2" time="0.000072"/>
      <testcase name="test_has_raw_response" file="D:\digistore24-api\tests\Unit\Response\ServiceProof\GetServiceProofRequestResponseTest.php" line="56" class="GoSuccess\Digistore24\Api\Tests\Unit\Response\ServiceProof\GetServiceProofRequestResponseTest" classname="GoSuccess.Digistore24.Api.Tests.Unit.Response.ServiceProof.GetServiceProofRequestResponseTest" assertions="1" time="0.000069"/>
    </testsuite>
    <testsuite name="GoSuccess\Digistore24\Api\Tests\Unit\Response\ServiceProof\ListServiceProofRequestsResponseTest" file="D:\digistore24-api\tests\Unit\Response\ServiceProof\ListServiceProofRequestsResponseTest.php" tests="3" assertions="5" errors="0" failures="0" skipped="0" time="0.000441">
      <testcase name="test_can_create_from_array" file="D:\digistore24-api\tests\Unit\Response\ServiceProof\ListServiceProofRequestsResponseTest.php" line="13" class="GoSuccess\Digistore24\Api\Tests\Unit\Response\ServiceProof\ListServiceProofRequestsResponseTest" classname="GoSuccess.Digistore24.Api.Tests.Unit.Response.ServiceProof.ListServiceProofRequestsResponseTest" assertions="2" time="0.000299"/>
      <testcase name="test_can_create_from_response" file="D:\digistore24-api\tests\Unit\Response\ServiceProof\ListServiceProofRequestsResponseTest.php" line="29" class="GoSuccess\Digistore24\Api\Tests\Unit\Response\ServiceProof\ListServiceProofRequestsResponseTest" classname="GoSuccess.Digistore24.Api.Tests.Unit.Response.ServiceProof.ListServiceProofRequestsResponseTest" assertions="2" time="0.000073"/>
      <testcase name="test_has_raw_response" file="D:\digistore24-api\tests\Unit\Response\ServiceProof\ListServiceProofRequestsResponseTest.php" line="50" class="GoSuccess\Digistore24\Api\Tests\Unit\Response\ServiceProof\ListServiceProofRequestsResponseTest" classname="GoSuccess.Digistore24.Api.Tests.Unit.Response.ServiceProof.ListServiceProofRequestsResponseTest" assertions="1" time="0.000069"/>
    </testsuite>
    <testsuite name="GoSuccess\Digistore24\Api\Tests\Unit\Response\ServiceProof\UpdateServiceProofRequestResponseTest" file="D:\digistore24-api\tests\Unit\Response\ServiceProof\UpdateServiceProofRequestResponseTest.php" tests="3" assertions="5" errors="0" failures="0" skipped="0" time="0.000449">
      <testcase name="test_can_create_from_array" file="D:\digistore24-api\tests\Unit\Response\ServiceProof\UpdateServiceProofRequestResponseTest.php" line="13" class="GoSuccess\Digistore24\Api\Tests\Unit\Response\ServiceProof\UpdateServiceProofRequestResponseTest" classname="GoSuccess.Digistore24.Api.Tests.Unit.Response.ServiceProof.UpdateServiceProofRequestResponseTest" assertions="2" time="0.000296"/>
      <testcase name="test_can_create_from_response" file="D:\digistore24-api\tests\Unit\Response\ServiceProof\UpdateServiceProofRequestResponseTest.php" line="24" class="GoSuccess\Digistore24\Api\Tests\Unit\Response\ServiceProof\UpdateServiceProofRequestResponseTest" classname="GoSuccess.Digistore24.Api.Tests.Unit.Response.ServiceProof.UpdateServiceProofRequestResponseTest" assertions="2" time="0.000072"/>
      <testcase name="test_has_raw_response" file="D:\digistore24-api\tests\Unit\Response\ServiceProof\UpdateServiceProofRequestResponseTest.php" line="41" class="GoSuccess\Digistore24\Api\Tests\Unit\Response\ServiceProof\UpdateServiceProofRequestResponseTest" classname="GoSuccess.Digistore24.Api.Tests.Unit.Response.ServiceProof.UpdateServiceProofRequestResponseTest" assertions="1" time="0.000081"/>
    </testsuite>
    <testsuite name="GoSuccess\Digistore24\Api\Tests\Unit\Response\Shipping\CreateShippingCostPolicyResponseTest" file="D:\digistore24-api\tests\Unit\Response\Shipping\CreateShippingCostPolicyResponseTest.php" tests="3" assertions="6" errors="0" failures="0" skipped="0" time="0.000506">
      <testcase name="test_can_create_from_array" file="D:\digistore24-api\tests\Unit\Response\Shipping\CreateShippingCostPolicyResponseTest.php" line="13" class="GoSuccess\Digistore24\Api\Tests\Unit\Response\Shipping\CreateShippingCostPolicyResponseTest" classname="GoSuccess.Digistore24.Api.Tests.Unit.Response.Shipping.CreateShippingCostPolicyResponseTest" assertions="3" time="0.000365"/>
      <testcase name="test_can_create_from_response" file="D:\digistore24-api\tests\Unit\Response\Shipping\CreateShippingCostPolicyResponseTest.php" line="31" class="GoSuccess\Digistore24\Api\Tests\Unit\Response\Shipping\CreateShippingCostPolicyResponseTest" classname="GoSuccess.Digistore24.Api.Tests.Unit.Response.Shipping.CreateShippingCostPolicyResponseTest" assertions="2" time="0.000073"/>
      <testcase name="test_has_raw_response" file="D:\digistore24-api\tests\Unit\Response\Shipping\CreateShippingCostPolicyResponseTest.php" line="51" class="GoSuccess\Digistore24\Api\Tests\Unit\Response\Shipping\CreateShippingCostPolicyResponseTest" classname="GoSuccess.Digistore24.Api.Tests.Unit.Response.Shipping.CreateShippingCostPolicyResponseTest" assertions="1" time="0.000069"/>
    </testsuite>
    <testsuite name="GoSuccess\Digistore24\Api\Tests\Unit\Response\Shipping\DeleteShippingCostPolicyResponseTest" file="D:\digistore24-api\tests\Unit\Response\Shipping\DeleteShippingCostPolicyResponseTest.php" tests="3" assertions="5" errors="0" failures="0" skipped="0" time="0.000438">
      <testcase name="test_can_create_from_array" file="D:\digistore24-api\tests\Unit\Response\Shipping\DeleteShippingCostPolicyResponseTest.php" line="13" class="GoSuccess\Digistore24\Api\Tests\Unit\Response\Shipping\DeleteShippingCostPolicyResponseTest" classname="GoSuccess.Digistore24.Api.Tests.Unit.Response.Shipping.DeleteShippingCostPolicyResponseTest" assertions="2" time="0.000289"/>
      <testcase name="test_can_create_from_response" file="D:\digistore24-api\tests\Unit\Response\Shipping\DeleteShippingCostPolicyResponseTest.php" line="24" class="GoSuccess\Digistore24\Api\Tests\Unit\Response\Shipping\DeleteShippingCostPolicyResponseTest" classname="GoSuccess.Digistore24.Api.Tests.Unit.Response.Shipping.DeleteShippingCostPolicyResponseTest" assertions="2" time="0.000080"/>
      <testcase name="test_has_raw_response" file="D:\digistore24-api\tests\Unit\Response\Shipping\DeleteShippingCostPolicyResponseTest.php" line="41" class="GoSuccess\Digistore24\Api\Tests\Unit\Response\Shipping\DeleteShippingCostPolicyResponseTest" classname="GoSuccess.Digistore24.Api.Tests.Unit.Response.Shipping.DeleteShippingCostPolicyResponseTest" assertions="1" time="0.000069"/>
    </testsuite>
    <testsuite name="GoSuccess\Digistore24\Api\Tests\Unit\Response\Shipping\GetShippingCostPolicyResponseTest" file="D:\digistore24-api\tests\Unit\Response\Shipping\GetShippingCostPolicyResponseTest.php" tests="3" assertions="6" errors="0" failures="0" skipped="0" time="0.000434">
      <testcase name="test_can_create_from_array" file="D:\digistore24-api\tests\Unit\Response\Shipping\GetShippingCostPolicyResponseTest.php" line="13" class="GoSuccess\Digistore24\Api\Tests\Unit\Response\Shipping\GetShippingCostPolicyResponseTest" classname="GoSuccess.Digistore24.Api.Tests.Unit.Response.Shipping.GetShippingCostPolicyResponseTest" assertions="3" time="0.000292"/>
      <testcase name="test_can_create_from_response" file="D:\digistore24-api\tests\Unit\Response\Shipping\GetShippingCostPolicyResponseTest.php" line="35" class="GoSuccess\Digistore24\Api\Tests\Unit\Response\Shipping\GetShippingCostPolicyResponseTest" classname="GoSuccess.Digistore24.Api.Tests.Unit.Response.Shipping.GetShippingCostPolicyResponseTest" assertions="2" time="0.000073"/>
      <testcase name="test_has_raw_response" file="D:\digistore24-api\tests\Unit\Response\Shipping\GetShippingCostPolicyResponseTest.php" line="58" class="GoSuccess\Digistore24\Api\Tests\Unit\Response\Shipping\GetShippingCostPolicyResponseTest" classname="GoSuccess.Digistore24.Api.Tests.Unit.Response.Shipping.GetShippingCostPolicyResponseTest" assertions="1" time="0.000068"/>
    </testsuite>
    <testsuite name="GoSuccess\Digistore24\Api\Tests\Unit\Response\Shipping\ListShippingCostPoliciesResponseTest" file="D:\digistore24-api\tests\Unit\Response\Shipping\ListShippingCostPoliciesResponseTest.php" tests="3" assertions="6" errors="0" failures="0" skipped="0" time="0.000470">
      <testcase name="test_can_create_from_array" file="D:\digistore24-api\tests\Unit\Response\Shipping\ListShippingCostPoliciesResponseTest.php" line="13" class="GoSuccess\Digistore24\Api\Tests\Unit\Response\Shipping\ListShippingCostPoliciesResponseTest" classname="GoSuccess.Digistore24.Api.Tests.Unit.Response.Shipping.ListShippingCostPoliciesResponseTest" assertions="3" time="0.000328"/>
      <testcase name="test_can_create_from_response" file="D:\digistore24-api\tests\Unit\Response\Shipping\ListShippingCostPoliciesResponseTest.php" line="41" class="GoSuccess\Digistore24\Api\Tests\Unit\Response\Shipping\ListShippingCostPoliciesResponseTest" classname="GoSuccess.Digistore24.Api.Tests.Unit.Response.Shipping.ListShippingCostPoliciesResponseTest" assertions="2" time="0.000073"/>
      <testcase name="test_has_raw_response" file="D:\digistore24-api\tests\Unit\Response\Shipping\ListShippingCostPoliciesResponseTest.php" line="65" class="GoSuccess\Digistore24\Api\Tests\Unit\Response\Shipping\ListShippingCostPoliciesResponseTest" classname="GoSuccess.Digistore24.Api.Tests.Unit.Response.Shipping.ListShippingCostPoliciesResponseTest" assertions="1" time="0.000069"/>
    </testsuite>
    <testsuite name="GoSuccess\Digistore24\Api\Tests\Unit\Response\Shipping\UpdateShippingCostPolicyResponseTest" file="D:\digistore24-api\tests\Unit\Response\Shipping\UpdateShippingCostPolicyResponseTest.php" tests="3" assertions="5" errors="0" failures="0" skipped="0" time="0.000431">
      <testcase name="test_can_create_from_array" file="D:\digistore24-api\tests\Unit\Response\Shipping\UpdateShippingCostPolicyResponseTest.php" line="13" class="GoSuccess\Digistore24\Api\Tests\Unit\Response\Shipping\UpdateShippingCostPolicyResponseTest" classname="GoSuccess.Digistore24.Api.Tests.Unit.Response.Shipping.UpdateShippingCostPolicyResponseTest" assertions="2" time="0.000288"/>
      <testcase name="test_can_create_from_response" file="D:\digistore24-api\tests\Unit\Response\Shipping\UpdateShippingCostPolicyResponseTest.php" line="24" class="GoSuccess\Digistore24\Api\Tests\Unit\Response\Shipping\UpdateShippingCostPolicyResponseTest" classname="GoSuccess.Digistore24.Api.Tests.Unit.Response.Shipping.UpdateShippingCostPolicyResponseTest" assertions="2" time="0.000073"/>
      <testcase name="test_has_raw_response" file="D:\digistore24-api\tests\Unit\Response\Shipping\UpdateShippingCostPolicyResponseTest.php" line="41" class="GoSuccess\Digistore24\Api\Tests\Unit\Response\Shipping\UpdateShippingCostPolicyResponseTest" classname="GoSuccess.Digistore24.Api.Tests.Unit.Response.Shipping.UpdateShippingCostPolicyResponseTest" assertions="1" time="0.000070"/>
    </testsuite>
    <testsuite name="GoSuccess\Digistore24\Api\Tests\Unit\Response\SmartUpgrade\GetSmartupgradeResponseTest" file="D:\digistore24-api\tests\Unit\Response\SmartUpgrade\GetSmartupgradeResponseTest.php" tests="3" assertions="6" errors="0" failures="0" skipped="0" time="0.000484">
      <testcase name="test_can_create_from_array" file="D:\digistore24-api\tests\Unit\Response\SmartUpgrade\GetSmartupgradeResponseTest.php" line="13" class="GoSuccess\Digistore24\Api\Tests\Unit\Response\SmartUpgrade\GetSmartupgradeResponseTest" classname="GoSuccess.Digistore24.Api.Tests.Unit.Response.SmartUpgrade.GetSmartupgradeResponseTest" assertions="3" time="0.000346"/>
      <testcase name="test_can_create_from_response" file="D:\digistore24-api\tests\Unit\Response\SmartUpgrade\GetSmartupgradeResponseTest.php" line="31" class="GoSuccess\Digistore24\Api\Tests\Unit\Response\SmartUpgrade\GetSmartupgradeResponseTest" classname="GoSuccess.Digistore24.Api.Tests.Unit.Response.SmartUpgrade.GetSmartupgradeResponseTest" assertions="2" time="0.000071"/>
      <testcase name="test_has_raw_response" file="D:\digistore24-api\tests\Unit\Response\SmartUpgrade\GetSmartupgradeResponseTest.php" line="51" class="GoSuccess\Digistore24\Api\Tests\Unit\Response\SmartUpgrade\GetSmartupgradeResponseTest" classname="GoSuccess.Digistore24.Api.Tests.Unit.Response.SmartUpgrade.GetSmartupgradeResponseTest" assertions="1" time="0.000067"/>
    </testsuite>
    <testsuite name="GoSuccess\Digistore24\Api\Tests\Unit\Response\SmartUpgrade\ListSmartUpgradesResponseTest" file="D:\digistore24-api\tests\Unit\Response\SmartUpgrade\ListSmartUpgradesResponseTest.php" tests="3" assertions="6" errors="0" failures="0" skipped="0" time="0.000432">
      <testcase name="test_can_create_from_array" file="D:\digistore24-api\tests\Unit\Response\SmartUpgrade\ListSmartUpgradesResponseTest.php" line="13" class="GoSuccess\Digistore24\Api\Tests\Unit\Response\SmartUpgrade\ListSmartUpgradesResponseTest" classname="GoSuccess.Digistore24.Api.Tests.Unit.Response.SmartUpgrade.ListSmartUpgradesResponseTest" assertions="3" time="0.000291"/>
      <testcase name="test_can_create_from_response" file="D:\digistore24-api\tests\Unit\Response\SmartUpgrade\ListSmartUpgradesResponseTest.php" line="39" class="GoSuccess\Digistore24\Api\Tests\Unit\Response\SmartUpgrade\ListSmartUpgradesResponseTest" classname="GoSuccess.Digistore24.Api.Tests.Unit.Response.SmartUpgrade.ListSmartUpgradesResponseTest" assertions="2" time="0.000074"/>
      <testcase name="test_has_raw_response" file="D:\digistore24-api\tests\Unit\Response\SmartUpgrade\ListSmartUpgradesResponseTest.php" line="61" class="GoSuccess\Digistore24\Api\Tests\Unit\Response\SmartUpgrade\ListSmartUpgradesResponseTest" classname="GoSuccess.Digistore24.Api.Tests.Unit.Response.SmartUpgrade.ListSmartUpgradesResponseTest" assertions="1" time="0.000067"/>
    </testsuite>
    <testsuite name="GoSuccess\Digistore24\Api\Tests\Unit\Response\Statistics\StatsAffiliateToplistResponseTest" file="D:\digistore24-api\tests\Unit\Response\Statistics\StatsAffiliateToplistResponseTest.php" tests="3" assertions="7" errors="0" failures="0" skipped="0" time="0.000461">
      <testcase name="test_can_create_from_array" file="D:\digistore24-api\tests\Unit\Response\Statistics\StatsAffiliateToplistResponseTest.php" line="13" class="GoSuccess\Digistore24\Api\Tests\Unit\Response\Statistics\StatsAffiliateToplistResponseTest" classname="GoSuccess.Digistore24.Api.Tests.Unit.Response.Statistics.StatsAffiliateToplistResponseTest" assertions="4" time="0.000322"/>
      <testcase name="test_can_create_from_response" file="D:\digistore24-api\tests\Unit\Response\Statistics\StatsAffiliateToplistResponseTest.php" line="44" class="GoSuccess\Digistore24\Api\Tests\Unit\Response\Statistics\StatsAffiliateToplistResponseTest" classname="GoSuccess.Digistore24.Api.Tests.Unit.Response.Statistics.StatsAffiliateToplistResponseTest" assertions="2" time="0.000072"/>
      <testcase name="test_has_raw_response" file="D:\digistore24-api\tests\Unit\Response\Statistics\StatsAffiliateToplistResponseTest.php" line="69" class="GoSuccess\Digistore24\Api\Tests\Unit\Response\Statistics\StatsAffiliateToplistResponseTest" classname="GoSuccess.Digistore24.Api.Tests.Unit.Response.Statistics.StatsAffiliateToplistResponseTest" assertions="1" time="0.000068"/>
    </testsuite>
    <testsuite name="GoSuccess\Digistore24\Api\Tests\Unit\Response\Statistics\StatsDailyAmountsResponseTest" file="D:\digistore24-api\tests\Unit\Response\Statistics\StatsDailyAmountsResponseTest.php" tests="3" assertions="7" errors="0" failures="0" skipped="0" time="0.000537">
      <testcase name="test_can_create_from_array" file="D:\digistore24-api\tests\Unit\Response\Statistics\StatsDailyAmountsResponseTest.php" line="13" class="GoSuccess\Digistore24\Api\Tests\Unit\Response\Statistics\StatsDailyAmountsResponseTest" classname="GoSuccess.Digistore24.Api.Tests.Unit.Response.Statistics.StatsDailyAmountsResponseTest" assertions="4" time="0.000280"/>
      <testcase name="test_can_create_from_response" file="D:\digistore24-api\tests\Unit\Response\Statistics\StatsDailyAmountsResponseTest.php" line="42" class="GoSuccess\Digistore24\Api\Tests\Unit\Response\Statistics\StatsDailyAmountsResponseTest" classname="GoSuccess.Digistore24.Api.Tests.Unit.Response.Statistics.StatsDailyAmountsResponseTest" assertions="2" time="0.000171"/>
      <testcase name="test_has_raw_response" file="D:\digistore24-api\tests\Unit\Response\Statistics\StatsDailyAmountsResponseTest.php" line="67" class="GoSuccess\Digistore24\Api\Tests\Unit\Response\Statistics\StatsDailyAmountsResponseTest" classname="GoSuccess.Digistore24.Api.Tests.Unit.Response.Statistics.StatsDailyAmountsResponseTest" assertions="1" time="0.000086"/>
    </testsuite>
    <testsuite name="GoSuccess\Digistore24\Api\Tests\Unit\Response\Statistics\StatsSalesResponseTest" file="D:\digistore24-api\tests\Unit\Response\Statistics\StatsSalesResponseTest.php" tests="3" assertions="7" errors="0" failures="0" skipped="0" time="0.000674">
      <testcase name="test_can_create_from_array" file="D:\digistore24-api\tests\Unit\Response\Statistics\StatsSalesResponseTest.php" line="13" class="GoSuccess\Digistore24\Api\Tests\Unit\Response\Statistics\StatsSalesResponseTest" classname="GoSuccess.Digistore24.Api.Tests.Unit.Response.Statistics.StatsSalesResponseTest" assertions="4" time="0.000510"/>
      <testcase name="test_can_create_from_response" file="D:\digistore24-api\tests\Unit\Response\Statistics\StatsSalesResponseTest.php" line="46" class="GoSuccess\Digistore24\Api\Tests\Unit\Response\Statistics\StatsSalesResponseTest" classname="GoSuccess.Digistore24.Api.Tests.Unit.Response.Statistics.StatsSalesResponseTest" assertions="2" time="0.000094"/>
      <testcase name="test_has_raw_response" file="D:\digistore24-api\tests\Unit\Response\Statistics\StatsSalesResponseTest.php" line="71" class="GoSuccess\Digistore24\Api\Tests\Unit\Response\Statistics\StatsSalesResponseTest" classname="GoSuccess.Digistore24.Api.Tests.Unit.Response.Statistics.StatsSalesResponseTest" assertions="1" time="0.000070"/>
    </testsuite>
    <testsuite name="GoSuccess\Digistore24\Api\Tests\Unit\Response\Statistics\StatsSalesSummaryResponseTest" file="D:\digistore24-api\tests\Unit\Response\Statistics\StatsSalesSummaryResponseTest.php" tests="3" assertions="7" errors="0" failures="0" skipped="0" time="0.000462">
      <testcase name="test_can_create_from_array" file="D:\digistore24-api\tests\Unit\Response\Statistics\StatsSalesSummaryResponseTest.php" line="13" class="GoSuccess\Digistore24\Api\Tests\Unit\Response\Statistics\StatsSalesSummaryResponseTest" classname="GoSuccess.Digistore24.Api.Tests.Unit.Response.Statistics.StatsSalesSummaryResponseTest" assertions="4" time="0.000318"/>
      <testcase name="test_can_create_from_response" file="D:\digistore24-api\tests\Unit\Response\Statistics\StatsSalesSummaryResponseTest.php" line="36" class="GoSuccess\Digistore24\Api\Tests\Unit\Response\Statistics\StatsSalesSummaryResponseTest" classname="GoSuccess.Digistore24.Api.Tests.Unit.Response.Statistics.StatsSalesSummaryResponseTest" assertions="2" time="0.000076"/>
      <testcase name="test_has_raw_response" file="D:\digistore24-api\tests\Unit\Response\Statistics\StatsSalesSummaryResponseTest.php" line="60" class="GoSuccess\Digistore24\Api\Tests\Unit\Response\Statistics\StatsSalesSummaryResponseTest" classname="GoSuccess.Digistore24.Api.Tests.Unit.Response.Statistics.StatsSalesSummaryResponseTest" assertions="1" time="0.000068"/>
    </testsuite>
    <testsuite name="GoSuccess\Digistore24\Api\Tests\Unit\Response\System\GetGlobalSettingsResponseTest" file="D:\digistore24-api\tests\Unit\Response\System\GetGlobalSettingsResponseTest.php" tests="3" assertions="8" errors="0" failures="0" skipped="0" time="0.000532">
      <testcase name="test_can_create_from_array" file="D:\digistore24-api\tests\Unit\Response\System\GetGlobalSettingsResponseTest.php" line="13" class="GoSuccess\Digistore24\Api\Tests\Unit\Response\System\GetGlobalSettingsResponseTest" classname="GoSuccess.Digistore24.Api.Tests.Unit.Response.System.GetGlobalSettingsResponseTest" assertions="5" time="0.000388"/>
      <testcase name="test_can_create_from_response" file="D:\digistore24-api\tests\Unit\Response\System\GetGlobalSettingsResponseTest.php" line="45" class="GoSuccess\Digistore24\Api\Tests\Unit\Response\System\GetGlobalSettingsResponseTest" classname="GoSuccess.Digistore24.Api.Tests.Unit.Response.System.GetGlobalSettingsResponseTest" assertions="2" time="0.000075"/>
      <testcase name="test_has_raw_response" file="D:\digistore24-api\tests\Unit\Response\System\GetGlobalSettingsResponseTest.php" line="75" class="GoSuccess\Digistore24\Api\Tests\Unit\Response\System\GetGlobalSettingsResponseTest" classname="GoSuccess.Digistore24.Api.Tests.Unit.Response.System.GetGlobalSettingsResponseTest" assertions="1" time="0.000069"/>
    </testsuite>
    <testsuite name="GoSuccess\Digistore24\Api\Tests\Unit\Response\System\PingResponseTest" file="D:\digistore24-api\tests\Unit\Response\System\PingResponseTest.php" tests="3" assertions="8" errors="0" failures="0" skipped="0" time="0.000468">
      <testcase name="test_can_create_from_array" file="D:\digistore24-api\tests\Unit\Response\System\PingResponseTest.php" line="13" class="GoSuccess\Digistore24\Api\Tests\Unit\Response\System\PingResponseTest" classname="GoSuccess.Digistore24.Api.Tests.Unit.Response.System.PingResponseTest" assertions="4" time="0.000320"/>
      <testcase name="test_can_create_from_response" file="D:\digistore24-api\tests\Unit\Response\System\PingResponseTest.php" line="29" class="GoSuccess\Digistore24\Api\Tests\Unit\Response\System\PingResponseTest" classname="GoSuccess.Digistore24.Api.Tests.Unit.Response.System.PingResponseTest" assertions="3" time="0.000074"/>
      <testcase name="test_has_raw_response" file="D:\digistore24-api\tests\Unit\Response\System\PingResponseTest.php" line="50" class="GoSuccess\Digistore24\Api\Tests\Unit\Response\System\PingResponseTest" classname="GoSuccess.Digistore24.Api.Tests.Unit.Response.System.PingResponseTest" assertions="1" time="0.000074"/>
    </testsuite>
    <testsuite name="GoSuccess\Digistore24\Api\Tests\Unit\Response\Tracking\RenderJsTrackingCodeResponseTest" file="D:\digistore24-api\tests\Unit\Response\Tracking\RenderJsTrackingCodeResponseTest.php" tests="3" assertions="9" errors="0" failures="0" skipped="0" time="0.000858">
      <testcase name="test_can_create_from_array" file="D:\digistore24-api\tests\Unit\Response\Tracking\RenderJsTrackingCodeResponseTest.php" line="13" class="GoSuccess\Digistore24\Api\Tests\Unit\Response\Tracking\RenderJsTrackingCodeResponseTest" classname="GoSuccess.Digistore24.Api.Tests.Unit.Response.Tracking.RenderJsTrackingCodeResponseTest" assertions="5" time="0.000702"/>
      <testcase name="test_can_create_from_response" file="D:\digistore24-api\tests\Unit\Response\Tracking\RenderJsTrackingCodeResponseTest.php" line="31" class="GoSuccess\Digistore24\Api\Tests\Unit\Response\Tracking\RenderJsTrackingCodeResponseTest" classname="GoSuccess.Digistore24.Api.Tests.Unit.Response.Tracking.RenderJsTrackingCodeResponseTest" assertions="3" time="0.000077"/>
      <testcase name="test_has_raw_response" file="D:\digistore24-api\tests\Unit\Response\Tracking\RenderJsTrackingCodeResponseTest.php" line="53" class="GoSuccess\Digistore24\Api\Tests\Unit\Response\Tracking\RenderJsTrackingCodeResponseTest" classname="GoSuccess.Digistore24.Api.Tests.Unit.Response.Tracking.RenderJsTrackingCodeResponseTest" assertions="1" time="0.000078"/>
    </testsuite>
    <testsuite name="GoSuccess\Digistore24\Api\Tests\Unit\Response\Transaction\ListTransactionsResponseTest" file="D:\digistore24-api\tests\Unit\Response\Transaction\ListTransactionsResponseTest.php" tests="3" assertions="8" errors="0" failures="0" skipped="0" time="0.000487">
      <testcase name="test_can_create_from_array" file="D:\digistore24-api\tests\Unit\Response\Transaction\ListTransactionsResponseTest.php" line="13" class="GoSuccess\Digistore24\Api\Tests\Unit\Response\Transaction\ListTransactionsResponseTest" classname="GoSuccess.Digistore24.Api.Tests.Unit.Response.Transaction.ListTransactionsResponseTest" assertions="5" time="0.000346"/>
      <testcase name="test_can_create_from_response" file="D:\digistore24-api\tests\Unit\Response\Transaction\ListTransactionsResponseTest.php" line="45" class="GoSuccess\Digistore24\Api\Tests\Unit\Response\Transaction\ListTransactionsResponseTest" classname="GoSuccess.Digistore24.Api.Tests.Unit.Response.Transaction.ListTransactionsResponseTest" assertions="2" time="0.000073"/>
      <testcase name="test_has_raw_response" file="D:\digistore24-api\tests\Unit\Response\Transaction\ListTransactionsResponseTest.php" line="69" class="GoSuccess\Digistore24\Api\Tests\Unit\Response\Transaction\ListTransactionsResponseTest" classname="GoSuccess.Digistore24.Api.Tests.Unit.Response.Transaction.ListTransactionsResponseTest" assertions="1" time="0.000068"/>
    </testsuite>
    <testsuite name="GoSuccess\Digistore24\Api\Tests\Unit\Response\Transaction\RefundTransactionResponseTest" file="D:\digistore24-api\tests\Unit\Response\Transaction\RefundTransactionResponseTest.php" tests="3" assertions="10" errors="0" failures="0" skipped="0" time="0.000469">
      <testcase name="test_can_create_from_array" file="D:\digistore24-api\tests\Unit\Response\Transaction\RefundTransactionResponseTest.php" line="13" class="GoSuccess\Digistore24\Api\Tests\Unit\Response\Transaction\RefundTransactionResponseTest" classname="GoSuccess.Digistore24.Api.Tests.Unit.Response.Transaction.RefundTransactionResponseTest" assertions="6" time="0.000311"/>
      <testcase name="test_can_create_from_response" file="D:\digistore24-api\tests\Unit\Response\Transaction\RefundTransactionResponseTest.php" line="34" class="GoSuccess\Digistore24\Api\Tests\Unit\Response\Transaction\RefundTransactionResponseTest" classname="GoSuccess.Digistore24.Api.Tests.Unit.Response.Transaction.RefundTransactionResponseTest" assertions="3" time="0.000088"/>
      <testcase name="test_has_raw_response" file="D:\digistore24-api\tests\Unit\Response\Transaction\RefundTransactionResponseTest.php" line="56" class="GoSuccess\Digistore24\Api\Tests\Unit\Response\Transaction\RefundTransactionResponseTest" classname="GoSuccess.Digistore24.Api.Tests.Unit.Response.Transaction.RefundTransactionResponseTest" assertions="1" time="0.000069"/>
    </testsuite>
    <testsuite name="GoSuccess\Digistore24\Api\Tests\Unit\Response\Upgrade\CreateUpgradeResponseTest" file="D:\digistore24-api\tests\Unit\Response\Upgrade\CreateUpgradeResponseTest.php" tests="3" assertions="7" errors="0" failures="0" skipped="0" time="0.000507">
      <testcase name="test_can_create_from_array" file="D:\digistore24-api\tests\Unit\Response\Upgrade\CreateUpgradeResponseTest.php" line="13" class="GoSuccess\Digistore24\Api\Tests\Unit\Response\Upgrade\CreateUpgradeResponseTest" classname="GoSuccess.Digistore24.Api.Tests.Unit.Response.Upgrade.CreateUpgradeResponseTest" assertions="4" time="0.000366"/>
      <testcase name="test_can_create_from_response" file="D:\digistore24-api\tests\Unit\Response\Upgrade\CreateUpgradeResponseTest.php" line="32" class="GoSuccess\Digistore24\Api\Tests\Unit\Response\Upgrade\CreateUpgradeResponseTest" classname="GoSuccess.Digistore24.Api.Tests.Unit.Response.Upgrade.CreateUpgradeResponseTest" assertions="2" time="0.000073"/>
      <testcase name="test_has_raw_response" file="D:\digistore24-api\tests\Unit\Response\Upgrade\CreateUpgradeResponseTest.php" line="52" class="GoSuccess\Digistore24\Api\Tests\Unit\Response\Upgrade\CreateUpgradeResponseTest" classname="GoSuccess.Digistore24.Api.Tests.Unit.Response.Upgrade.CreateUpgradeResponseTest" assertions="1" time="0.000068"/>
    </testsuite>
    <testsuite name="GoSuccess\Digistore24\Api\Tests\Unit\Response\Upgrade\DeleteUpgradeResponseTest" file="D:\digistore24-api\tests\Unit\Response\Upgrade\DeleteUpgradeResponseTest.php" tests="3" assertions="5" errors="0" failures="0" skipped="0" time="0.000496">
      <testcase name="test_can_create_from_array" file="D:\digistore24-api\tests\Unit\Response\Upgrade\DeleteUpgradeResponseTest.php" line="13" class="GoSuccess\Digistore24\Api\Tests\Unit\Response\Upgrade\DeleteUpgradeResponseTest" classname="GoSuccess.Digistore24.Api.Tests.Unit.Response.Upgrade.DeleteUpgradeResponseTest" assertions="2" time="0.000356"/>
      <testcase name="test_can_create_from_response" file="D:\digistore24-api\tests\Unit\Response\Upgrade\DeleteUpgradeResponseTest.php" line="24" class="GoSuccess\Digistore24\Api\Tests\Unit\Response\Upgrade\DeleteUpgradeResponseTest" classname="GoSuccess.Digistore24.Api.Tests.Unit.Response.Upgrade.DeleteUpgradeResponseTest" assertions="2" time="0.000072"/>
      <testcase name="test_has_raw_response" file="D:\digistore24-api\tests\Unit\Response\Upgrade\DeleteUpgradeResponseTest.php" line="41" class="GoSuccess\Digistore24\Api\Tests\Unit\Response\Upgrade\DeleteUpgradeResponseTest" classname="GoSuccess.Digistore24.Api.Tests.Unit.Response.Upgrade.DeleteUpgradeResponseTest" assertions="1" time="0.000068"/>
    </testsuite>
    <testsuite name="GoSuccess\Digistore24\Api\Tests\Unit\Response\Upgrade\GetUpgradeResponseTest" file="D:\digistore24-api\tests\Unit\Response\Upgrade\GetUpgradeResponseTest.php" tests="3" assertions="6" errors="0" failures="0" skipped="0" time="0.000430">
      <testcase name="test_can_create_from_array" file="D:\digistore24-api\tests\Unit\Response\Upgrade\GetUpgradeResponseTest.php" line="13" class="GoSuccess\Digistore24\Api\Tests\Unit\Response\Upgrade\GetUpgradeResponseTest" classname="GoSuccess.Digistore24.Api.Tests.Unit.Response.Upgrade.GetUpgradeResponseTest" assertions="3" time="0.000290"/>
      <testcase name="test_can_create_from_response" file="D:\digistore24-api\tests\Unit\Response\Upgrade\GetUpgradeResponseTest.php" line="31" class="GoSuccess\Digistore24\Api\Tests\Unit\Response\Upgrade\GetUpgradeResponseTest" classname="GoSuccess.Digistore24.Api.Tests.Unit.Response.Upgrade.GetUpgradeResponseTest" assertions="2" time="0.000072"/>
      <testcase name="test_has_raw_response" file="D:\digistore24-api\tests\Unit\Response\Upgrade\GetUpgradeResponseTest.php" line="51" class="GoSuccess\Digistore24\Api\Tests\Unit\Response\Upgrade\GetUpgradeResponseTest" classname="GoSuccess.Digistore24.Api.Tests.Unit.Response.Upgrade.GetUpgradeResponseTest" assertions="1" time="0.000068"/>
    </testsuite>
    <testsuite name="GoSuccess\Digistore24\Api\Tests\Unit\Response\Upgrade\ListUpgradesResponseTest" file="D:\digistore24-api\tests\Unit\Response\Upgrade\ListUpgradesResponseTest.php" tests="3" assertions="7" errors="0" failures="0" skipped="0" time="0.000664">
      <testcase name="test_can_create_from_array" file="D:\digistore24-api\tests\Unit\Response\Upgrade\ListUpgradesResponseTest.php" line="13" class="GoSuccess\Digistore24\Api\Tests\Unit\Response\Upgrade\ListUpgradesResponseTest" classname="GoSuccess.Digistore24.Api.Tests.Unit.Response.Upgrade.ListUpgradesResponseTest" assertions="4" time="0.000501"/>
      <testcase name="test_can_create_from_response" file="D:\digistore24-api\tests\Unit\Response\Upgrade\ListUpgradesResponseTest.php" line="41" class="GoSuccess\Digistore24\Api\Tests\Unit\Response\Upgrade\ListUpgradesResponseTest" classname="GoSuccess.Digistore24.Api.Tests.Unit.Response.Upgrade.ListUpgradesResponseTest" assertions="2" time="0.000078"/>
      <testcase name="test_has_raw_response" file="D:\digistore24-api\tests\Unit\Response\Upgrade\ListUpgradesResponseTest.php" line="62" class="GoSuccess\Digistore24\Api\Tests\Unit\Response\Upgrade\ListUpgradesResponseTest" classname="GoSuccess.Digistore24.Api.Tests.Unit.Response.Upgrade.ListUpgradesResponseTest" assertions="1" time="0.000085"/>
    </testsuite>
    <testsuite name="GoSuccess\Digistore24\Api\Tests\Unit\Response\Upsell\DeleteUpsellsResponseTest" file="D:\digistore24-api\tests\Unit\Response\Upsell\DeleteUpsellsResponseTest.php" tests="3" assertions="5" errors="0" failures="0" skipped="0" time="0.000548">
      <testcase name="test_can_create_from_array" file="D:\digistore24-api\tests\Unit\Response\Upsell\DeleteUpsellsResponseTest.php" line="13" class="GoSuccess\Digistore24\Api\Tests\Unit\Response\Upsell\DeleteUpsellsResponseTest" classname="GoSuccess.Digistore24.Api.Tests.Unit.Response.Upsell.DeleteUpsellsResponseTest" assertions="2" time="0.000370"/>
      <testcase name="test_can_create_from_response" file="D:\digistore24-api\tests\Unit\Response\Upsell\DeleteUpsellsResponseTest.php" line="24" class="GoSuccess\Digistore24\Api\Tests\Unit\Response\Upsell\DeleteUpsellsResponseTest" classname="GoSuccess.Digistore24.Api.Tests.Unit.Response.Upsell.DeleteUpsellsResponseTest" assertions="2" time="0.000107"/>
      <testcase name="test_has_raw_response" file="D:\digistore24-api\tests\Unit\Response\Upsell\DeleteUpsellsResponseTest.php" line="41" class="GoSuccess\Digistore24\Api\Tests\Unit\Response\Upsell\DeleteUpsellsResponseTest" classname="GoSuccess.Digistore24.Api.Tests.Unit.Response.Upsell.DeleteUpsellsResponseTest" assertions="1" time="0.000070"/>
    </testsuite>
    <testsuite name="GoSuccess\Digistore24\Api\Tests\Unit\Response\Upsell\GetUpsellsResponseTest" file="D:\digistore24-api\tests\Unit\Response\Upsell\GetUpsellsResponseTest.php" tests="3" assertions="7" errors="0" failures="0" skipped="0" time="0.000511">
      <testcase name="test_can_create_from_array" file="D:\digistore24-api\tests\Unit\Response\Upsell\GetUpsellsResponseTest.php" line="13" class="GoSuccess\Digistore24\Api\Tests\Unit\Response\Upsell\GetUpsellsResponseTest" classname="GoSuccess.Digistore24.Api.Tests.Unit.Response.Upsell.GetUpsellsResponseTest" assertions="4" time="0.000369"/>
      <testcase name="test_can_create_from_response" file="D:\digistore24-api\tests\Unit\Response\Upsell\GetUpsellsResponseTest.php" line="41" class="GoSuccess\Digistore24\Api\Tests\Unit\Response\Upsell\GetUpsellsResponseTest" classname="GoSuccess.Digistore24.Api.Tests.Unit.Response.Upsell.GetUpsellsResponseTest" assertions="2" time="0.000074"/>
      <testcase name="test_has_raw_response" file="D:\digistore24-api\tests\Unit\Response\Upsell\GetUpsellsResponseTest.php" line="62" class="GoSuccess\Digistore24\Api\Tests\Unit\Response\Upsell\GetUpsellsResponseTest" classname="GoSuccess.Digistore24.Api.Tests.Unit.Response.Upsell.GetUpsellsResponseTest" assertions="1" time="0.000068"/>
    </testsuite>
    <testsuite name="GoSuccess\Digistore24\Api\Tests\Unit\Response\Upsell\UpdateUpsellsResponseTest" file="D:\digistore24-api\tests\Unit\Response\Upsell\UpdateUpsellsResponseTest.php" tests="3" assertions="5" errors="0" failures="0" skipped="0" time="0.000436">
      <testcase name="test_can_create_from_array" file="D:\digistore24-api\tests\Unit\Response\Upsell\UpdateUpsellsResponseTest.php" line="13" class="GoSuccess\Digistore24\Api\Tests\Unit\Response\Upsell\UpdateUpsellsResponseTest" classname="GoSuccess.Digistore24.Api.Tests.Unit.Response.Upsell.UpdateUpsellsResponseTest" assertions="2" time="0.000296"/>
      <testcase name="test_can_create_from_response" file="D:\digistore24-api\tests\Unit\Response\Upsell\UpdateUpsellsResponseTest.php" line="24" class="GoSuccess\Digistore24\Api\Tests\Unit\Response\Upsell\UpdateUpsellsResponseTest" classname="GoSuccess.Digistore24.Api.Tests.Unit.Response.Upsell.UpdateUpsellsResponseTest" assertions="2" time="0.000072"/>
      <testcase name="test_has_raw_response" file="D:\digistore24-api\tests\Unit\Response\Upsell\UpdateUpsellsResponseTest.php" line="41" class="GoSuccess\Digistore24\Api\Tests\Unit\Response\Upsell\UpdateUpsellsResponseTest" classname="GoSuccess.Digistore24.Api.Tests.Unit.Response.Upsell.UpdateUpsellsResponseTest" assertions="1" time="0.000068"/>
    </testsuite>
    <testsuite name="GoSuccess\Digistore24\Api\Tests\Unit\Response\User\GetUserInfoResponseTest" file="D:\digistore24-api\tests\Unit\Response\User\GetUserInfoResponseTest.php" tests="3" assertions="9" errors="0" failures="0" skipped="0" time="0.000482">
      <testcase name="test_can_create_from_array" file="D:\digistore24-api\tests\Unit\Response\User\GetUserInfoResponseTest.php" line="13" class="GoSuccess\Digistore24\Api\Tests\Unit\Response\User\GetUserInfoResponseTest" classname="GoSuccess.Digistore24.Api.Tests.Unit.Response.User.GetUserInfoResponseTest" assertions="5" time="0.000333"/>
      <testcase name="test_can_create_from_response" file="D:\digistore24-api\tests\Unit\Response\User\GetUserInfoResponseTest.php" line="34" class="GoSuccess\Digistore24\Api\Tests\Unit\Response\User\GetUserInfoResponseTest" classname="GoSuccess.Digistore24.Api.Tests.Unit.Response.User.GetUserInfoResponseTest" assertions="3" time="0.000075"/>
      <testcase name="test_has_raw_response" file="D:\digistore24-api\tests\Unit\Response\User\GetUserInfoResponseTest.php" line="56" class="GoSuccess\Digistore24\Api\Tests\Unit\Response\User\GetUserInfoResponseTest" classname="GoSuccess.Digistore24.Api.Tests.Unit.Response.User.GetUserInfoResponseTest" assertions="1" time="0.000073"/>
    </testsuite>
    <testsuite name="GoSuccess\Digistore24\Api\Tests\Unit\Response\Voucher\CreateVoucherResponseTest" file="D:\digistore24-api\tests\Unit\Response\Voucher\CreateVoucherResponseTest.php" tests="3" assertions="6" errors="0" failures="0" skipped="0" time="0.000507">
      <testcase name="test_can_create_from_array" file="D:\digistore24-api\tests\Unit\Response\Voucher\CreateVoucherResponseTest.php" line="13" class="GoSuccess\Digistore24\Api\Tests\Unit\Response\Voucher\CreateVoucherResponseTest" classname="GoSuccess.Digistore24.Api.Tests.Unit.Response.Voucher.CreateVoucherResponseTest" assertions="3" time="0.000370"/>
      <testcase name="test_can_create_from_response" file="D:\digistore24-api\tests\Unit\Response\Voucher\CreateVoucherResponseTest.php" line="31" class="GoSuccess\Digistore24\Api\Tests\Unit\Response\Voucher\CreateVoucherResponseTest" classname="GoSuccess.Digistore24.Api.Tests.Unit.Response.Voucher.CreateVoucherResponseTest" assertions="2" time="0.000070"/>
      <testcase name="test_has_raw_response" file="D:\digistore24-api\tests\Unit\Response\Voucher\CreateVoucherResponseTest.php" line="51" class="GoSuccess\Digistore24\Api\Tests\Unit\Response\Voucher\CreateVoucherResponseTest" classname="GoSuccess.Digistore24.Api.Tests.Unit.Response.Voucher.CreateVoucherResponseTest" assertions="1" time="0.000066"/>
    </testsuite>
    <testsuite name="GoSuccess\Digistore24\Api\Tests\Unit\Response\Voucher\DeleteVoucherResponseTest" file="D:\digistore24-api\tests\Unit\Response\Voucher\DeleteVoucherResponseTest.php" tests="3" assertions="5" errors="0" failures="0" skipped="0" time="0.000418">
      <testcase name="test_can_create_from_array" file="D:\digistore24-api\tests\Unit\Response\Voucher\DeleteVoucherResponseTest.php" line="13" class="GoSuccess\Digistore24\Api\Tests\Unit\Response\Voucher\DeleteVoucherResponseTest" classname="GoSuccess.Digistore24.Api.Tests.Unit.Response.Voucher.DeleteVoucherResponseTest" assertions="2" time="0.000280"/>
      <testcase name="test_can_create_from_response" file="D:\digistore24-api\tests\Unit\Response\Voucher\DeleteVoucherResponseTest.php" line="24" class="GoSuccess\Digistore24\Api\Tests\Unit\Response\Voucher\DeleteVoucherResponseTest" classname="GoSuccess.Digistore24.Api.Tests.Unit.Response.Voucher.DeleteVoucherResponseTest" assertions="2" time="0.000069"/>
      <testcase name="test_has_raw_response" file="D:\digistore24-api\tests\Unit\Response\Voucher\DeleteVoucherResponseTest.php" line="41" class="GoSuccess\Digistore24\Api\Tests\Unit\Response\Voucher\DeleteVoucherResponseTest" classname="GoSuccess.Digistore24.Api.Tests.Unit.Response.Voucher.DeleteVoucherResponseTest" assertions="1" time="0.000068"/>
    </testsuite>
    <testsuite name="GoSuccess\Digistore24\Api\Tests\Unit\Response\Voucher\GetVoucherResponseTest" file="D:\digistore24-api\tests\Unit\Response\Voucher\GetVoucherResponseTest.php" tests="3" assertions="6" errors="0" failures="0" skipped="0" time="0.000450">
      <testcase name="test_can_create_from_array" file="D:\digistore24-api\tests\Unit\Response\Voucher\GetVoucherResponseTest.php" line="13" class="GoSuccess\Digistore24\Api\Tests\Unit\Response\Voucher\GetVoucherResponseTest" classname="GoSuccess.Digistore24.Api.Tests.Unit.Response.Voucher.GetVoucherResponseTest" assertions="3" time="0.000289"/>
      <testcase name="test_can_create_from_response" file="D:\digistore24-api\tests\Unit\Response\Voucher\GetVoucherResponseTest.php" line="35" class="GoSuccess\Digistore24\Api\Tests\Unit\Response\Voucher\GetVoucherResponseTest" classname="GoSuccess.Digistore24.Api.Tests.Unit.Response.Voucher.GetVoucherResponseTest" assertions="2" time="0.000074"/>
      <testcase name="test_has_raw_response" file="D:\digistore24-api\tests\Unit\Response\Voucher\GetVoucherResponseTest.php" line="57" class="GoSuccess\Digistore24\Api\Tests\Unit\Response\Voucher\GetVoucherResponseTest" classname="GoSuccess.Digistore24.Api.Tests.Unit.Response.Voucher.GetVoucherResponseTest" assertions="1" time="0.000087"/>
    </testsuite>
    <testsuite name="GoSuccess\Digistore24\Api\Tests\Unit\Response\Voucher\ListVouchersResponseTest" file="D:\digistore24-api\tests\Unit\Response\Voucher\ListVouchersResponseTest.php" tests="3" assertions="7" errors="0" failures="0" skipped="0" time="0.000480">
      <testcase name="test_can_create_from_array" file="D:\digistore24-api\tests\Unit\Response\Voucher\ListVouchersResponseTest.php" line="13" class="GoSuccess\Digistore24\Api\Tests\Unit\Response\Voucher\ListVouchersResponseTest" classname="GoSuccess.Digistore24.Api.Tests.Unit.Response.Voucher.ListVouchersResponseTest" assertions="4" time="0.000323"/>
      <testcase name="test_can_create_from_response" file="D:\digistore24-api\tests\Unit\Response\Voucher\ListVouchersResponseTest.php" line="42" class="GoSuccess\Digistore24\Api\Tests\Unit\Response\Voucher\ListVouchersResponseTest" classname="GoSuccess.Digistore24.Api.Tests.Unit.Response.Voucher.ListVouchersResponseTest" assertions="2" time="0.000090"/>
      <testcase name="test_has_raw_response" file="D:\digistore24-api\tests\Unit\Response\Voucher\ListVouchersResponseTest.php" line="66" class="GoSuccess\Digistore24\Api\Tests\Unit\Response\Voucher\ListVouchersResponseTest" classname="GoSuccess.Digistore24.Api.Tests.Unit.Response.Voucher.ListVouchersResponseTest" assertions="1" time="0.000067"/>
    </testsuite>
    <testsuite name="GoSuccess\Digistore24\Api\Tests\Unit\Response\Voucher\UpdateVoucherResponseTest" file="D:\digistore24-api\tests\Unit\Response\Voucher\UpdateVoucherResponseTest.php" tests="3" assertions="5" errors="0" failures="0" skipped="0" time="0.000518">
      <testcase name="test_can_create_from_array" file="D:\digistore24-api\tests\Unit\Response\Voucher\UpdateVoucherResponseTest.php" line="13" class="GoSuccess\Digistore24\Api\Tests\Unit\Response\Voucher\UpdateVoucherResponseTest" classname="GoSuccess.Digistore24.Api.Tests.Unit.Response.Voucher.UpdateVoucherResponseTest" assertions="2" time="0.000364"/>
      <testcase name="test_can_create_from_response" file="D:\digistore24-api\tests\Unit\Response\Voucher\UpdateVoucherResponseTest.php" line="24" class="GoSuccess\Digistore24\Api\Tests\Unit\Response\Voucher\UpdateVoucherResponseTest" classname="GoSuccess.Digistore24.Api.Tests.Unit.Response.Voucher.UpdateVoucherResponseTest" assertions="2" time="0.000083"/>
      <testcase name="test_has_raw_response" file="D:\digistore24-api\tests\Unit\Response\Voucher\UpdateVoucherResponseTest.php" line="41" class="GoSuccess\Digistore24\Api\Tests\Unit\Response\Voucher\UpdateVoucherResponseTest" classname="GoSuccess.Digistore24.Api.Tests.Unit.Response.Voucher.UpdateVoucherResponseTest" assertions="1" time="0.000070"/>
    </testsuite>
    <testsuite name="GoSuccess\Digistore24\Api\Tests\Unit\Utils\ArrayHelperTest" file="D:\digistore24-api\tests\Unit\Utils\ArrayHelperTest.php" tests="12" assertions="36" errors="0" failures="0" skipped="0" time="0.001166">
      <testcase name="testGetRetrievesNestedValue" file="D:\digistore24-api\tests\Unit\Utils\ArrayHelperTest.php" line="15" class="GoSuccess\Digistore24\Api\Tests\Unit\Utils\ArrayHelperTest" classname="GoSuccess.Digistore24.Api.Tests.Unit.Utils.ArrayHelperTest" assertions="2" time="0.000098"/>
      <testcase name="testGetReturnsDefaultForMissingKey" file="D:\digistore24-api\tests\Unit\Utils\ArrayHelperTest.php" line="30" class="GoSuccess\Digistore24\Api\Tests\Unit\Utils\ArrayHelperTest" classname="GoSuccess.Digistore24.Api.Tests.Unit.Utils.ArrayHelperTest" assertions="2" time="0.000099"/>
      <testcase name="testSetCreatesNestedArray" file="D:\digistore24-api\tests\Unit\Utils\ArrayHelperTest.php" line="38" class="GoSuccess\Digistore24\Api\Tests\Unit\Utils\ArrayHelperTest" classname="GoSuccess.Digistore24.Api.Tests.Unit.Utils.ArrayHelperTest" assertions="2" time="0.000088"/>
      <testcase name="testHasChecksNestedKey" file="D:\digistore24-api\tests\Unit\Utils\ArrayHelperTest.php" line="49" class="GoSuccess\Digistore24\Api\Tests\Unit\Utils\ArrayHelperTest" classname="GoSuccess.Digistore24.Api.Tests.Unit.Utils.ArrayHelperTest" assertions="2" time="0.000090"/>
      <testcase name="testKeysToCamelCaseConvertsKeys" file="D:\digistore24-api\tests\Unit\Utils\ArrayHelperTest.php" line="61" class="GoSuccess\Digistore24\Api\Tests\Unit\Utils\ArrayHelperTest" classname="GoSuccess.Digistore24.Api.Tests.Unit.Utils.ArrayHelperTest" assertions="4" time="0.000120"/>
      <testcase name="testKeysToSnakeCaseConvertsKeys" file="D:\digistore24-api\tests\Unit\Utils\ArrayHelperTest.php" line="77" class="GoSuccess\Digistore24\Api\Tests\Unit\Utils\ArrayHelperTest" classname="GoSuccess.Digistore24.Api.Tests.Unit.Utils.ArrayHelperTest" assertions="4" time="0.000128"/>
      <testcase name="testToCamelCaseConvertsString" file="D:\digistore24-api\tests\Unit\Utils\ArrayHelperTest.php" line="93" class="GoSuccess\Digistore24\Api\Tests\Unit\Utils\ArrayHelperTest" classname="GoSuccess.Digistore24.Api.Tests.Unit.Utils.ArrayHelperTest" assertions="3" time="0.000087"/>
      <testcase name="testToSnakeCaseConvertsString" file="D:\digistore24-api\tests\Unit\Utils\ArrayHelperTest.php" line="100" class="GoSuccess\Digistore24\Api\Tests\Unit\Utils\ArrayHelperTest" classname="GoSuccess.Digistore24.Api.Tests.Unit.Utils.ArrayHelperTest" assertions="3" time="0.000084"/>
      <testcase name="testFlattenFlattenNestedArray" file="D:\digistore24-api\tests\Unit\Utils\ArrayHelperTest.php" line="107" class="GoSuccess\Digistore24\Api\Tests\Unit\Utils\ArrayHelperTest" classname="GoSuccess.Digistore24.Api.Tests.Unit.Utils.ArrayHelperTest" assertions="2" time="0.000087"/>
      <testcase name="testRemoveNullsRemovesNullValues" file="D:\digistore24-api\tests\Unit\Utils\ArrayHelperTest.php" line="124" class="GoSuccess\Digistore24\Api\Tests\Unit\Utils\ArrayHelperTest" classname="GoSuccess.Digistore24.Api.Tests.Unit.Utils.ArrayHelperTest" assertions="4" time="0.000095"/>
      <testcase name="testOnlyReturnsOnlySpecifiedKeys" file="D:\digistore24-api\tests\Unit\Utils\ArrayHelperTest.php" line="141" class="GoSuccess\Digistore24\Api\Tests\Unit\Utils\ArrayHelperTest" classname="GoSuccess.Digistore24.Api.Tests.Unit.Utils.ArrayHelperTest" assertions="4" time="0.000098"/>
      <testcase name="testExceptReturnsAllExceptSpecifiedKeys" file="D:\digistore24-api\tests\Unit\Utils\ArrayHelperTest.php" line="158" class="GoSuccess\Digistore24\Api\Tests\Unit\Utils\ArrayHelperTest" classname="GoSuccess.Digistore24.Api.Tests.Unit.Utils.ArrayHelperTest" assertions="4" time="0.000093"/>
    </testsuite>
    <testsuite name="GoSuccess\Digistore24\Api\Tests\Unit\Utils\TypeConverterTest" file="D:\digistore24-api\tests\Unit\Utils\TypeConverterTest.php" tests="18" assertions="36" errors="0" failures="0" skipped="0" time="0.001629">
      <testcase name="testToIntConvertsStringToInteger" file="D:\digistore24-api\tests\Unit\Utils\TypeConverterTest.php" line="15" class="GoSuccess\Digistore24\Api\Tests\Unit\Utils\TypeConverterTest" classname="GoSuccess.Digistore24.Api.Tests.Unit.Utils.TypeConverterTest" assertions="3" time="0.000095"/>
      <testcase name="testToIntReturnsIntegerAsIs" file="D:\digistore24-api\tests\Unit\Utils\TypeConverterTest.php" line="22" class="GoSuccess\Digistore24\Api\Tests\Unit\Utils\TypeConverterTest" classname="GoSuccess.Digistore24.Api.Tests.Unit.Utils.TypeConverterTest" assertions="1" time="0.000081"/>
      <testcase name="testToIntReturnsNullForNull" file="D:\digistore24-api\tests\Unit\Utils\TypeConverterTest.php" line="27" class="GoSuccess\Digistore24\Api\Tests\Unit\Utils\TypeConverterTest" classname="GoSuccess.Digistore24.Api.Tests.Unit.Utils.TypeConverterTest" assertions="1" time="0.000082"/>
      <testcase name="testToFloatConvertsStringToFloat" file="D:\digistore24-api\tests\Unit\Utils\TypeConverterTest.php" line="32" class="GoSuccess\Digistore24\Api\Tests\Unit\Utils\TypeConverterTest" classname="GoSuccess.Digistore24.Api.Tests.Unit.Utils.TypeConverterTest" assertions="3" time="0.000088"/>
      <testcase name="testToFloatReturnsFloatAsIs" file="D:\digistore24-api\tests\Unit\Utils\TypeConverterTest.php" line="39" class="GoSuccess\Digistore24\Api\Tests\Unit\Utils\TypeConverterTest" classname="GoSuccess.Digistore24.Api.Tests.Unit.Utils.TypeConverterTest" assertions="1" time="0.000077"/>
      <testcase name="testToFloatReturnsNullForNull" file="D:\digistore24-api\tests\Unit\Utils\TypeConverterTest.php" line="44" class="GoSuccess\Digistore24\Api\Tests\Unit\Utils\TypeConverterTest" classname="GoSuccess.Digistore24.Api.Tests.Unit.Utils.TypeConverterTest" assertions="1" time="0.000078"/>
      <testcase name="testToBoolConvertsDigistore24Format" file="D:\digistore24-api\tests\Unit\Utils\TypeConverterTest.php" line="49" class="GoSuccess\Digistore24\Api\Tests\Unit\Utils\TypeConverterTest" classname="GoSuccess.Digistore24.Api.Tests.Unit.Utils.TypeConverterTest" assertions="6" time="0.000140"/>
      <testcase name="testToBoolReturnsBoolAsIs" file="D:\digistore24-api\tests\Unit\Utils\TypeConverterTest.php" line="60" class="GoSuccess\Digistore24\Api\Tests\Unit\Utils\TypeConverterTest" classname="GoSuccess.Digistore24.Api.Tests.Unit.Utils.TypeConverterTest" assertions="2" time="0.000084"/>
      <testcase name="testToBoolReturnsNullForNull" file="D:\digistore24-api\tests\Unit\Utils\TypeConverterTest.php" line="66" class="GoSuccess\Digistore24\Api\Tests\Unit\Utils\TypeConverterTest" classname="GoSuccess.Digistore24.Api.Tests.Unit.Utils.TypeConverterTest" assertions="1" time="0.000098"/>
      <testcase name="testToDateTimeConvertsString" file="D:\digistore24-api\tests\Unit\Utils\TypeConverterTest.php" line="71" class="GoSuccess\Digistore24\Api\Tests\Unit\Utils\TypeConverterTest" classname="GoSuccess.Digistore24.Api.Tests.Unit.Utils.TypeConverterTest" assertions="2" time="0.000099"/>
      <testcase name="testToDateTimeReturnsDateTimeAsIs" file="D:\digistore24-api\tests\Unit\Utils\TypeConverterTest.php" line="78" class="GoSuccess\Digistore24\Api\Tests\Unit\Utils\TypeConverterTest" classname="GoSuccess.Digistore24.Api.Tests.Unit.Utils.TypeConverterTest" assertions="1" time="0.000087"/>
      <testcase name="testToDateTimeReturnsNullForNull" file="D:\digistore24-api\tests\Unit\Utils\TypeConverterTest.php" line="84" class="GoSuccess\Digistore24\Api\Tests\Unit\Utils\TypeConverterTest" classname="GoSuccess.Digistore24.Api.Tests.Unit.Utils.TypeConverterTest" assertions="1" time="0.000082"/>
      <testcase name="testToDateTimeConvertsTimestamp" file="D:\digistore24-api\tests\Unit\Utils\TypeConverterTest.php" line="89" class="GoSuccess\Digistore24\Api\Tests\Unit\Utils\TypeConverterTest" classname="GoSuccess.Digistore24.Api.Tests.Unit.Utils.TypeConverterTest" assertions="2" time="0.000095"/>
      <testcase name="testToArrayConvertsJsonString" file="D:\digistore24-api\tests\Unit\Utils\TypeConverterTest.php" line="97" class="GoSuccess\Digistore24\Api\Tests\Unit\Utils\TypeConverterTest" classname="GoSuccess.Digistore24.Api.Tests.Unit.Utils.TypeConverterTest" assertions="5" time="0.000104"/>
      <testcase name="testToArrayReturnsArrayAsIs" file="D:\digistore24-api\tests\Unit\Utils\TypeConverterTest.php" line="140" class="GoSuccess\Digistore24\Api\Tests\Unit\Utils\TypeConverterTest" classname="GoSuccess.Digistore24.Api.Tests.Unit.Utils.TypeConverterTest" assertions="1" time="0.000081"/>
      <testcase name="testToArrayReturnsEmptyArrayForNull" file="D:\digistore24-api\tests\Unit\Utils\TypeConverterTest.php" line="146" class="GoSuccess\Digistore24\Api\Tests\Unit\Utils\TypeConverterTest" classname="GoSuccess.Digistore24.Api.Tests.Unit.Utils.TypeConverterTest" assertions="1" time="0.000089"/>
      <testcase name="testToStringConvertsToString" file="D:\digistore24-api\tests\Unit\Utils\TypeConverterTest.php" line="151" class="GoSuccess\Digistore24\Api\Tests\Unit\Utils\TypeConverterTest" classname="GoSuccess.Digistore24.Api.Tests.Unit.Utils.TypeConverterTest" assertions="3" time="0.000083"/>
      <testcase name="testToStringReturnsEmptyStringForNull" file="D:\digistore24-api\tests\Unit\Utils\TypeConverterTest.php" line="158" class="GoSuccess\Digistore24\Api\Tests\Unit\Utils\TypeConverterTest" classname="GoSuccess.Digistore24.Api.Tests.Unit.Utils.TypeConverterTest" assertions="1" time="0.000085"/>
    </testsuite>
    <testsuite name="GoSuccess\Digistore24\Api\Tests\Unit\Utils\ValidatorTest" file="D:\digistore24-api\tests\Unit\Utils\ValidatorTest.php" tests="12" assertions="45" errors="0" failures="0" skipped="0" time="0.001108">
      <testcase name="testIsEmailValidatesEmailFormat" file="D:\digistore24-api\tests\Unit\Utils\ValidatorTest.php" line="12" class="GoSuccess\Digistore24\Api\Tests\Unit\Utils\ValidatorTest" classname="GoSuccess.Digistore24.Api.Tests.Unit.Utils.ValidatorTest" assertions="5" time="0.000106"/>
      <testcase name="testIsUrlValidatesUrlFormat" file="D:\digistore24-api\tests\Unit\Utils\ValidatorTest.php" line="22" class="GoSuccess\Digistore24\Api\Tests\Unit\Utils\ValidatorTest" classname="GoSuccess.Digistore24.Api.Tests.Unit.Utils.ValidatorTest" assertions="5" time="0.000086"/>
      <testcase name="testIsApiKeyValidatesFormat" file="D:\digistore24-api\tests\Unit\Utils\ValidatorTest.php" line="32" class="GoSuccess\Digistore24\Api\Tests\Unit\Utils\ValidatorTest" classname="GoSuccess.Digistore24.Api.Tests.Unit.Utils.ValidatorTest" assertions="5" time="0.000126"/>
      <testcase name="testIsCountryCodeValidatesFormat" file="D:\digistore24-api\tests\Unit\Utils\ValidatorTest.php" line="42" class="GoSuccess\Digistore24\Api\Tests\Unit\Utils\ValidatorTest" classname="GoSuccess.Digistore24.Api.Tests.Unit.Utils.ValidatorTest" assertions="6" time="0.000103"/>
      <testcase name="testIsCurrencyCodeValidatesFormat" file="D:\digistore24-api\tests\Unit\Utils\ValidatorTest.php" line="53" class="GoSuccess\Digistore24\Api\Tests\Unit\Utils\ValidatorTest" classname="GoSuccess.Digistore24.Api.Tests.Unit.Utils.ValidatorTest" assertions="6" time="0.000095"/>
      <testcase name="testIsLengthValidatesStringLength" file="D:\digistore24-api\tests\Unit\Utils\ValidatorTest.php" line="64" class="GoSuccess\Digistore24\Api\Tests\Unit\Utils\ValidatorTest" classname="GoSuccess.Digistore24.Api.Tests.Unit.Utils.ValidatorTest" assertions="4" time="0.000091"/>
      <testcase name="testValidateWithRequiredRule" file="D:\digistore24-api\tests\Unit\Utils\ValidatorTest.php" line="73" class="GoSuccess\Digistore24\Api\Tests\Unit\Utils\ValidatorTest" classname="GoSuccess.Digistore24.Api.Tests.Unit.Utils.ValidatorTest" assertions="3" time="0.000088"/>
      <testcase name="testValidateWithEmailRule" file="D:\digistore24-api\tests\Unit\Utils\ValidatorTest.php" line="88" class="GoSuccess\Digistore24\Api\Tests\Unit\Utils\ValidatorTest" classname="GoSuccess.Digistore24.Api.Tests.Unit.Utils.ValidatorTest" assertions="3" time="0.000088"/>
      <testcase name="testValidateWithUrlRule" file="D:\digistore24-api\tests\Unit\Utils\ValidatorTest.php" line="106" class="GoSuccess\Digistore24\Api\Tests\Unit\Utils\ValidatorTest" classname="GoSuccess.Digistore24.Api.Tests.Unit.Utils.ValidatorTest" assertions="2" time="0.000080"/>
      <testcase name="testValidateWithMinRule" file="D:\digistore24-api\tests\Unit\Utils\ValidatorTest.php" line="123" class="GoSuccess\Digistore24\Api\Tests\Unit\Utils\ValidatorTest" classname="GoSuccess.Digistore24.Api.Tests.Unit.Utils.ValidatorTest" assertions="2" time="0.000080"/>
      <testcase name="testValidateWithMaxRule" file="D:\digistore24-api\tests\Unit\Utils\ValidatorTest.php" line="140" class="GoSuccess\Digistore24\Api\Tests\Unit\Utils\ValidatorTest" classname="GoSuccess.Digistore24.Api.Tests.Unit.Utils.ValidatorTest" assertions="2" time="0.000079"/>
      <testcase name="testValidateWithMultipleRules" file="D:\digistore24-api\tests\Unit\Utils\ValidatorTest.php" line="157" class="GoSuccess\Digistore24\Api\Tests\Unit\Utils\ValidatorTest" classname="GoSuccess.Digistore24.Api.Tests.Unit.Utils.ValidatorTest" assertions="2" time="0.000085"/>
    </testsuite>
  </testsuite>
</testsuites>
